// Jest Snapshot v1, https://goo.gl/fbAQLP

exports[`matches snapshot 1`] = `
<Text
  style={
    Object {
      "alignSelf": "center",
      "color": "#3183ff",
      "fontSize": 82.1917808219178,
      "fontWeight": "bold",
      "marginTop": 50,
    }
  }
>
  Login
</Text>
`;
