// Jest Snapshot v1, https://goo.gl/fbAQLP

exports[`ActiveGamesScreen renders 1`] = `
<RCTSafeAreaView
  style={
    {
      "backgroundColor": "#303030",
      "height": "100%",
    }
  }
>
  <View
    style={
      {
        "alignSelf": "center",
        "width": "80%",
      }
    }
  >
    <RCTScrollView
      data={
        [
          {
            "_id": "game1",
            "creator": {
              "_id": "testid",
              "firstName": "first",
              "lastName": "last",
              "username": "testuser",
            },
            "floaterTimeout": true,
            "halfScore": 8,
            "hardcapMins": 90,
            "offline": false,
            "playersPerPoint": 7,
            "points": [],
            "resolveCode": "111111",
            "scoreLimit": 15,
            "softcapMins": 75,
            "startTime": 2022-10-12T00:00:00.000Z,
            "teamOne": {
              "_id": "team1",
              "name": "Temper",
              "place": "Pittsburgh",
              "seasonEnd": "2022",
              "seasonStart": "2022",
              "teamname": "pghtemper",
            },
            "teamOneActive": true,
            "teamOnePlayers": [],
            "teamOneScore": 3,
            "teamOneStatus": "active",
            "teamTwo": {
              "name": "Sockeye",
            },
            "teamTwoActive": false,
            "teamTwoDefined": false,
            "teamTwoPlayers": [],
            "teamTwoScore": 0,
            "teamTwoStatus": "guest",
            "timeoutPerHalf": 1,
            "totalViews": 0,
            "tournament": {
              "_id": "tourney1",
              "endDate": "2022-10-23",
              "eventId": "nationals22",
              "name": "Club Nationals 2022",
              "startDate": "2022-10-20",
            },
          },
          {
            "_id": "game1",
            "creator": {
              "_id": "otheruser",
              "firstName": "first",
              "lastName": "last",
              "username": "testuser",
            },
            "floaterTimeout": true,
            "halfScore": 8,
            "hardcapMins": 90,
            "offline": false,
            "playersPerPoint": 7,
            "points": [],
            "resolveCode": "111111",
            "scoreLimit": 15,
            "softcapMins": 75,
            "startTime": 2022-10-12T00:00:00.000Z,
            "teamOne": {
              "_id": "team1",
              "name": "Temper",
              "place": "Pittsburgh",
              "seasonEnd": "2022",
              "seasonStart": "2022",
              "teamname": "pghtemper",
            },
            "teamOneActive": true,
            "teamOnePlayers": [],
            "teamOneScore": 3,
            "teamOneStatus": "active",
            "teamTwo": {
              "name": "Sockeye",
            },
            "teamTwoActive": false,
            "teamTwoDefined": false,
            "teamTwoPlayers": [],
            "teamTwoScore": 0,
            "teamTwoStatus": "guest",
            "timeoutPerHalf": 1,
            "totalViews": 0,
            "tournament": {
              "_id": "tourney1",
              "endDate": "2022-10-23",
              "eventId": "nationals22",
              "name": "Club Nationals 2022",
              "startDate": "2022-10-20",
            },
          },
        ]
      }
      getItem={[Function]}
      getItemCount={[Function]}
      keyExtractor={[Function]}
      onContentSizeChange={[Function]}
      onLayout={[Function]}
      onMomentumScrollBegin={[Function]}
      onMomentumScrollEnd={[Function]}
      onScroll={[Function]}
      onScrollBeginDrag={[Function]}
      onScrollEndDrag={[Function]}
      removeClippedSubviews={false}
      renderItem={[Function]}
      scrollEventThrottle={50}
      stickyHeaderIndices={[]}
      style={
        {
          "marginTop": 10,
        }
      }
      viewabilityConfigCallbackPairs={[]}
    >
      <View>
        <View
          onFocusCapture={[Function]}
          onLayout={[Function]}
          style={null}
        >
          <View>
            <View
              style={
                {
                  "display": "flex",
                  "flexDirection": "row",
                  "marginBottom": 5,
                }
              }
            >
              <View
                style={
                  {
                    "alignSelf": "center",
                    "flex": 1,
                  }
                }
              >
                <View
                  accessibilityState={
                    {
                      "busy": undefined,
                      "checked": undefined,
                      "disabled": undefined,
                      "expanded": undefined,
                      "selected": undefined,
                    }
                  }
                  accessibilityValue={
                    {
                      "max": undefined,
                      "min": undefined,
                      "now": undefined,
                      "text": undefined,
                    }
                  }
                  accessible={true}
                  collapsable={false}
                  focusable={true}
                  onClick={[Function]}
                  onResponderGrant={[Function]}
                  onResponderMove={[Function]}
                  onResponderRelease={[Function]}
                  onResponderTerminate={[Function]}
                  onResponderTerminationRequest={[Function]}
                  onStartShouldSetResponder={[Function]}
                  style={
                    {
                      "opacity": 1,
                    }
                  }
                >
                  <Text
                    style={
                      {
                        "color": "#CEC6B4",
                        "fontSize": 41.0958904109589,
                        "fontWeight": "bold",
                      }
                    }
                  >
                    vs. Sockeye
                  </Text>
                  <Text
                    style={
                      {
                        "color": "#ffd600",
                        "fontSize": 20.54794520547945,
                        "fontWeight": "bold",
                      }
                    }
                  >
                    3 - 0
                  </Text>
                </View>
              </View>
              <View
                collapsable={false}
                style={
                  {
                    "backgroundColor": "transparent",
                    "borderRadius": 20,
                    "height": 40,
                    "margin": 6,
                    "shadowColor": "#000",
                    "shadowOffset": {
                      "height": 0,
                      "width": 0,
                    },
                    "shadowOpacity": 0,
                    "shadowRadius": 0,
                    "width": 40,
                  }
                }
                testID="delete-button-container-outer-layer"
              >
                <View
                  collapsable={false}
                  style={
                    {
                      "alignItems": "center",
                      "backgroundColor": "transparent",
                      "borderColor": "rgba(121, 116, 126, 1)",
                      "borderRadius": 20,
                      "borderWidth": 0,
                      "elevation": 0,
                      "flex": 1,
                      "justifyContent": "center",
                      "overflow": "hidden",
                      "shadowColor": "#000",
                      "shadowOffset": {
                        "height": 0,
                        "width": 0,
                      },
                      "shadowOpacity": 0,
                      "shadowRadius": 0,
                    }
                  }
                  testID="delete-button-container"
                >
                  <View
                    accessibilityComponentType="button"
                    accessibilityRole="button"
                    accessibilityState={
                      {
                        "busy": undefined,
                        "checked": undefined,
                        "disabled": false,
                        "expanded": undefined,
                        "selected": undefined,
                      }
                    }
                    accessibilityTraits="button"
                    accessibilityValue={
                      {
                        "max": undefined,
                        "min": undefined,
                        "now": undefined,
                        "text": undefined,
                      }
                    }
                    accessible={true}
                    centered={true}
                    collapsable={false}
                    focusable={true}
                    hitSlop={
                      {
                        "bottom": 6,
                        "left": 6,
                        "right": 6,
                        "top": 6,
                      }
                    }
                    onBlur={[Function]}
                    onClick={[Function]}
                    onFocus={[Function]}
                    onResponderGrant={[Function]}
                    onResponderMove={[Function]}
                    onResponderRelease={[Function]}
                    onResponderTerminate={[Function]}
                    onResponderTerminationRequest={[Function]}
                    onStartShouldSetResponder={[Function]}
                    style={
                      [
                        {
                          "overflow": "hidden",
                        },
                        [
                          {
                            "alignItems": "center",
                            "flexGrow": 1,
                            "justifyContent": "center",
                          },
                          {
                            "borderRadius": 20,
                          },
                        ],
                      ]
                    }
                    testID="delete-button"
                  >
                    <Text
                      accessibilityElementsHidden={true}
                      allowFontScaling={false}
                      importantForAccessibility="no-hide-descendants"
                      pointerEvents="none"
                      selectable={false}
                      style={
                        [
                          {
                            "color": "#FFB4AB",
                            "fontSize": 24,
                          },
                          [
                            {
                              "lineHeight": 24,
                              "transform": [
                                {
                                  "scaleX": 1,
                                },
                              ],
                            },
                            {
                              "backgroundColor": "transparent",
                            },
                          ],
                          {
                            "fontFamily": "Material Design Icons",
                            "fontStyle": "normal",
                            "fontWeight": "normal",
                          },
                          {},
                        ]
                      }
                    >
                      󰅖
                    </Text>
                  </View>
                </View>
              </View>
              <View
                collapsable={false}
                style={
                  {
                    "backgroundColor": "transparent",
                    "borderRadius": 20,
                    "height": 40,
                    "margin": 6,
                    "shadowColor": "#000",
                    "shadowOffset": {
                      "height": 0,
                      "width": 0,
                    },
                    "shadowOpacity": 0,
                    "shadowRadius": 0,
                    "width": 40,
                  }
                }
                testID="go-button-container-outer-layer"
              >
                <View
                  collapsable={false}
                  style={
                    {
                      "alignItems": "center",
                      "backgroundColor": "transparent",
                      "borderColor": "rgba(121, 116, 126, 1)",
                      "borderRadius": 20,
                      "borderWidth": 0,
                      "elevation": 0,
                      "flex": 1,
                      "justifyContent": "center",
                      "overflow": "hidden",
                      "shadowColor": "#000",
                      "shadowOffset": {
                        "height": 0,
                        "width": 0,
                      },
                      "shadowOpacity": 0,
                      "shadowRadius": 0,
                    }
                  }
                  testID="go-button-container"
                >
                  <View
                    accessibilityComponentType="button"
                    accessibilityRole="button"
                    accessibilityState={
                      {
                        "busy": undefined,
                        "checked": undefined,
                        "disabled": false,
                        "expanded": undefined,
                        "selected": undefined,
                      }
                    }
                    accessibilityTraits="button"
                    accessibilityValue={
                      {
                        "max": undefined,
                        "min": undefined,
                        "now": undefined,
                        "text": undefined,
                      }
                    }
                    accessible={true}
                    centered={true}
                    collapsable={false}
                    focusable={true}
                    hitSlop={
                      {
                        "bottom": 6,
                        "left": 6,
                        "right": 6,
                        "top": 6,
                      }
                    }
                    onBlur={[Function]}
                    onClick={[Function]}
                    onFocus={[Function]}
                    onResponderGrant={[Function]}
                    onResponderMove={[Function]}
                    onResponderRelease={[Function]}
                    onResponderTerminate={[Function]}
                    onResponderTerminationRequest={[Function]}
                    onStartShouldSetResponder={[Function]}
                    style={
                      [
                        {
                          "overflow": "hidden",
                        },
                        [
                          {
                            "alignItems": "center",
                            "flexGrow": 1,
                            "justifyContent": "center",
                          },
                          {
                            "borderRadius": 20,
                          },
                        ],
                      ]
                    }
                    testID="go-button"
                  >
                    <Text
                      accessibilityElementsHidden={true}
                      allowFontScaling={false}
                      importantForAccessibility="no-hide-descendants"
                      pointerEvents="none"
                      selectable={false}
                      style={
                        [
                          {
                            "color": "#ffd600",
                            "fontSize": 24,
                          },
                          [
                            {
                              "lineHeight": 24,
                              "transform": [
                                {
                                  "scaleX": 1,
                                },
                              ],
                            },
                            {
                              "backgroundColor": "transparent",
                            },
                          ],
                          {
                            "fontFamily": "Material Design Icons",
                            "fontStyle": "normal",
                            "fontWeight": "normal",
                          },
                          {},
                        ]
                      }
                    >
                      󰅂
                    </Text>
                  </View>
                </View>
              </View>
            </View>
          </View>
        </View>
        <View
          onFocusCapture={[Function]}
          onLayout={[Function]}
          style={null}
        >
          <View>
            <View
              style={
                {
                  "display": "flex",
                  "flexDirection": "row",
                  "marginBottom": 5,
                }
              }
            >
              <View
                style={
                  {
                    "alignSelf": "center",
                    "flex": 1,
                  }
                }
              >
                <View
                  accessibilityState={
                    {
                      "busy": undefined,
                      "checked": undefined,
                      "disabled": undefined,
                      "expanded": undefined,
                      "selected": undefined,
                    }
                  }
                  accessibilityValue={
                    {
                      "max": undefined,
                      "min": undefined,
                      "now": undefined,
                      "text": undefined,
                    }
                  }
                  accessible={true}
                  collapsable={false}
                  focusable={true}
                  onClick={[Function]}
                  onResponderGrant={[Function]}
                  onResponderMove={[Function]}
                  onResponderRelease={[Function]}
                  onResponderTerminate={[Function]}
                  onResponderTerminationRequest={[Function]}
                  onStartShouldSetResponder={[Function]}
                  style={
                    {
                      "opacity": 1,
                    }
                  }
                >
                  <Text
                    style={
                      {
                        "color": "#CEC6B4",
                        "fontSize": 41.0958904109589,
                        "fontWeight": "bold",
                      }
                    }
                  >
                    Temper
                     vs. 
                    Sockeye
                  </Text>
                  <Text
                    style={
                      {
                        "color": "#ffd600",
                        "fontSize": 20.54794520547945,
                        "fontWeight": "bold",
                      }
                    }
                  >
                    3 - 0
                  </Text>
                </View>
              </View>
              <View
                collapsable={false}
                style={
                  {
                    "backgroundColor": "transparent",
                    "borderRadius": 20,
                    "height": 40,
                    "margin": 6,
                    "shadowColor": "#000",
                    "shadowOffset": {
                      "height": 0,
                      "width": 0,
                    },
                    "shadowOpacity": 0,
                    "shadowRadius": 0,
                    "width": 40,
                  }
                }
                testID="delete-button-container-outer-layer"
              >
                <View
                  collapsable={false}
                  style={
                    {
                      "alignItems": "center",
                      "backgroundColor": "transparent",
                      "borderColor": "rgba(121, 116, 126, 1)",
                      "borderRadius": 20,
                      "borderWidth": 0,
                      "elevation": 0,
                      "flex": 1,
                      "justifyContent": "center",
                      "overflow": "hidden",
                      "shadowColor": "#000",
                      "shadowOffset": {
                        "height": 0,
                        "width": 0,
                      },
                      "shadowOpacity": 0,
                      "shadowRadius": 0,
                    }
                  }
                  testID="delete-button-container"
                >
                  <View
                    accessibilityComponentType="button"
                    accessibilityRole="button"
                    accessibilityState={
                      {
                        "busy": undefined,
                        "checked": undefined,
                        "disabled": false,
                        "expanded": undefined,
                        "selected": undefined,
                      }
                    }
                    accessibilityTraits="button"
                    accessibilityValue={
                      {
                        "max": undefined,
                        "min": undefined,
                        "now": undefined,
                        "text": undefined,
                      }
                    }
                    accessible={true}
                    centered={true}
                    collapsable={false}
                    focusable={true}
                    hitSlop={
                      {
                        "bottom": 6,
                        "left": 6,
                        "right": 6,
                        "top": 6,
                      }
                    }
                    onBlur={[Function]}
                    onClick={[Function]}
                    onFocus={[Function]}
                    onResponderGrant={[Function]}
                    onResponderMove={[Function]}
                    onResponderRelease={[Function]}
                    onResponderTerminate={[Function]}
                    onResponderTerminationRequest={[Function]}
                    onStartShouldSetResponder={[Function]}
                    style={
                      [
                        {
                          "overflow": "hidden",
                        },
                        [
                          {
                            "alignItems": "center",
                            "flexGrow": 1,
                            "justifyContent": "center",
                          },
                          {
                            "borderRadius": 20,
                          },
                        ],
                      ]
                    }
                    testID="delete-button"
                  >
                    <Text
                      accessibilityElementsHidden={true}
                      allowFontScaling={false}
                      importantForAccessibility="no-hide-descendants"
                      pointerEvents="none"
                      selectable={false}
                      style={
                        [
                          {
                            "color": "#FFB4AB",
                            "fontSize": 24,
                          },
                          [
                            {
                              "lineHeight": 24,
                              "transform": [
                                {
                                  "scaleX": 1,
                                },
                              ],
                            },
                            {
                              "backgroundColor": "transparent",
                            },
                          ],
                          {
                            "fontFamily": "Material Design Icons",
                            "fontStyle": "normal",
                            "fontWeight": "normal",
                          },
                          {},
                        ]
                      }
                    >
                      󰅖
                    </Text>
                  </View>
                </View>
              </View>
              <View
                collapsable={false}
                style={
                  {
                    "backgroundColor": "transparent",
                    "borderRadius": 20,
                    "height": 40,
                    "margin": 6,
                    "shadowColor": "#000",
                    "shadowOffset": {
                      "height": 0,
                      "width": 0,
                    },
                    "shadowOpacity": 0,
                    "shadowRadius": 0,
                    "width": 40,
                  }
                }
                testID="go-button-container-outer-layer"
              >
                <View
                  collapsable={false}
                  style={
                    {
                      "alignItems": "center",
                      "backgroundColor": "transparent",
                      "borderColor": "rgba(121, 116, 126, 1)",
                      "borderRadius": 20,
                      "borderWidth": 0,
                      "elevation": 0,
                      "flex": 1,
                      "justifyContent": "center",
                      "overflow": "hidden",
                      "shadowColor": "#000",
                      "shadowOffset": {
                        "height": 0,
                        "width": 0,
                      },
                      "shadowOpacity": 0,
                      "shadowRadius": 0,
                    }
                  }
                  testID="go-button-container"
                >
                  <View
                    accessibilityComponentType="button"
                    accessibilityRole="button"
                    accessibilityState={
                      {
                        "busy": undefined,
                        "checked": undefined,
                        "disabled": false,
                        "expanded": undefined,
                        "selected": undefined,
                      }
                    }
                    accessibilityTraits="button"
                    accessibilityValue={
                      {
                        "max": undefined,
                        "min": undefined,
                        "now": undefined,
                        "text": undefined,
                      }
                    }
                    accessible={true}
                    centered={true}
                    collapsable={false}
                    focusable={true}
                    hitSlop={
                      {
                        "bottom": 6,
                        "left": 6,
                        "right": 6,
                        "top": 6,
                      }
                    }
                    onBlur={[Function]}
                    onClick={[Function]}
                    onFocus={[Function]}
                    onResponderGrant={[Function]}
                    onResponderMove={[Function]}
                    onResponderRelease={[Function]}
                    onResponderTerminate={[Function]}
                    onResponderTerminationRequest={[Function]}
                    onStartShouldSetResponder={[Function]}
                    style={
                      [
                        {
                          "overflow": "hidden",
                        },
                        [
                          {
                            "alignItems": "center",
                            "flexGrow": 1,
                            "justifyContent": "center",
                          },
                          {
                            "borderRadius": 20,
                          },
                        ],
                      ]
                    }
                    testID="go-button"
                  >
                    <Text
                      accessibilityElementsHidden={true}
                      allowFontScaling={false}
                      importantForAccessibility="no-hide-descendants"
                      pointerEvents="none"
                      selectable={false}
                      style={
                        [
                          {
                            "color": "#ffd600",
                            "fontSize": 24,
                          },
                          [
                            {
                              "lineHeight": 24,
                              "transform": [
                                {
                                  "scaleX": 1,
                                },
                              ],
                            },
                            {
                              "backgroundColor": "transparent",
                            },
                          ],
                          {
                            "fontFamily": "Material Design Icons",
                            "fontStyle": "normal",
                            "fontWeight": "normal",
                          },
                          {},
                        ]
                      }
                    >
                      󰅂
                    </Text>
                  </View>
                </View>
              </View>
            </View>
          </View>
        </View>
      </View>
    </RCTScrollView>
    <Modal
      animationType="slide"
      hardwareAccelerated={false}
      onRequestClose={[Function]}
      testID="base-modal"
      transparent={true}
      visible={false}
    />
  </View>
</RCTSafeAreaView>
`;
