// Jest Snapshot v1, https://goo.gl/fbAQLP

exports[`should handle swipe to refresh 1`] = `null`;

exports[`should match snapshot 1`] = `
<RCTSafeAreaView
  emulateUnlessSupported={true}
  style={
    Object {
      "backgroundColor": "#303030",
      "flex": 1,
      "height": "100%",
    }
  }
>
  <RCTScrollView
    refreshControl={
      <RefreshControlMock
        colors={
          Array [
            "#31adff",
          ]
        }
        onRefresh={[Function]}
        refreshing={false}
      />
    }
    testID="mtd-flat-list"
  >
    <RCTRefreshControl />
    <View>
      <View
        style={
          Object {
            "alignItems": "center",
          }
        }
      >
        <Text
          numberOfLines={1}
          style={
            Array [
              Object {
                "color": "#ffd600",
                "fontSize": 61.64383561643835,
                "fontWeight": "bold",
              },
              Object {
                "textAlign": "center",
              },
            ]
          }
        >
          place name
        </Text>
        <Text
          style={
            Object {
              "color": "#ffd600",
              "fontSize": 30.821917808219176,
              "fontWeight": "600",
              "marginBottom": 5,
              "textAlign": "center",
            }
          }
        >
          2022
        </Text>
        <Text
          style={
            Object {
              "color": "#ffd600",
              "fontSize": 30.821917808219176,
              "marginBottom": 5,
              "textAlign": "center",
            }
          }
        >
          @
          placename
        </Text>
        <View
          collapsable={false}
          style={
            Object {
              "backgroundColor": "#ffd600",
              "borderColor": "transparent",
              "borderRadius": 4,
              "borderStyle": "solid",
              "borderWidth": 0,
              "elevation": 2,
              "minWidth": "auto",
              "shadowColor": "#000000",
              "shadowOffset": Object {
                "height": 0.75,
                "width": 0,
              },
              "shadowOpacity": 0.24,
              "shadowRadius": 1.5,
            }
          }
        >
          <View
            accessibilityRole="button"
            accessibilityState={
              Object {
                "disabled": false,
              }
            }
            accessible={true}
            focusable={true}
            onClick={[Function]}
            onResponderGrant={[Function]}
            onResponderMove={[Function]}
            onResponderRelease={[Function]}
            onResponderTerminate={[Function]}
            onResponderTerminationRequest={[Function]}
            onStartShouldSetResponder={[Function]}
            style={
              Array [
                Object {
                  "overflow": "hidden",
                },
                Object {
                  "borderRadius": 4,
                },
              ]
            }
          >
            <View
              style={
                Array [
                  Object {
                    "alignItems": "center",
                    "flexDirection": "row",
                    "justifyContent": "center",
                  },
                  undefined,
                ]
              }
            >
              <Text
                numberOfLines={1}
                selectable={false}
                style={
                  Array [
                    Object {
                      "color": "#000000",
                      "fontFamily": "System",
                      "fontWeight": "400",
                    },
                    Object {
                      "textAlign": "left",
                    },
                    Array [
                      Object {
                        "letterSpacing": 1,
                        "marginHorizontal": 16,
                        "marginVertical": 9,
                        "textAlign": "center",
                      },
                      Object {
                        "marginHorizontal": 8,
                      },
                      Object {
                        "textTransform": "uppercase",
                      },
                      Object {
                        "color": "#000000",
                        "fontFamily": "System",
                        "fontWeight": "500",
                      },
                      Object {
                        "fontFamily": "System",
                        "fontWeight": "500",
                      },
                      undefined,
                    ],
                  ]
                }
              >
                manage requests
              </Text>
            </View>
          </View>
        </View>
        <View
          collapsable={false}
          style={
            Object {
              "backgroundColor": "transparent",
              "borderColor": "#ffd600",
              "borderRadius": 4,
              "borderStyle": "solid",
              "borderWidth": 0.5,
              "elevation": 0,
              "marginTop": 10,
              "minWidth": 64,
            }
          }
        >
          <View
            accessibilityRole="button"
            accessibilityState={
              Object {
                "disabled": false,
              }
            }
            accessible={true}
            focusable={true}
            onClick={[Function]}
            onResponderGrant={[Function]}
            onResponderMove={[Function]}
            onResponderRelease={[Function]}
            onResponderTerminate={[Function]}
            onResponderTerminationRequest={[Function]}
            onStartShouldSetResponder={[Function]}
            style={
              Array [
                Object {
                  "overflow": "hidden",
                },
                Object {
                  "borderRadius": 4,
                },
              ]
            }
          >
            <View
              style={
                Array [
                  Object {
                    "alignItems": "center",
                    "flexDirection": "row",
                    "justifyContent": "center",
                  },
                  undefined,
                ]
              }
            >
              <Text
                numberOfLines={1}
                selectable={false}
                style={
                  Array [
                    Object {
                      "color": "#000000",
                      "fontFamily": "System",
                      "fontWeight": "400",
                    },
                    Object {
                      "textAlign": "left",
                    },
                    Array [
                      Object {
                        "letterSpacing": 1,
                        "marginHorizontal": 16,
                        "marginVertical": 9,
                        "textAlign": "center",
                      },
                      undefined,
                      Object {
                        "textTransform": "uppercase",
                      },
                      Object {
                        "color": "#ffd600",
                        "fontFamily": "System",
                        "fontWeight": "500",
                      },
                      Object {
                        "fontFamily": "System",
                        "fontWeight": "500",
                      },
                      undefined,
                    ],
                  ]
                }
              >
                Start New Season
              </Text>
            </View>
          </View>
        </View>
      </View>
      <View
        style={
          Object {
            "alignSelf": "center",
            "width": "75%",
          }
        }
      >
        <View
          style={
            Object {
              "width": "100%",
            }
          }
        >
          <View
            style={
              Object {
                "display": "flex",
                "flex": 1,
                "flexDirection": "row",
              }
            }
          >
            <Text
              style={
                Object {
                  "color": "#ffd600",
                  "flex": 1,
                  "fontSize": 61.64383561643835,
                  "fontWeight": "bold",
                  "marginBottom": 10,
                }
              }
            >
              Managers
            </Text>
            <View
              accessibilityRole="button"
              accessibilityState={
                Object {
                  "disabled": false,
                }
              }
              accessible={true}
              focusable={true}
              hitSlop={
                Object {
                  "bottom": 6,
                  "left": 6,
                  "right": 6,
                  "top": 6,
                }
              }
              onClick={[Function]}
              onResponderGrant={[Function]}
              onResponderMove={[Function]}
              onResponderRelease={[Function]}
              onResponderTerminate={[Function]}
              onResponderTerminationRequest={[Function]}
              onStartShouldSetResponder={[Function]}
              style={
                Array [
                  Object {
                    "overflow": "hidden",
                  },
                  Array [
                    Object {
                      "alignItems": "center",
                      "justifyContent": "center",
                      "margin": 6,
                      "overflow": "hidden",
                    },
                    Object {
                      "borderRadius": 18,
                      "height": 36,
                      "width": 36,
                    },
                    undefined,
                    Object {
                      "backgroundColor": "#ffd600",
                      "borderRadius": 5,
                      "display": "flex",
                      "flexWrap": "nowrap",
                    },
                  ],
                ]
              }
              testID="create-button"
            >
              <View>
                <Text
                  accessibilityElementsHidden={true}
                  allowFontScaling={false}
                  importantForAccessibility="no-hide-descendants"
                  pointerEvents="none"
                  selectable={false}
                  style={
                    Array [
                      Object {
                        "color": "#303030",
                        "fontSize": 24,
                      },
                      Array [
                        Object {
                          "lineHeight": 24,
                          "transform": Array [
                            Object {
                              "scaleX": 1,
                            },
                          ],
                        },
                        Object {
                          "backgroundColor": "transparent",
                        },
                      ],
                      Object {
                        "fontFamily": "Material Design Icons",
                        "fontStyle": "normal",
                        "fontWeight": "normal",
                      },
                      Object {},
                    ]
                  }
                >
                  󰐕
                </Text>
              </View>
            </View>
          </View>
          <View
            style={
              Object {
                "display": "flex",
                "flexDirection": "row",
                "marginBottom": 5,
              }
            }
          >
            <View
              style={
                Object {
                  "alignSelf": "center",
                  "flex": 1,
                }
              }
            >
              <View
                accessible={true}
                collapsable={false}
                focusable={true}
                onClick={[Function]}
                onResponderGrant={[Function]}
                onResponderMove={[Function]}
                onResponderRelease={[Function]}
                onResponderTerminate={[Function]}
                onResponderTerminationRequest={[Function]}
                onStartShouldSetResponder={[Function]}
                style={
                  Object {
                    "opacity": 1,
                  }
                }
              >
                <Text
                  style={
                    Object {
                      "color": "#ababab",
                      "fontSize": 41.0958904109589,
                      "fontWeight": "bold",
                    }
                  }
                >
                  first4 last4
                </Text>
                <Text
                  style={
                    Object {
                      "color": "#ffd600",
                      "fontSize": 30.821917808219176,
                      "fontWeight": "normal",
                    }
                  }
                >
                  @
                  first4last4
                </Text>
              </View>
            </View>
            <View
              accessibilityRole="button"
              accessibilityState={
                Object {
                  "disabled": false,
                }
              }
              accessible={true}
              focusable={true}
              hitSlop={
                Object {
                  "bottom": 6,
                  "left": 6,
                  "right": 6,
                  "top": 6,
                }
              }
              onClick={[Function]}
              onResponderGrant={[Function]}
              onResponderMove={[Function]}
              onResponderRelease={[Function]}
              onResponderTerminate={[Function]}
              onResponderTerminationRequest={[Function]}
              onStartShouldSetResponder={[Function]}
              style={
                Array [
                  Object {
                    "overflow": "hidden",
                  },
                  Array [
                    Object {
                      "alignItems": "center",
                      "justifyContent": "center",
                      "margin": 6,
                      "overflow": "hidden",
                    },
                    Object {
                      "borderRadius": 18,
                      "height": 36,
                      "width": 36,
                    },
                    undefined,
                    Object {
                      "alignItems": "center",
                      "justifyContent": "center",
                    },
                  ],
                ]
              }
              testID="go-button"
            >
              <View>
                <Text
                  accessibilityElementsHidden={true}
                  allowFontScaling={false}
                  importantForAccessibility="no-hide-descendants"
                  pointerEvents="none"
                  selectable={false}
                  style={
                    Array [
                      Object {
                        "color": "#ffd600",
                        "fontSize": 24,
                      },
                      Array [
                        Object {
                          "lineHeight": 24,
                          "transform": Array [
                            Object {
                              "scaleX": 1,
                            },
                          ],
                        },
                        Object {
                          "backgroundColor": "transparent",
                        },
                      ],
                      Object {
                        "fontFamily": "Material Design Icons",
                        "fontStyle": "normal",
                        "fontWeight": "normal",
                      },
                      Object {},
                    ]
                  }
                >
                  󰅂
                </Text>
              </View>
            </View>
          </View>
        </View>
        <View
          style={
            Object {
              "width": "100%",
            }
          }
        >
          <View
            style={
              Object {
                "display": "flex",
                "flex": 1,
                "flexDirection": "row",
              }
            }
          >
            <Text
              style={
                Object {
                  "color": "#ffd600",
                  "flex": 1,
                  "fontSize": 61.64383561643835,
                  "fontWeight": "bold",
                  "marginBottom": 10,
                }
              }
            >
              Players
            </Text>
            <View
              accessibilityRole="button"
              accessibilityState={
                Object {
                  "disabled": false,
                }
              }
              accessible={true}
              focusable={true}
              hitSlop={
                Object {
                  "bottom": 6,
                  "left": 6,
                  "right": 6,
                  "top": 6,
                }
              }
              onClick={[Function]}
              onResponderGrant={[Function]}
              onResponderMove={[Function]}
              onResponderRelease={[Function]}
              onResponderTerminate={[Function]}
              onResponderTerminationRequest={[Function]}
              onStartShouldSetResponder={[Function]}
              style={
                Array [
                  Object {
                    "overflow": "hidden",
                  },
                  Array [
                    Object {
                      "alignItems": "center",
                      "justifyContent": "center",
                      "margin": 6,
                      "overflow": "hidden",
                    },
                    Object {
                      "borderRadius": 18,
                      "height": 36,
                      "width": 36,
                    },
                    undefined,
                    Object {
                      "backgroundColor": "#ffd600",
                      "borderRadius": 5,
                      "display": "flex",
                      "flexWrap": "nowrap",
                    },
                  ],
                ]
              }
              testID="create-button"
            >
              <View>
                <Text
                  accessibilityElementsHidden={true}
                  allowFontScaling={false}
                  importantForAccessibility="no-hide-descendants"
                  pointerEvents="none"
                  selectable={false}
                  style={
                    Array [
                      Object {
                        "color": "#303030",
                        "fontSize": 24,
                      },
                      Array [
                        Object {
                          "lineHeight": 24,
                          "transform": Array [
                            Object {
                              "scaleX": 1,
                            },
                          ],
                        },
                        Object {
                          "backgroundColor": "transparent",
                        },
                      ],
                      Object {
                        "fontFamily": "Material Design Icons",
                        "fontStyle": "normal",
                        "fontWeight": "normal",
                      },
                      Object {},
                    ]
                  }
                >
                  󰐕
                </Text>
              </View>
            </View>
          </View>
          <View
            style={
              Object {
                "display": "flex",
                "flexDirection": "row",
                "marginBottom": 5,
              }
            }
          >
            <View
              style={
                Object {
                  "alignSelf": "center",
                  "flex": 1,
                }
              }
            >
              <View
                accessible={true}
                collapsable={false}
                focusable={true}
                onClick={[Function]}
                onResponderGrant={[Function]}
                onResponderMove={[Function]}
                onResponderRelease={[Function]}
                onResponderTerminate={[Function]}
                onResponderTerminationRequest={[Function]}
                onStartShouldSetResponder={[Function]}
                style={
                  Object {
                    "opacity": 1,
                  }
                }
              >
                <Text
                  style={
                    Object {
                      "color": "#ababab",
                      "fontSize": 41.0958904109589,
                      "fontWeight": "bold",
                    }
                  }
                >
                  first1 last1
                </Text>
                <Text
                  style={
                    Object {
                      "color": "#ffd600",
                      "fontSize": 30.821917808219176,
                      "fontWeight": "normal",
                    }
                  }
                >
                  @
                  first1last1
                </Text>
              </View>
            </View>
            <View
              accessibilityRole="button"
              accessibilityState={
                Object {
                  "disabled": false,
                }
              }
              accessible={true}
              focusable={true}
              hitSlop={
                Object {
                  "bottom": 6,
                  "left": 6,
                  "right": 6,
                  "top": 6,
                }
              }
              onClick={[Function]}
              onResponderGrant={[Function]}
              onResponderMove={[Function]}
              onResponderRelease={[Function]}
              onResponderTerminate={[Function]}
              onResponderTerminationRequest={[Function]}
              onStartShouldSetResponder={[Function]}
              style={
                Array [
                  Object {
                    "overflow": "hidden",
                  },
                  Array [
                    Object {
                      "alignItems": "center",
                      "justifyContent": "center",
                      "margin": 6,
                      "overflow": "hidden",
                    },
                    Object {
                      "borderRadius": 18,
                      "height": 36,
                      "width": 36,
                    },
                    undefined,
                    Object {
                      "alignItems": "center",
                      "justifyContent": "center",
                    },
                  ],
                ]
              }
              testID="delete-button"
            >
              <View>
                <Text
                  accessibilityElementsHidden={true}
                  allowFontScaling={false}
                  importantForAccessibility="no-hide-descendants"
                  pointerEvents="none"
                  selectable={false}
                  style={
                    Array [
                      Object {
                        "color": "#ff0000",
                        "fontSize": 24,
                      },
                      Array [
                        Object {
                          "lineHeight": 24,
                          "transform": Array [
                            Object {
                              "scaleX": 1,
                            },
                          ],
                        },
                        Object {
                          "backgroundColor": "transparent",
                        },
                      ],
                      Object {
                        "fontFamily": "Material Design Icons",
                        "fontStyle": "normal",
                        "fontWeight": "normal",
                      },
                      Object {},
                    ]
                  }
                >
                  󰅖
                </Text>
              </View>
            </View>
            <View
              accessibilityRole="button"
              accessibilityState={
                Object {
                  "disabled": false,
                }
              }
              accessible={true}
              focusable={true}
              hitSlop={
                Object {
                  "bottom": 6,
                  "left": 6,
                  "right": 6,
                  "top": 6,
                }
              }
              onClick={[Function]}
              onResponderGrant={[Function]}
              onResponderMove={[Function]}
              onResponderRelease={[Function]}
              onResponderTerminate={[Function]}
              onResponderTerminationRequest={[Function]}
              onStartShouldSetResponder={[Function]}
              style={
                Array [
                  Object {
                    "overflow": "hidden",
                  },
                  Array [
                    Object {
                      "alignItems": "center",
                      "justifyContent": "center",
                      "margin": 6,
                      "overflow": "hidden",
                    },
                    Object {
                      "borderRadius": 18,
                      "height": 36,
                      "width": 36,
                    },
                    undefined,
                    Object {
                      "alignItems": "center",
                      "justifyContent": "center",
                    },
                  ],
                ]
              }
              testID="go-button"
            >
              <View>
                <Text
                  accessibilityElementsHidden={true}
                  allowFontScaling={false}
                  importantForAccessibility="no-hide-descendants"
                  pointerEvents="none"
                  selectable={false}
                  style={
                    Array [
                      Object {
                        "color": "#ffd600",
                        "fontSize": 24,
                      },
                      Array [
                        Object {
                          "lineHeight": 24,
                          "transform": Array [
                            Object {
                              "scaleX": 1,
                            },
                          ],
                        },
                        Object {
                          "backgroundColor": "transparent",
                        },
                      ],
                      Object {
                        "fontFamily": "Material Design Icons",
                        "fontStyle": "normal",
                        "fontWeight": "normal",
                      },
                      Object {},
                    ]
                  }
                >
                  󰅂
                </Text>
              </View>
            </View>
          </View>
        </View>
      </View>
    </View>
  </RCTScrollView>
</RCTSafeAreaView>
`;
