// Jest Snapshot v1, https://goo.gl/fbAQLP

exports[`should match snapshot 1`] = `
<RCTSafeAreaView
  emulateUnlessSupported={true}
  style={
    Object {
      "backgroundColor": "#ffffff",
      "flex": 1,
      "height": "100%",
    }
  }
>
  <RCTScrollView
    refreshControl={
      <RefreshControlMock
        colors={
          Array [
            "#ffd600",
          ]
        }
        onRefresh={[Function]}
        refreshing={false}
      />
    }
    testID="public-team-scroll-view"
  >
    <RCTRefreshControl />
    <View>
      <View
        style={
          Object {
            "alignItems": "center",
          }
        }
      >
        <Text
          style={
            Array [
              Object {
                "color": "#3183ff",
                "fontSize": 82.1917808219178,
                "fontWeight": "bold",
              },
              Object {
                "textAlign": "center",
              },
            ]
          }
        >
          Place Name
        </Text>
        <Text
          style={
            Object {
              "color": "#3183ff",
              "fontSize": 30.821917808219176,
              "fontWeight": "600",
              "marginBottom": 5,
              "textAlign": "center",
            }
          }
        >
          NaN
        </Text>
        <Text
          style={
            Object {
              "color": "#3183ff",
              "fontSize": 30.821917808219176,
              "marginBottom": 5,
              "textAlign": "center",
            }
          }
        >
          @
        </Text>
      </View>
      <View
        style={
          Object {
            "alignSelf": "center",
            "width": "75%",
          }
        }
      >
        <View
          style={
            Object {
              "width": "100%",
            }
          }
        >
          <View
            style={
              Object {
                "display": "flex",
                "flex": 1,
                "flexDirection": "row",
              }
            }
          >
            <Text
              style={
                Object {
                  "color": "#3183ff",
                  "flex": 1,
                  "fontSize": 61.64383561643835,
                  "fontWeight": "bold",
                  "marginBottom": 10,
                }
              }
            >
              Players
            </Text>
          </View>
        </View>
      </View>
    </View>
  </RCTScrollView>
</RCTSafeAreaView>
`;

exports[`should match snapshot with get archive team 1`] = `
<RCTSafeAreaView
  emulateUnlessSupported={true}
  style={
    Object {
      "backgroundColor": "#ffffff",
      "flex": 1,
      "height": "100%",
    }
  }
>
  <RCTScrollView
    refreshControl={
      <RefreshControlMock
        colors={
          Array [
            "#ffd600",
          ]
        }
        onRefresh={[Function]}
        refreshing={false}
      />
    }
    testID="public-team-scroll-view"
  >
    <RCTRefreshControl />
    <View>
      <View
        style={
          Object {
            "alignItems": "center",
          }
        }
      >
        <Text
          style={
            Array [
              Object {
                "color": "#3183ff",
                "fontSize": 82.1917808219178,
                "fontWeight": "bold",
              },
              Object {
                "textAlign": "center",
              },
            ]
          }
        >
          Place Name
        </Text>
        <Text
          style={
            Object {
              "color": "#3183ff",
              "fontSize": 30.821917808219176,
              "fontWeight": "600",
              "marginBottom": 5,
              "textAlign": "center",
            }
          }
        >
          NaN
        </Text>
        <Text
          style={
            Object {
              "color": "#3183ff",
              "fontSize": 30.821917808219176,
              "marginBottom": 5,
              "textAlign": "center",
            }
          }
        >
          @
        </Text>
      </View>
      <View
        style={
          Object {
            "alignSelf": "center",
            "width": "75%",
          }
        }
      >
        <View
          style={
            Object {
              "width": "100%",
            }
          }
        >
          <View
            style={
              Object {
                "display": "flex",
                "flex": 1,
                "flexDirection": "row",
              }
            }
          >
            <Text
              style={
                Object {
                  "color": "#3183ff",
                  "flex": 1,
                  "fontSize": 61.64383561643835,
                  "fontWeight": "bold",
                  "marginBottom": 10,
                }
              }
            >
              Players
            </Text>
          </View>
        </View>
      </View>
    </View>
  </RCTScrollView>
</RCTSafeAreaView>
`;
