// Jest Snapshot v1, https://goo.gl/fbAQLP

exports[`should match snapshot 1`] = `
<View
  style={
    {
      "alignItems": "center",
      "backgroundColor": "#303030",
      "height": "100%",
    }
  }
>
  <Text
    numberOfLines={1}
    style={
      [
        {
          "color": "#ffd600",
          "fontSize": 61.64383561643835,
          "fontWeight": "bold",
        },
        undefined,
      ]
    }
  >
    Start New Season
  </Text>
  <View
    style={
      {
        "alignItems": "center",
        "flexDirection": "row",
        "width": "75%",
      }
    }
  >
    <Text
      style={
        {
          "alignSelf": "center",
          "color": "#ffd600",
          "flex": 1,
          "fontSize": 41.0958904109589,
          "fontWeight": "bold",
          "marginTop": 20,
          "width": "75%",
        }
      }
    >
      Keep Current Players
    </Text>
    <View
      accessibilityRole="checkbox"
      accessibilityState={
        {
          "checked": false,
          "disabled": false,
        }
      }
      accessibilityValue={
        {
          "text": "off",
        }
      }
      accessible={true}
      pointerEvents="auto"
    >
      <RNCCheckbox
        forwardedRef={null}
        onCheckColor="#ffd600"
        onFillColor="#ffd600"
        onValueChange={[Function]}
        style={
          [
            {
              "backgroundColor": "transparent",
              "height": 32,
              "width": 32,
            },
            {
              "alignSelf": "center",
              "marginTop": 25,
            },
          ]
        }
        tintColors={
          {
            "false": "#ababab",
            "true": "#ffd600",
          }
        }
        value={false}
      />
    </View>
  </View>
  <Text
    style={
      {
        "alignSelf": "center",
        "color": "#31adff",
        "marginBottom": 10,
        "width": "75%",
      }
    }
  >
    You can always add and drop players later
  </Text>
  <Text
    style={
      {
        "alignSelf": "center",
        "color": "#ffd600",
        "fontSize": 41.0958904109589,
        "fontWeight": "bold",
        "marginTop": 20,
        "width": "75%",
      }
    }
  >
    Season
  </Text>
  <View
    style={
      {
        "alignSelf": "center",
        "backgroundColor": "#303030",
        "color": "#ffd600",
        "width": "75%",
      }
    }
  >
    <RNCPicker
      items={
        [
          {
            "label": "2022",
            "testID": undefined,
            "textColor": undefined,
            "value": "2022",
          },
          {
            "label": "2022 - 2023",
            "testID": undefined,
            "textColor": undefined,
            "value": "2022 - 2023",
          },
          {
            "label": "2023",
            "testID": undefined,
            "textColor": undefined,
            "value": "2023",
          },
        ]
      }
      numberOfLines={1}
      onChange={[Function]}
      selectedIndex={0}
      style={
        [
          {
            "height": 216,
          },
          undefined,
        ]
      }
    />
  </View>
  <Text
    style={
      {
        "alignSelf": "center",
        "color": "#31adff",
        "marginBottom": 10,
        "width": "75%",
      }
    }
  >
    Warning: You will not be able to edit the current season after starting the new season.
  </Text>
  <Text
    style={
      {
        "alignSelf": "center",
        "color": "#31adff",
        "marginBottom": 10,
        "width": "75%",
      }
    }
  >
    Pending requests for this team will all be deleted.
  </Text>
  <View
    collapsable={false}
    style={
      {
        "alignSelf": undefined,
        "bottom": undefined,
        "left": undefined,
        "position": undefined,
        "right": undefined,
        "shadowColor": "#000",
        "shadowOffset": {
          "height": 0,
          "width": 0,
        },
        "shadowOpacity": 0,
        "shadowRadius": 0,
        "top": undefined,
      }
    }
  >
    <View
      collapsable={false}
      style={
        {
          "shadowColor": "#000",
          "shadowOffset": {
            "height": 0,
            "width": 0,
          },
          "shadowOpacity": 0,
          "shadowRadius": 0,
        }
      }
    >
      <View
        collapsable={false}
        style={
          {
            "backgroundColor": "#ffd600",
            "borderColor": "transparent",
            "borderRadius": 20,
            "borderStyle": "solid",
            "borderWidth": 0,
            "minWidth": "auto",
          }
        }
      >
        <View
          accessibilityRole="button"
          accessibilityState={
            {
              "disabled": false,
            }
          }
          accessible={true}
          collapsable={false}
          focusable={true}
          onBlur={[Function]}
          onClick={[Function]}
          onFocus={[Function]}
          onResponderGrant={[Function]}
          onResponderMove={[Function]}
          onResponderRelease={[Function]}
          onResponderTerminate={[Function]}
          onResponderTerminationRequest={[Function]}
          onStartShouldSetResponder={[Function]}
          style={
            [
              {
                "overflow": "hidden",
              },
              false,
              {
                "borderRadius": 20,
              },
            ]
          }
          testID="button"
        >
          <View
            style={
              [
                {
                  "alignItems": "center",
                  "flexDirection": "row",
                  "justifyContent": "center",
                },
                undefined,
              ]
            }
          >
            <Text
              numberOfLines={1}
              selectable={false}
              style={
                [
                  {
                    "color": "rgba(28, 27, 31, 1)",
                    "fontFamily": "System",
                    "fontSize": 14,
                    "fontWeight": "500",
                    "letterSpacing": 0.1,
                    "lineHeight": 20,
                  },
                  {
                    "textAlign": "left",
                  },
                  {
                    "writingDirection": "ltr",
                  },
                  [
                    {
                      "marginHorizontal": 16,
                      "marginVertical": 9,
                      "textAlign": "center",
                    },
                    false,
                    {
                      "marginHorizontal": 24,
                      "marginVertical": 10,
                    },
                    {
                      "marginHorizontal": 8,
                    },
                    false,
                    {
                      "color": "#000000",
                      "fontFamily": "System",
                      "fontSize": 14,
                      "fontWeight": "500",
                      "letterSpacing": 0.1,
                      "lineHeight": 20,
                    },
                    undefined,
                  ],
                ]
              }
            >
              Submit
            </Text>
          </View>
        </View>
      </View>
    </View>
  </View>
</View>
`;

exports[`should match snapshot with open requests 1`] = `
<View
  style={
    {
      "alignItems": "center",
      "backgroundColor": "#303030",
      "height": "100%",
    }
  }
>
  <Text
    numberOfLines={1}
    style={
      [
        {
          "color": "#ffd600",
          "fontSize": 61.64383561643835,
          "fontWeight": "bold",
        },
        undefined,
      ]
    }
  >
    Start New Season
  </Text>
  <View
    style={
      {
        "alignItems": "center",
        "flexDirection": "row",
        "width": "75%",
      }
    }
  >
    <Text
      style={
        {
          "alignSelf": "center",
          "color": "#ffd600",
          "flex": 1,
          "fontSize": 41.0958904109589,
          "fontWeight": "bold",
          "marginTop": 20,
          "width": "75%",
        }
      }
    >
      Keep Current Players
    </Text>
    <View
      accessibilityRole="checkbox"
      accessibilityState={
        {
          "checked": false,
          "disabled": false,
        }
      }
      accessibilityValue={
        {
          "text": "off",
        }
      }
      accessible={true}
      pointerEvents="auto"
    >
      <RNCCheckbox
        forwardedRef={null}
        onCheckColor="#ffd600"
        onFillColor="#ffd600"
        onValueChange={[Function]}
        style={
          [
            {
              "backgroundColor": "transparent",
              "height": 32,
              "width": 32,
            },
            {
              "alignSelf": "center",
              "marginTop": 25,
            },
          ]
        }
        tintColors={
          {
            "false": "#ababab",
            "true": "#ffd600",
          }
        }
        value={false}
      />
    </View>
  </View>
  <Text
    style={
      {
        "alignSelf": "center",
        "color": "#31adff",
        "marginBottom": 10,
        "width": "75%",
      }
    }
  >
    You can always add and drop players later
  </Text>
  <Text
    style={
      {
        "alignSelf": "center",
        "color": "#ffd600",
        "fontSize": 41.0958904109589,
        "fontWeight": "bold",
        "marginTop": 20,
        "width": "75%",
      }
    }
  >
    Season
  </Text>
  <View
    style={
      {
        "alignSelf": "center",
        "backgroundColor": "#303030",
        "color": "#ffd600",
        "width": "75%",
      }
    }
  >
    <RNCPicker
      items={
        [
          {
            "label": "2022",
            "testID": undefined,
            "textColor": undefined,
            "value": "2022",
          },
          {
            "label": "2022 - 2023",
            "testID": undefined,
            "textColor": undefined,
            "value": "2022 - 2023",
          },
          {
            "label": "2023",
            "testID": undefined,
            "textColor": undefined,
            "value": "2023",
          },
        ]
      }
      numberOfLines={1}
      onChange={[Function]}
      selectedIndex={0}
      style={
        [
          {
            "height": 216,
          },
          undefined,
        ]
      }
    />
  </View>
  <Text
    style={
      {
        "alignSelf": "center",
        "color": "#31adff",
        "marginBottom": 10,
        "width": "75%",
      }
    }
  >
    Warning: You will not be able to edit the current season after starting the new season.
  </Text>
  <Text
    style={
      {
        "alignSelf": "center",
        "color": "#31adff",
        "marginBottom": 10,
        "width": "75%",
      }
    }
  >
    Pending requests for this team will all be deleted.
  </Text>
  <View
    collapsable={false}
    style={
      {
        "alignSelf": undefined,
        "bottom": undefined,
        "left": undefined,
        "position": undefined,
        "right": undefined,
        "shadowColor": "#000",
        "shadowOffset": {
          "height": 0,
          "width": 0,
        },
        "shadowOpacity": 0,
        "shadowRadius": 0,
        "top": undefined,
      }
    }
  >
    <View
      collapsable={false}
      style={
        {
          "shadowColor": "#000",
          "shadowOffset": {
            "height": 0,
            "width": 0,
          },
          "shadowOpacity": 0,
          "shadowRadius": 0,
        }
      }
    >
      <View
        collapsable={false}
        style={
          {
            "backgroundColor": "#ffd600",
            "borderColor": "transparent",
            "borderRadius": 20,
            "borderStyle": "solid",
            "borderWidth": 0,
            "minWidth": "auto",
          }
        }
      >
        <View
          accessibilityRole="button"
          accessibilityState={
            {
              "disabled": false,
            }
          }
          accessible={true}
          collapsable={false}
          focusable={true}
          onBlur={[Function]}
          onClick={[Function]}
          onFocus={[Function]}
          onResponderGrant={[Function]}
          onResponderMove={[Function]}
          onResponderRelease={[Function]}
          onResponderTerminate={[Function]}
          onResponderTerminationRequest={[Function]}
          onStartShouldSetResponder={[Function]}
          style={
            [
              {
                "overflow": "hidden",
              },
              false,
              {
                "borderRadius": 20,
              },
            ]
          }
          testID="button"
        >
          <View
            style={
              [
                {
                  "alignItems": "center",
                  "flexDirection": "row",
                  "justifyContent": "center",
                },
                undefined,
              ]
            }
          >
            <Text
              numberOfLines={1}
              selectable={false}
              style={
                [
                  {
                    "color": "rgba(28, 27, 31, 1)",
                    "fontFamily": "System",
                    "fontSize": 14,
                    "fontWeight": "500",
                    "letterSpacing": 0.1,
                    "lineHeight": 20,
                  },
                  {
                    "textAlign": "left",
                  },
                  {
                    "writingDirection": "ltr",
                  },
                  [
                    {
                      "marginHorizontal": 16,
                      "marginVertical": 9,
                      "textAlign": "center",
                    },
                    false,
                    {
                      "marginHorizontal": 24,
                      "marginVertical": 10,
                    },
                    {
                      "marginHorizontal": 8,
                    },
                    false,
                    {
                      "color": "#000000",
                      "fontFamily": "System",
                      "fontSize": 14,
                      "fontWeight": "500",
                      "letterSpacing": 0.1,
                      "lineHeight": 20,
                    },
                    undefined,
                  ],
                ]
              }
            >
              Submit
            </Text>
          </View>
        </View>
      </View>
    </View>
  </View>
</View>
`;
