// Jest Snapshot v1, https://goo.gl/fbAQLP

exports[`should match snapshot 1`] = `
<RCTSafeAreaView
  emulateUnlessSupported={true}
  style={
    Object {
      "backgroundColor": "#303030",
      "height": "100%",
      "opacity": 1,
    }
  }
  testID="screen"
>
  <RCTScrollView>
    <View>
      <Text
        numberOfLines={1}
        style={
          Array [
            Object {
              "color": "#ffd600",
              "fontSize": 61.64383561643835,
              "fontWeight": "bold",
            },
            Object {
              "alignSelf": "center",
              "flex": 1,
              "margin": 10,
            },
          ]
        }
      >
        Settings
      </Text>
      <View
        style={
          Object {
            "alignSelf": "center",
            "width": "75%",
          }
        }
      >
        <View
          collapsable={false}
          style={
            Object {
              "backgroundColor": "transparent",
              "borderColor": "transparent",
              "borderRadius": 4,
              "borderStyle": "solid",
              "borderWidth": 0,
              "elevation": 0,
              "minWidth": 64,
            }
          }
        >
          <View
            accessibilityRole="button"
            accessibilityState={
              Object {
                "disabled": false,
              }
            }
            accessible={true}
            focusable={true}
            onClick={[Function]}
            onResponderGrant={[Function]}
            onResponderMove={[Function]}
            onResponderRelease={[Function]}
            onResponderTerminate={[Function]}
            onResponderTerminationRequest={[Function]}
            onStartShouldSetResponder={[Function]}
            style={
              Array [
                Object {
                  "overflow": "hidden",
                },
                Object {
                  "borderRadius": 4,
                },
              ]
            }
          >
            <View
              style={
                Array [
                  Object {
                    "alignItems": "center",
                    "flexDirection": "row",
                    "justifyContent": "center",
                  },
                  undefined,
                ]
              }
            >
              <Text
                numberOfLines={1}
                selectable={false}
                style={
                  Array [
                    Object {
                      "color": "#000000",
                      "fontFamily": "System",
                      "fontWeight": "400",
                    },
                    Object {
                      "textAlign": "left",
                    },
                    Array [
                      Object {
                        "letterSpacing": 1,
                        "marginHorizontal": 16,
                        "marginVertical": 9,
                        "textAlign": "center",
                      },
                      undefined,
                      Object {
                        "textTransform": "uppercase",
                      },
                      Object {
                        "color": "#ff0000",
                        "fontFamily": "System",
                        "fontWeight": "500",
                      },
                      Object {
                        "fontFamily": "System",
                        "fontWeight": "500",
                      },
                      undefined,
                    ],
                  ]
                }
              >
                Sign Out
              </Text>
            </View>
          </View>
        </View>
        <Text
          style={
            Object {
              "color": "#ffd600",
              "flex": 1,
              "fontSize": 61.64383561643835,
              "fontWeight": "bold",
              "marginBottom": 10,
              "marginTop": 10,
            }
          }
        >
          Device
        </Text>
        <View
          style={
            Object {
              "display": "flex",
              "flexDirection": "row",
            }
          }
        >
          <Text
            style={
              Object {
                "color": "#ffd600",
                "fontSize": 41.0958904109589,
                "fontWeight": "bold",
              }
            }
          >
            Dark Mode
          </Text>
          <RCTSwitch
            accessibilityRole="switch"
            onChange={[Function]}
            onResponderTerminationRequest={[Function]}
            onStartShouldSetResponder={[Function]}
            onTintColor="#31adff"
            style={
              Object {
                "height": 31,
                "width": 51,
              }
            }
            testID="dark-mode-switch"
            thumbTintColor="#ffd600"
            tintColor="#ababab"
            value={true}
          />
        </View>
        <Text
          style={
            Object {
              "color": "#ffd600",
              "flex": 1,
              "fontSize": 61.64383561643835,
              "fontWeight": "bold",
              "marginBottom": 10,
              "marginTop": 10,
            }
          }
        >
          Account
        </Text>
        <View
          style={
            Object {
              "display": "flex",
              "flexDirection": "row",
            }
          }
        >
          <Text
            style={
              Object {
                "color": "#ffd600",
                "fontSize": 41.0958904109589,
                "fontWeight": "bold",
              }
            }
          >
            Public
          </Text>
          <RCTSwitch
            accessibilityRole="switch"
            onChange={[Function]}
            onResponderTerminationRequest={[Function]}
            onStartShouldSetResponder={[Function]}
            onTintColor="#31adff"
            style={
              Object {
                "height": 31,
                "width": 51,
              }
            }
            testID="private-switch"
            thumbTintColor="#ffd600"
            tintColor="#ababab"
            value={true}
          />
        </View>
        <View>
          <View
            style={
              Object {
                "display": "flex",
                "flexDirection": "row",
              }
            }
          >
            <Text
              style={
                Object {
                  "color": "#ffd600",
                  "fontSize": 41.0958904109589,
                  "fontWeight": "bold",
                  "textAlignVertical": "center",
                }
              }
            >
              First Name
            </Text>
            <View
              accessibilityRole="button"
              accessibilityState={
                Object {
                  "disabled": false,
                }
              }
              accessible={true}
              focusable={true}
              hitSlop={
                Object {
                  "bottom": 6,
                  "left": 6,
                  "right": 6,
                  "top": 6,
                }
              }
              onClick={[Function]}
              onResponderGrant={[Function]}
              onResponderMove={[Function]}
              onResponderRelease={[Function]}
              onResponderTerminate={[Function]}
              onResponderTerminationRequest={[Function]}
              onStartShouldSetResponder={[Function]}
              style={
                Array [
                  Object {
                    "overflow": "hidden",
                  },
                  Array [
                    Object {
                      "alignItems": "center",
                      "justifyContent": "center",
                      "margin": 6,
                      "overflow": "hidden",
                    },
                    Object {
                      "borderRadius": 18,
                      "height": 36,
                      "width": 36,
                    },
                    undefined,
                    undefined,
                  ],
                ]
              }
              testID="ef-edit-button"
            >
              <View>
                <Text
                  accessibilityElementsHidden={true}
                  allowFontScaling={false}
                  importantForAccessibility="no-hide-descendants"
                  pointerEvents="none"
                  selectable={false}
                  style={
                    Array [
                      Object {
                        "color": "#ffd600",
                        "fontSize": 24,
                      },
                      Array [
                        Object {
                          "lineHeight": 24,
                          "transform": Array [
                            Object {
                              "scaleX": 1,
                            },
                          ],
                        },
                        Object {
                          "backgroundColor": "transparent",
                        },
                      ],
                      Object {
                        "fontFamily": "Material Design Icons",
                        "fontStyle": "normal",
                        "fontWeight": "normal",
                      },
                      Object {},
                    ]
                  }
                >
                  Û∞è´
                </Text>
              </View>
            </View>
          </View>
          <View
            style={
              Object {
                "display": "flex",
                "flexDirection": "row",
                "width": "100%",
              }
            }
          >
            <View
              style={
                Object {
                  "flex": 1,
                }
              }
            >
              <Text
                style={
                  Object {
                    "color": "#ababab",
                    "fontSize": 41.0958904109589,
                  }
                }
              >
                first
              </Text>
            </View>
          </View>
        </View>
        <View>
          <View
            style={
              Object {
                "display": "flex",
                "flexDirection": "row",
              }
            }
          >
            <Text
              style={
                Object {
                  "color": "#ffd600",
                  "fontSize": 41.0958904109589,
                  "fontWeight": "bold",
                  "textAlignVertical": "center",
                }
              }
            >
              Last Name
            </Text>
            <View
              accessibilityRole="button"
              accessibilityState={
                Object {
                  "disabled": false,
                }
              }
              accessible={true}
              focusable={true}
              hitSlop={
                Object {
                  "bottom": 6,
                  "left": 6,
                  "right": 6,
                  "top": 6,
                }
              }
              onClick={[Function]}
              onResponderGrant={[Function]}
              onResponderMove={[Function]}
              onResponderRelease={[Function]}
              onResponderTerminate={[Function]}
              onResponderTerminationRequest={[Function]}
              onStartShouldSetResponder={[Function]}
              style={
                Array [
                  Object {
                    "overflow": "hidden",
                  },
                  Array [
                    Object {
                      "alignItems": "center",
                      "justifyContent": "center",
                      "margin": 6,
                      "overflow": "hidden",
                    },
                    Object {
                      "borderRadius": 18,
                      "height": 36,
                      "width": 36,
                    },
                    undefined,
                    undefined,
                  ],
                ]
              }
              testID="ef-edit-button"
            >
              <View>
                <Text
                  accessibilityElementsHidden={true}
                  allowFontScaling={false}
                  importantForAccessibility="no-hide-descendants"
                  pointerEvents="none"
                  selectable={false}
                  style={
                    Array [
                      Object {
                        "color": "#ffd600",
                        "fontSize": 24,
                      },
                      Array [
                        Object {
                          "lineHeight": 24,
                          "transform": Array [
                            Object {
                              "scaleX": 1,
                            },
                          ],
                        },
                        Object {
                          "backgroundColor": "transparent",
                        },
                      ],
                      Object {
                        "fontFamily": "Material Design Icons",
                        "fontStyle": "normal",
                        "fontWeight": "normal",
                      },
                      Object {},
                    ]
                  }
                >
                  Û∞è´
                </Text>
              </View>
            </View>
          </View>
          <View
            style={
              Object {
                "display": "flex",
                "flexDirection": "row",
                "width": "100%",
              }
            }
          >
            <View
              style={
                Object {
                  "flex": 1,
                }
              }
            >
              <Text
                style={
                  Object {
                    "color": "#ababab",
                    "fontSize": 41.0958904109589,
                  }
                }
              >
                last
              </Text>
            </View>
          </View>
        </View>
        <View>
          <View
            style={
              Object {
                "display": "flex",
                "flexDirection": "row",
              }
            }
          >
            <Text
              style={
                Object {
                  "color": "#ffd600",
                  "fontSize": 41.0958904109589,
                  "fontWeight": "bold",
                  "textAlignVertical": "center",
                }
              }
            >
              Email
            </Text>
            <View
              accessibilityRole="button"
              accessibilityState={
                Object {
                  "disabled": false,
                }
              }
              accessible={true}
              focusable={true}
              hitSlop={
                Object {
                  "bottom": 6,
                  "left": 6,
                  "right": 6,
                  "top": 6,
                }
              }
              onClick={[Function]}
              onResponderGrant={[Function]}
              onResponderMove={[Function]}
              onResponderRelease={[Function]}
              onResponderTerminate={[Function]}
              onResponderTerminationRequest={[Function]}
              onStartShouldSetResponder={[Function]}
              style={
                Array [
                  Object {
                    "overflow": "hidden",
                  },
                  Array [
                    Object {
                      "alignItems": "center",
                      "justifyContent": "center",
                      "margin": 6,
                      "overflow": "hidden",
                    },
                    Object {
                      "borderRadius": 18,
                      "height": 36,
                      "width": 36,
                    },
                    undefined,
                    undefined,
                  ],
                ]
              }
              testID="ef-edit-button"
            >
              <View>
                <Text
                  accessibilityElementsHidden={true}
                  allowFontScaling={false}
                  importantForAccessibility="no-hide-descendants"
                  pointerEvents="none"
                  selectable={false}
                  style={
                    Array [
                      Object {
                        "color": "#ffd600",
                        "fontSize": 24,
                      },
                      Array [
                        Object {
                          "lineHeight": 24,
                          "transform": Array [
                            Object {
                              "scaleX": 1,
                            },
                          ],
                        },
                        Object {
                          "backgroundColor": "transparent",
                        },
                      ],
                      Object {
                        "fontFamily": "Material Design Icons",
                        "fontStyle": "normal",
                        "fontWeight": "normal",
                      },
                      Object {},
                    ]
                  }
                >
                  Û∞è´
                </Text>
              </View>
            </View>
          </View>
          <View
            style={
              Object {
                "display": "flex",
                "flexDirection": "row",
                "width": "100%",
              }
            }
          >
            <View
              style={
                Object {
                  "flex": 1,
                }
              }
            >
              <Text
                style={
                  Object {
                    "color": "#ababab",
                    "fontSize": 41.0958904109589,
                  }
                }
              >
                test@email.com
              </Text>
            </View>
          </View>
        </View>
        <View>
          <View
            style={
              Object {
                "display": "flex",
                "flexDirection": "row",
              }
            }
          >
            <Text
              style={
                Object {
                  "color": "#ffd600",
                  "fontSize": 41.0958904109589,
                  "fontWeight": "bold",
                  "textAlignVertical": "center",
                }
              }
            >
              Password
            </Text>
            <View
              accessibilityRole="button"
              accessibilityState={
                Object {
                  "disabled": false,
                }
              }
              accessible={true}
              focusable={true}
              hitSlop={
                Object {
                  "bottom": 6,
                  "left": 6,
                  "right": 6,
                  "top": 6,
                }
              }
              onClick={[Function]}
              onResponderGrant={[Function]}
              onResponderMove={[Function]}
              onResponderRelease={[Function]}
              onResponderTerminate={[Function]}
              onResponderTerminationRequest={[Function]}
              onStartShouldSetResponder={[Function]}
              style={
                Array [
                  Object {
                    "overflow": "hidden",
                  },
                  Array [
                    Object {
                      "alignItems": "center",
                      "justifyContent": "center",
                      "margin": 6,
                      "overflow": "hidden",
                    },
                    Object {
                      "borderRadius": 18,
                      "height": 36,
                      "width": 36,
                    },
                    undefined,
                    undefined,
                  ],
                ]
              }
              testID="ef-edit-button"
            >
              <View>
                <Text
                  accessibilityElementsHidden={true}
                  allowFontScaling={false}
                  importantForAccessibility="no-hide-descendants"
                  pointerEvents="none"
                  selectable={false}
                  style={
                    Array [
                      Object {
                        "color": "#ffd600",
                        "fontSize": 24,
                      },
                      Array [
                        Object {
                          "lineHeight": 24,
                          "transform": Array [
                            Object {
                              "scaleX": 1,
                            },
                          ],
                        },
                        Object {
                          "backgroundColor": "transparent",
                        },
                      ],
                      Object {
                        "fontFamily": "Material Design Icons",
                        "fontStyle": "normal",
                        "fontWeight": "normal",
                      },
                      Object {},
                    ]
                  }
                >
                  Û∞è´
                </Text>
              </View>
            </View>
          </View>
          <View
            style={
              Object {
                "display": "flex",
                "flexDirection": "row",
                "width": "100%",
              }
            }
          >
            <View
              style={
                Object {
                  "flex": 1,
                }
              }
            >
              <Text
                style={
                  Object {
                    "color": "#ababab",
                    "fontSize": 41.0958904109589,
                  }
                }
              >
                *****
              </Text>
            </View>
          </View>
        </View>
        <View
          collapsable={false}
          style={
            Object {
              "backgroundColor": "transparent",
              "borderColor": "transparent",
              "borderRadius": 4,
              "borderStyle": "solid",
              "borderWidth": 0,
              "elevation": 0,
              "minWidth": 64,
            }
          }
        >
          <View
            accessibilityRole="button"
            accessibilityState={
              Object {
                "disabled": false,
              }
            }
            accessible={true}
            focusable={true}
            onClick={[Function]}
            onResponderGrant={[Function]}
            onResponderMove={[Function]}
            onResponderRelease={[Function]}
            onResponderTerminate={[Function]}
            onResponderTerminationRequest={[Function]}
            onStartShouldSetResponder={[Function]}
            style={
              Array [
                Object {
                  "overflow": "hidden",
                },
                Object {
                  "borderRadius": 4,
                },
              ]
            }
          >
            <View
              style={
                Array [
                  Object {
                    "alignItems": "center",
                    "flexDirection": "row",
                    "justifyContent": "center",
                  },
                  undefined,
                ]
              }
            >
              <Text
                numberOfLines={1}
                selectable={false}
                style={
                  Array [
                    Object {
                      "color": "#000000",
                      "fontFamily": "System",
                      "fontWeight": "400",
                    },
                    Object {
                      "textAlign": "left",
                    },
                    Array [
                      Object {
                        "letterSpacing": 1,
                        "marginHorizontal": 16,
                        "marginVertical": 9,
                        "textAlign": "center",
                      },
                      undefined,
                      Object {
                        "textTransform": "uppercase",
                      },
                      Object {
                        "color": "#ff0000",
                        "fontFamily": "System",
                        "fontWeight": "500",
                      },
                      Object {
                        "fontFamily": "System",
                        "fontWeight": "500",
                      },
                      undefined,
                    ],
                  ]
                }
              >
                Sign Out All Devices
              </Text>
            </View>
          </View>
        </View>
        <View
          collapsable={false}
          style={
            Object {
              "backgroundColor": "#ff0000",
              "borderColor": "transparent",
              "borderRadius": 4,
              "borderStyle": "solid",
              "borderWidth": 0,
              "elevation": 2,
              "marginTop": 10,
              "minWidth": 64,
              "shadowColor": "#000000",
              "shadowOffset": Object {
                "height": 0.75,
                "width": 0,
              },
              "shadowOpacity": 0.24,
              "shadowRadius": 1.5,
            }
          }
        >
          <View
            accessibilityRole="button"
            accessibilityState={
              Object {
                "disabled": false,
              }
            }
            accessible={true}
            focusable={true}
            onClick={[Function]}
            onResponderGrant={[Function]}
            onResponderMove={[Function]}
            onResponderRelease={[Function]}
            onResponderTerminate={[Function]}
            onResponderTerminationRequest={[Function]}
            onStartShouldSetResponder={[Function]}
            style={
              Array [
                Object {
                  "overflow": "hidden",
                },
                Object {
                  "borderRadius": 4,
                },
              ]
            }
          >
            <View
              style={
                Array [
                  Object {
                    "alignItems": "center",
                    "flexDirection": "row",
                    "justifyContent": "center",
                  },
                  undefined,
                ]
              }
            >
              <Text
                numberOfLines={1}
                selectable={false}
                style={
                  Array [
                    Object {
                      "color": "#000000",
                      "fontFamily": "System",
                      "fontWeight": "400",
                    },
                    Object {
                      "textAlign": "left",
                    },
                    Array [
                      Object {
                        "letterSpacing": 1,
                        "marginHorizontal": 16,
                        "marginVertical": 9,
                        "textAlign": "center",
                      },
                      undefined,
                      Object {
                        "textTransform": "uppercase",
                      },
                      Object {
                        "color": "#ffffff",
                        "fontFamily": "System",
                        "fontWeight": "500",
                      },
                      Object {
                        "fontFamily": "System",
                        "fontWeight": "500",
                      },
                      undefined,
                    ],
                  ]
                }
              >
                Delete Account
              </Text>
            </View>
          </View>
        </View>
        <Modal
          animationType="slide"
          hardwareAccelerated={false}
          onRequestClose={[Function]}
          transparent={true}
          visible={false}
        />
      </View>
    </View>
  </RCTScrollView>
</RCTSafeAreaView>
`;
