// Jest Snapshot v1, https://goo.gl/fbAQLP

exports[`TeamGamesScreen matches snapshot 1`] = `
<RCTSafeAreaView
  style={
    {
      "backgroundColor": "#303030",
      "height": "100%",
    }
  }
>
  <View
    style={
      {
        "alignSelf": "center",
        "width": "80%",
      }
    }
  >
    <Text
      numberOfLines={1}
      style={
        [
          {
            "color": "#ffd600",
            "fontSize": 61.64383561643835,
            "fontWeight": "bold",
          },
          undefined,
        ]
      }
    >
      Your Games
    </Text>
    <RCTScrollView
      data={
        [
          {
            "data": [
              {
                "_id": "game1",
                "creator": {
                  "_id": "user1",
                  "firstName": "First 1",
                  "lastName": "Last 1",
                  "username": "first1last1",
                },
                "floaterTimeout": true,
                "halfScore": 8,
                "hardcapMins": 90,
                "playersPerPoint": 7,
                "points": [],
                "resolveCode": "111111",
                "scoreLimit": 15,
                "softcapMins": 75,
                "startTime": 2022-10-12T00:00:00.000Z,
                "teamOne": {
                  "_id": "id4",
                  "name": "Name4",
                  "place": "Place4",
                  "seasonEnd": "2022",
                  "seasonStart": "2022",
                  "teamname": "place4name4",
                },
                "teamOneActive": true,
                "teamOnePlayers": [],
                "teamOneScore": 3,
                "teamTwo": {
                  "name": "Sockeye",
                },
                "teamTwoActive": false,
                "teamTwoDefined": false,
                "teamTwoPlayers": [],
                "teamTwoScore": 0,
                "timeoutPerHalf": 1,
                "tournament": undefined,
              },
            ],
            "index": 0,
            "title": "Place4 Name4",
          },
          {
            "data": [
              {
                "_id": "game1",
                "creator": {
                  "_id": "user1",
                  "firstName": "First 1",
                  "lastName": "Last 1",
                  "username": "first1last1",
                },
                "floaterTimeout": true,
                "halfScore": 8,
                "hardcapMins": 90,
                "playersPerPoint": 7,
                "points": [],
                "resolveCode": "111111",
                "scoreLimit": 15,
                "softcapMins": 75,
                "startTime": 2022-10-12T00:00:00.000Z,
                "teamOne": {
                  "_id": "id1",
                  "name": "Name1",
                  "place": "Place1",
                  "seasonEnd": "2019",
                  "seasonStart": "2019",
                  "teamname": "place1name1",
                },
                "teamOneActive": true,
                "teamOnePlayers": [],
                "teamOneScore": 3,
                "teamTwo": {
                  "name": "Sockeye",
                },
                "teamTwoActive": false,
                "teamTwoDefined": false,
                "teamTwoPlayers": [],
                "teamTwoScore": 0,
                "timeoutPerHalf": 1,
                "tournament": undefined,
              },
            ],
            "index": 1,
            "title": "Place1 Name1",
          },
          {
            "data": [
              {
                "_id": "game1",
                "creator": {
                  "_id": "user1",
                  "firstName": "First 1",
                  "lastName": "Last 1",
                  "username": "first1last1",
                },
                "floaterTimeout": true,
                "halfScore": 8,
                "hardcapMins": 90,
                "playersPerPoint": 7,
                "points": [],
                "resolveCode": "111111",
                "scoreLimit": 15,
                "softcapMins": 75,
                "startTime": 2022-10-12T00:00:00.000Z,
                "teamOne": {
                  "_id": "id1",
                  "name": "Name1",
                  "place": "Place1",
                  "seasonEnd": "2019",
                  "seasonStart": "2019",
                  "teamname": "place1name1",
                },
                "teamOneActive": true,
                "teamOnePlayers": [],
                "teamOneScore": 3,
                "teamTwo": {
                  "name": "Sockeye",
                },
                "teamTwoActive": false,
                "teamTwoDefined": false,
                "teamTwoPlayers": [],
                "teamTwoScore": 0,
                "timeoutPerHalf": 1,
                "tournament": undefined,
              },
            ],
            "index": 2,
            "title": "Place2 Name2",
          },
          {
            "data": [
              {
                "_id": "game1",
                "creator": {
                  "_id": "user1",
                  "firstName": "First 1",
                  "lastName": "Last 1",
                  "username": "first1last1",
                },
                "floaterTimeout": true,
                "halfScore": 8,
                "hardcapMins": 90,
                "playersPerPoint": 7,
                "points": [],
                "resolveCode": "111111",
                "scoreLimit": 15,
                "softcapMins": 75,
                "startTime": 2022-10-12T00:00:00.000Z,
                "teamOne": {
                  "_id": "id1",
                  "name": "Name1",
                  "place": "Place1",
                  "seasonEnd": "2019",
                  "seasonStart": "2019",
                  "teamname": "place1name1",
                },
                "teamOneActive": true,
                "teamOnePlayers": [],
                "teamOneScore": 3,
                "teamTwo": {
                  "name": "Sockeye",
                },
                "teamTwoActive": false,
                "teamTwoDefined": false,
                "teamTwoPlayers": [],
                "teamTwoScore": 0,
                "timeoutPerHalf": 1,
                "tournament": undefined,
              },
            ],
            "index": 3,
            "title": "Place3 Name3",
          },
        ]
      }
      getItem={[Function]}
      getItemCount={[Function]}
      keyExtractor={[Function]}
      onContentSizeChange={[Function]}
      onLayout={[Function]}
      onMomentumScrollBegin={[Function]}
      onMomentumScrollEnd={[Function]}
      onScroll={[Function]}
      onScrollBeginDrag={[Function]}
      onScrollEndDrag={[Function]}
      renderItem={[Function]}
      scrollEventThrottle={50}
      stickyHeaderIndices={
        [
          0,
          3,
          6,
          9,
        ]
      }
    >
      <View>
        <View
          onLayout={[Function]}
          style={null}
        >
          <Text
            style={
              {
                "color": "#ffd600",
                "fontSize": 61.64383561643835,
                "fontWeight": "bold",
              }
            }
          >
            Place4 Name4
          </Text>
        </View>
        <View
          onLayout={[Function]}
          style={null}
        >
          <View
            style={
              {
                "display": "flex",
                "flexDirection": "row",
                "marginBottom": 5,
              }
            }
          >
            <View
              style={
                {
                  "alignSelf": "center",
                  "flex": 1,
                }
              }
            >
              <View
                accessible={true}
                collapsable={false}
                focusable={true}
                onClick={[Function]}
                onResponderGrant={[Function]}
                onResponderMove={[Function]}
                onResponderRelease={[Function]}
                onResponderTerminate={[Function]}
                onResponderTerminationRequest={[Function]}
                onStartShouldSetResponder={[Function]}
                style={
                  {
                    "opacity": 1,
                  }
                }
              >
                <Text
                  style={
                    {
                      "color": "#ababab",
                      "fontSize": 41.0958904109589,
                      "fontWeight": "bold",
                    }
                  }
                >
                  vs. Sockeye
                </Text>
                <Text
                  style={
                    {
                      "color": "#ffd600",
                      "fontSize": 20.54794520547945,
                      "fontWeight": "bold",
                    }
                  }
                >
                  3 - 0
                </Text>
              </View>
            </View>
            <View
              collapsable={false}
              style={
                {
                  "alignSelf": undefined,
                  "bottom": undefined,
                  "left": undefined,
                  "position": undefined,
                  "right": undefined,
                  "shadowColor": "#000",
                  "shadowOffset": {
                    "height": 0,
                    "width": 0,
                  },
                  "shadowOpacity": 0,
                  "shadowRadius": 0,
                  "top": undefined,
                }
              }
            >
              <View
                collapsable={false}
                style={
                  {
                    "shadowColor": "#000",
                    "shadowOffset": {
                      "height": 0,
                      "width": 0,
                    },
                    "shadowOpacity": 0,
                    "shadowRadius": 0,
                  }
                }
              >
                <View
                  collapsable={false}
                  style={
                    {
                      "alignItems": "center",
                      "backgroundColor": undefined,
                      "borderColor": "rgba(121, 116, 126, 1)",
                      "borderRadius": 20,
                      "borderWidth": 0,
                      "elevation": 0,
                      "height": 40,
                      "justifyContent": "center",
                      "margin": 6,
                      "overflow": "hidden",
                      "width": 40,
                    }
                  }
                >
                  <View
                    accessibilityComponentType="button"
                    accessibilityRole="button"
                    accessibilityState={
                      {
                        "disabled": false,
                      }
                    }
                    accessibilityTraits="button"
                    accessible={true}
                    centered={true}
                    collapsable={false}
                    focusable={true}
                    hitSlop={
                      {
                        "bottom": 6,
                        "left": 6,
                        "right": 6,
                        "top": 6,
                      }
                    }
                    onBlur={[Function]}
                    onClick={[Function]}
                    onFocus={[Function]}
                    onResponderGrant={[Function]}
                    onResponderMove={[Function]}
                    onResponderRelease={[Function]}
                    onResponderTerminate={[Function]}
                    onResponderTerminationRequest={[Function]}
                    onStartShouldSetResponder={[Function]}
                    style={
                      [
                        {
                          "overflow": "hidden",
                        },
                        false,
                        [
                          {
                            "alignItems": "center",
                            "flexGrow": 1,
                            "justifyContent": "center",
                          },
                          {
                            "borderRadius": 20,
                          },
                        ],
                      ]
                    }
                    testID="go-button"
                  >
                    <Text
                      accessibilityElementsHidden={true}
                      allowFontScaling={false}
                      importantForAccessibility="no-hide-descendants"
                      pointerEvents="none"
                      selectable={false}
                      style={
                        [
                          {
                            "color": "#ffd600",
                            "fontSize": 24,
                          },
                          [
                            {
                              "lineHeight": 24,
                              "transform": [
                                {
                                  "scaleX": 1,
                                },
                              ],
                            },
                            {
                              "backgroundColor": "transparent",
                            },
                          ],
                          {
                            "fontFamily": "Material Design Icons",
                            "fontStyle": "normal",
                            "fontWeight": "normal",
                          },
                          {},
                        ]
                      }
                    >
                      󰅂
                    </Text>
                  </View>
                </View>
              </View>
            </View>
          </View>
        </View>
        <View
          onLayout={[Function]}
          style={null}
        />
        <View
          onLayout={[Function]}
          style={null}
        >
          <Text
            style={
              {
                "color": "#ffd600",
                "fontSize": 61.64383561643835,
                "fontWeight": "bold",
              }
            }
          >
            Place1 Name1
          </Text>
        </View>
        <View
          onLayout={[Function]}
          style={null}
        >
          <View
            style={
              {
                "display": "flex",
                "flexDirection": "row",
                "marginBottom": 5,
              }
            }
          >
            <View
              style={
                {
                  "alignSelf": "center",
                  "flex": 1,
                }
              }
            >
              <View
                accessible={true}
                collapsable={false}
                focusable={true}
                onClick={[Function]}
                onResponderGrant={[Function]}
                onResponderMove={[Function]}
                onResponderRelease={[Function]}
                onResponderTerminate={[Function]}
                onResponderTerminationRequest={[Function]}
                onStartShouldSetResponder={[Function]}
                style={
                  {
                    "opacity": 1,
                  }
                }
              >
                <Text
                  style={
                    {
                      "color": "#ababab",
                      "fontSize": 41.0958904109589,
                      "fontWeight": "bold",
                    }
                  }
                >
                  vs. Sockeye
                </Text>
                <Text
                  style={
                    {
                      "color": "#ffd600",
                      "fontSize": 20.54794520547945,
                      "fontWeight": "bold",
                    }
                  }
                >
                  3 - 0
                </Text>
              </View>
            </View>
            <View
              collapsable={false}
              style={
                {
                  "alignSelf": undefined,
                  "bottom": undefined,
                  "left": undefined,
                  "position": undefined,
                  "right": undefined,
                  "shadowColor": "#000",
                  "shadowOffset": {
                    "height": 0,
                    "width": 0,
                  },
                  "shadowOpacity": 0,
                  "shadowRadius": 0,
                  "top": undefined,
                }
              }
            >
              <View
                collapsable={false}
                style={
                  {
                    "shadowColor": "#000",
                    "shadowOffset": {
                      "height": 0,
                      "width": 0,
                    },
                    "shadowOpacity": 0,
                    "shadowRadius": 0,
                  }
                }
              >
                <View
                  collapsable={false}
                  style={
                    {
                      "alignItems": "center",
                      "backgroundColor": undefined,
                      "borderColor": "rgba(121, 116, 126, 1)",
                      "borderRadius": 20,
                      "borderWidth": 0,
                      "elevation": 0,
                      "height": 40,
                      "justifyContent": "center",
                      "margin": 6,
                      "overflow": "hidden",
                      "width": 40,
                    }
                  }
                >
                  <View
                    accessibilityComponentType="button"
                    accessibilityRole="button"
                    accessibilityState={
                      {
                        "disabled": false,
                      }
                    }
                    accessibilityTraits="button"
                    accessible={true}
                    centered={true}
                    collapsable={false}
                    focusable={true}
                    hitSlop={
                      {
                        "bottom": 6,
                        "left": 6,
                        "right": 6,
                        "top": 6,
                      }
                    }
                    onBlur={[Function]}
                    onClick={[Function]}
                    onFocus={[Function]}
                    onResponderGrant={[Function]}
                    onResponderMove={[Function]}
                    onResponderRelease={[Function]}
                    onResponderTerminate={[Function]}
                    onResponderTerminationRequest={[Function]}
                    onStartShouldSetResponder={[Function]}
                    style={
                      [
                        {
                          "overflow": "hidden",
                        },
                        false,
                        [
                          {
                            "alignItems": "center",
                            "flexGrow": 1,
                            "justifyContent": "center",
                          },
                          {
                            "borderRadius": 20,
                          },
                        ],
                      ]
                    }
                    testID="go-button"
                  >
                    <Text
                      accessibilityElementsHidden={true}
                      allowFontScaling={false}
                      importantForAccessibility="no-hide-descendants"
                      pointerEvents="none"
                      selectable={false}
                      style={
                        [
                          {
                            "color": "#ffd600",
                            "fontSize": 24,
                          },
                          [
                            {
                              "lineHeight": 24,
                              "transform": [
                                {
                                  "scaleX": 1,
                                },
                              ],
                            },
                            {
                              "backgroundColor": "transparent",
                            },
                          ],
                          {
                            "fontFamily": "Material Design Icons",
                            "fontStyle": "normal",
                            "fontWeight": "normal",
                          },
                          {},
                        ]
                      }
                    >
                      󰅂
                    </Text>
                  </View>
                </View>
              </View>
            </View>
          </View>
        </View>
        <View
          onLayout={[Function]}
          style={null}
        />
        <View
          onLayout={[Function]}
          style={null}
        >
          <Text
            style={
              {
                "color": "#ffd600",
                "fontSize": 61.64383561643835,
                "fontWeight": "bold",
              }
            }
          >
            Place2 Name2
          </Text>
        </View>
        <View
          onLayout={[Function]}
          style={null}
        >
          <View
            style={
              {
                "display": "flex",
                "flexDirection": "row",
                "marginBottom": 5,
              }
            }
          >
            <View
              style={
                {
                  "alignSelf": "center",
                  "flex": 1,
                }
              }
            >
              <View
                accessible={true}
                collapsable={false}
                focusable={true}
                onClick={[Function]}
                onResponderGrant={[Function]}
                onResponderMove={[Function]}
                onResponderRelease={[Function]}
                onResponderTerminate={[Function]}
                onResponderTerminationRequest={[Function]}
                onStartShouldSetResponder={[Function]}
                style={
                  {
                    "opacity": 1,
                  }
                }
              >
                <Text
                  style={
                    {
                      "color": "#ababab",
                      "fontSize": 41.0958904109589,
                      "fontWeight": "bold",
                    }
                  }
                >
                  vs. Sockeye
                </Text>
                <Text
                  style={
                    {
                      "color": "#ffd600",
                      "fontSize": 20.54794520547945,
                      "fontWeight": "bold",
                    }
                  }
                >
                  0 - 3
                </Text>
              </View>
            </View>
            <View
              collapsable={false}
              style={
                {
                  "alignSelf": undefined,
                  "bottom": undefined,
                  "left": undefined,
                  "position": undefined,
                  "right": undefined,
                  "shadowColor": "#000",
                  "shadowOffset": {
                    "height": 0,
                    "width": 0,
                  },
                  "shadowOpacity": 0,
                  "shadowRadius": 0,
                  "top": undefined,
                }
              }
            >
              <View
                collapsable={false}
                style={
                  {
                    "shadowColor": "#000",
                    "shadowOffset": {
                      "height": 0,
                      "width": 0,
                    },
                    "shadowOpacity": 0,
                    "shadowRadius": 0,
                  }
                }
              >
                <View
                  collapsable={false}
                  style={
                    {
                      "alignItems": "center",
                      "backgroundColor": undefined,
                      "borderColor": "rgba(121, 116, 126, 1)",
                      "borderRadius": 20,
                      "borderWidth": 0,
                      "elevation": 0,
                      "height": 40,
                      "justifyContent": "center",
                      "margin": 6,
                      "overflow": "hidden",
                      "width": 40,
                    }
                  }
                >
                  <View
                    accessibilityComponentType="button"
                    accessibilityRole="button"
                    accessibilityState={
                      {
                        "disabled": false,
                      }
                    }
                    accessibilityTraits="button"
                    accessible={true}
                    centered={true}
                    collapsable={false}
                    focusable={true}
                    hitSlop={
                      {
                        "bottom": 6,
                        "left": 6,
                        "right": 6,
                        "top": 6,
                      }
                    }
                    onBlur={[Function]}
                    onClick={[Function]}
                    onFocus={[Function]}
                    onResponderGrant={[Function]}
                    onResponderMove={[Function]}
                    onResponderRelease={[Function]}
                    onResponderTerminate={[Function]}
                    onResponderTerminationRequest={[Function]}
                    onStartShouldSetResponder={[Function]}
                    style={
                      [
                        {
                          "overflow": "hidden",
                        },
                        false,
                        [
                          {
                            "alignItems": "center",
                            "flexGrow": 1,
                            "justifyContent": "center",
                          },
                          {
                            "borderRadius": 20,
                          },
                        ],
                      ]
                    }
                    testID="go-button"
                  >
                    <Text
                      accessibilityElementsHidden={true}
                      allowFontScaling={false}
                      importantForAccessibility="no-hide-descendants"
                      pointerEvents="none"
                      selectable={false}
                      style={
                        [
                          {
                            "color": "#ffd600",
                            "fontSize": 24,
                          },
                          [
                            {
                              "lineHeight": 24,
                              "transform": [
                                {
                                  "scaleX": 1,
                                },
                              ],
                            },
                            {
                              "backgroundColor": "transparent",
                            },
                          ],
                          {
                            "fontFamily": "Material Design Icons",
                            "fontStyle": "normal",
                            "fontWeight": "normal",
                          },
                          {},
                        ]
                      }
                    >
                      󰅂
                    </Text>
                  </View>
                </View>
              </View>
            </View>
          </View>
        </View>
        <View
          onLayout={[Function]}
          style={null}
        />
        <View
          onLayout={[Function]}
          style={null}
        >
          <Text
            style={
              {
                "color": "#ffd600",
                "fontSize": 61.64383561643835,
                "fontWeight": "bold",
              }
            }
          >
            Place3 Name3
          </Text>
        </View>
        <View
          style={
            {
              "height": 0,
            }
          }
        />
      </View>
    </RCTScrollView>
  </View>
</RCTSafeAreaView>
`;
