// Jest Snapshot v1, https://goo.gl/fbAQLP

exports[`should match snapshot 1`] = `
<RCTSafeAreaView
  emulateUnlessSupported={true}
  style={
    Object {
      "backgroundColor": "#ffffff",
      "flex": 1,
      "height": "100%",
    }
  }
>
  <RCTScrollView
    refreshControl={
      <RefreshControlMock
        onRefresh={[Function]}
        refreshing={false}
      />
    }
    testID="mtd-flat-list"
  >
    <RCTRefreshControl />
    <View>
      <Text
        numberOfLines={1}
        style={
          Array [
            Object {
              "color": "#3183ff",
              "fontSize": 61.64383561643835,
              "fontWeight": "bold",
            },
            Object {
              "textAlign": "center",
            },
          ]
        }
      >
        name Requests
      </Text>
      <View
        style={
          Object {
            "alignSelf": "center",
            "backgroundColor": "#3183ff",
            "borderColor": "transparent",
            "borderRadius": 4,
            "borderStyle": "solid",
            "borderWidth": 0,
            "elevation": 2,
            "minWidth": "auto",
            "shadowColor": "#000000",
            "shadowOffset": Object {
              "height": 0.75,
              "width": 0,
            },
            "shadowOpacity": 0.24,
            "shadowRadius": 1.5,
          }
        }
      >
        <View
          accessibilityRole="button"
          accessibilityState={
            Object {
              "disabled": false,
            }
          }
          accessible={true}
          focusable={true}
          onClick={[Function]}
          onResponderGrant={[Function]}
          onResponderMove={[Function]}
          onResponderRelease={[Function]}
          onResponderTerminate={[Function]}
          onResponderTerminationRequest={[Function]}
          onStartShouldSetResponder={[Function]}
          style={
            Array [
              Object {
                "overflow": "hidden",
              },
              Object {
                "borderRadius": 4,
              },
            ]
          }
        >
          <View
            style={
              Array [
                Object {
                  "alignItems": "center",
                  "flexDirection": "row",
                  "justifyContent": "center",
                },
                undefined,
              ]
            }
          >
            <Text
              numberOfLines={1}
              selectable={false}
              style={
                Array [
                  Object {
                    "color": "#000000",
                    "fontFamily": "System",
                    "fontWeight": "400",
                  },
                  Object {
                    "textAlign": "left",
                  },
                  Array [
                    Object {
                      "letterSpacing": 1,
                      "marginHorizontal": 16,
                      "marginVertical": 9,
                      "textAlign": "center",
                    },
                    Object {
                      "marginHorizontal": 8,
                    },
                    Object {
                      "textTransform": "uppercase",
                    },
                    Object {
                      "color": "#ffffff",
                      "fontFamily": "System",
                      "fontWeight": "500",
                    },
                    Object {
                      "fontFamily": "System",
                      "fontWeight": "500",
                    },
                    undefined,
                  ],
                ]
              }
            >
              Open Roster
            </Text>
          </View>
        </View>
      </View>
      <View
        style={
          Object {
            "alignSelf": "center",
            "width": "75%",
          }
        }
      >
        <View
          style={
            Object {
              "width": "100%",
            }
          }
        >
          <View
            style={
              Object {
                "display": "flex",
                "flex": 1,
                "flexDirection": "row",
              }
            }
          >
            <Text
              style={
                Object {
                  "color": "#3183ff",
                  "flex": 1,
                  "fontSize": 61.64383561643835,
                  "fontWeight": "bold",
                  "marginBottom": 10,
                }
              }
            >
              Request From Players
            </Text>
          </View>
          <Text
            style={
              Object {
                "fontSize": 41.0958904109589,
                "marginBottom": 50,
              }
            }
          >
            No open requests from players
          </Text>
        </View>
        <View
          style={
            Object {
              "width": "100%",
            }
          }
        >
          <View
            style={
              Object {
                "display": "flex",
                "flex": 1,
                "flexDirection": "row",
              }
            }
          >
            <Text
              style={
                Object {
                  "color": "#3183ff",
                  "flex": 1,
                  "fontSize": 61.64383561643835,
                  "fontWeight": "bold",
                  "marginBottom": 10,
                }
              }
            >
              Requests To Players
            </Text>
            <View
              accessibilityRole="button"
              accessibilityState={
                Object {
                  "disabled": false,
                }
              }
              accessible={true}
              focusable={true}
              hitSlop={
                Object {
                  "bottom": 6,
                  "left": 6,
                  "right": 6,
                  "top": 6,
                }
              }
              onClick={[Function]}
              onResponderGrant={[Function]}
              onResponderMove={[Function]}
              onResponderRelease={[Function]}
              onResponderTerminate={[Function]}
              onResponderTerminationRequest={[Function]}
              onStartShouldSetResponder={[Function]}
              style={
                Array [
                  Object {
                    "overflow": "hidden",
                  },
                  Array [
                    Object {
                      "alignItems": "center",
                      "justifyContent": "center",
                      "margin": 6,
                      "overflow": "hidden",
                    },
                    Object {
                      "borderRadius": 18,
                      "height": 36,
                      "width": 36,
                    },
                    undefined,
                    Object {
                      "backgroundColor": "#3183ff",
                      "borderRadius": 5,
                      "display": "flex",
                      "flexWrap": "nowrap",
                    },
                  ],
                ]
              }
              testID="create-button"
            >
              <View>
                <Text
                  accessibilityElementsHidden={true}
                  allowFontScaling={false}
                  importantForAccessibility="no-hide-descendants"
                  pointerEvents="none"
                  selectable={false}
                  style={
                    Array [
                      Object {
                        "color": "#ffffff",
                        "fontSize": 24,
                      },
                      Array [
                        Object {
                          "lineHeight": 24,
                          "transform": Array [
                            Object {
                              "scaleX": 1,
                            },
                          ],
                        },
                        Object {
                          "backgroundColor": "transparent",
                        },
                      ],
                      Object {
                        "fontFamily": "Material Design Icons",
                        "fontStyle": "normal",
                        "fontWeight": "normal",
                      },
                      Object {},
                    ]
                  }
                >
                  Û∞êï
                </Text>
              </View>
            </View>
          </View>
          <Text
            style={
              Object {
                "fontSize": 41.0958904109589,
                "marginBottom": 50,
              }
            }
          >
            No open requests to players
          </Text>
        </View>
      </View>
    </View>
  </RCTScrollView>
</RCTSafeAreaView>
`;
