// Jest Snapshot v1, https://goo.gl/fbAQLP

exports[`should match snapshot 1`] = `
<RCTSafeAreaView
  style={
    {
      "backgroundColor": "#303030",
      "height": "100%",
    }
  }
>
  <RCTScrollView
    refreshControl={
      <RefreshControlMock
        onRefresh={[Function]}
        refreshing={false}
      />
    }
    testID="mt-scroll-view"
  >
    <RCTRefreshControl />
    <View>
      <Text
        numberOfLines={1}
        style={
          [
            {
              "color": "#ffd600",
              "fontSize": 61.64383561643835,
              "fontWeight": "bold",
            },
            {
              "alignSelf": "center",
            },
          ]
        }
      >
        My Requests
      </Text>
      <View
        style={
          {
            "alignSelf": "center",
            "width": "75%",
          }
        }
      >
        <View
          collapsable={false}
          style={
            {
              "alignSelf": "center",
              "bottom": undefined,
              "left": undefined,
              "position": undefined,
              "right": undefined,
              "shadowColor": "#000",
              "shadowOffset": {
                "height": 0,
                "width": 0,
              },
              "shadowOpacity": 0,
              "shadowRadius": 0,
              "top": undefined,
            }
          }
        >
          <View
            collapsable={false}
            style={
              {
                "shadowColor": "#000",
                "shadowOffset": {
                  "height": 0,
                  "width": 0,
                },
                "shadowOpacity": 0,
                "shadowRadius": 0,
              }
            }
          >
            <View
              collapsable={false}
              style={
                {
                  "backgroundColor": "#ffd600",
                  "borderColor": "transparent",
                  "borderRadius": 20,
                  "borderStyle": "solid",
                  "borderWidth": 0,
                  "minWidth": "auto",
                }
              }
            >
              <View
                accessibilityRole="button"
                accessibilityState={
                  {
                    "disabled": false,
                  }
                }
                accessible={true}
                collapsable={false}
                focusable={true}
                onBlur={[Function]}
                onClick={[Function]}
                onFocus={[Function]}
                onResponderGrant={[Function]}
                onResponderMove={[Function]}
                onResponderRelease={[Function]}
                onResponderTerminate={[Function]}
                onResponderTerminationRequest={[Function]}
                onStartShouldSetResponder={[Function]}
                style={
                  [
                    {
                      "overflow": "hidden",
                    },
                    false,
                    {
                      "borderRadius": 20,
                    },
                  ]
                }
                testID="button"
              >
                <View
                  style={
                    [
                      {
                        "alignItems": "center",
                        "flexDirection": "row",
                        "justifyContent": "center",
                      },
                      undefined,
                    ]
                  }
                >
                  <Text
                    numberOfLines={1}
                    selectable={false}
                    style={
                      [
                        {
                          "color": "rgba(28, 27, 31, 1)",
                          "fontFamily": "System",
                          "fontSize": 14,
                          "fontWeight": "500",
                          "letterSpacing": 0.1,
                          "lineHeight": 20,
                        },
                        {
                          "textAlign": "left",
                        },
                        {
                          "writingDirection": "ltr",
                        },
                        [
                          {
                            "marginHorizontal": 16,
                            "marginVertical": 9,
                            "textAlign": "center",
                          },
                          false,
                          {
                            "marginHorizontal": 24,
                            "marginVertical": 10,
                          },
                          {
                            "marginHorizontal": 8,
                          },
                          false,
                          {
                            "color": "#000000",
                            "fontFamily": "System",
                            "fontSize": 14,
                            "fontWeight": "500",
                            "letterSpacing": 0.1,
                            "lineHeight": 20,
                          },
                          undefined,
                        ],
                      ]
                    }
                  >
                    allow requests
                  </Text>
                </View>
              </View>
            </View>
          </View>
        </View>
        <View
          style={
            {
              "width": "100%",
            }
          }
        >
          <View
            style={
              {
                "display": "flex",
                "flex": 1,
                "flexDirection": "row",
              }
            }
          >
            <Text
              style={
                {
                  "color": "#ffd600",
                  "flex": 1,
                  "fontSize": 61.64383561643835,
                  "fontWeight": "bold",
                  "marginBottom": 10,
                }
              }
            >
              Requests From Teams
            </Text>
          </View>
          <View
            style={
              {
                "display": "flex",
                "flexDirection": "row",
                "marginBottom": 5,
              }
            }
          >
            <View
              style={
                {
                  "alignSelf": "center",
                  "flex": 1,
                }
              }
            >
              <View
                accessible={true}
                collapsable={false}
                focusable={false}
                onClick={[Function]}
                onResponderGrant={[Function]}
                onResponderMove={[Function]}
                onResponderRelease={[Function]}
                onResponderTerminate={[Function]}
                onResponderTerminationRequest={[Function]}
                onStartShouldSetResponder={[Function]}
                style={
                  {
                    "opacity": 1,
                  }
                }
              >
                <Text
                  style={
                    {
                      "color": "#ababab",
                      "fontSize": 41.0958904109589,
                      "fontWeight": "bold",
                    }
                  }
                >
                  place5 name5
                </Text>
                <Text
                  style={
                    {
                      "color": "#ffd600",
                      "fontSize": 30.821917808219176,
                      "fontWeight": "bold",
                    }
                  }
                >
                  @
                  place5name5
                </Text>
                <Text
                  style={
                    {
                      "color": "#ffd600",
                      "fontSize": 20.54794520547945,
                      "fontWeight": "bold",
                    }
                  }
                >
                  2022
                </Text>
              </View>
            </View>
            <View
              collapsable={false}
              style={
                {
                  "alignSelf": undefined,
                  "bottom": undefined,
                  "left": undefined,
                  "position": undefined,
                  "right": undefined,
                  "shadowColor": "#000",
                  "shadowOffset": {
                    "height": 0,
                    "width": 0,
                  },
                  "shadowOpacity": 0,
                  "shadowRadius": 0,
                  "top": undefined,
                }
              }
            >
              <View
                collapsable={false}
                style={
                  {
                    "shadowColor": "#000",
                    "shadowOffset": {
                      "height": 0,
                      "width": 0,
                    },
                    "shadowOpacity": 0,
                    "shadowRadius": 0,
                  }
                }
              >
                <View
                  collapsable={false}
                  style={
                    {
                      "alignItems": "center",
                      "backgroundColor": undefined,
                      "borderColor": "rgba(121, 116, 126, 1)",
                      "borderRadius": 20,
                      "borderWidth": 0,
                      "elevation": 0,
                      "height": 40,
                      "justifyContent": "center",
                      "margin": 6,
                      "overflow": "hidden",
                      "width": 40,
                    }
                  }
                >
                  <View
                    accessibilityComponentType="button"
                    accessibilityRole="button"
                    accessibilityState={
                      {
                        "disabled": false,
                      }
                    }
                    accessibilityTraits="button"
                    accessible={true}
                    centered={true}
                    collapsable={false}
                    focusable={true}
                    hitSlop={
                      {
                        "bottom": 6,
                        "left": 6,
                        "right": 6,
                        "top": 6,
                      }
                    }
                    onBlur={[Function]}
                    onClick={[Function]}
                    onFocus={[Function]}
                    onResponderGrant={[Function]}
                    onResponderMove={[Function]}
                    onResponderRelease={[Function]}
                    onResponderTerminate={[Function]}
                    onResponderTerminationRequest={[Function]}
                    onStartShouldSetResponder={[Function]}
                    style={
                      [
                        {
                          "overflow": "hidden",
                        },
                        false,
                        [
                          {
                            "alignItems": "center",
                            "flexGrow": 1,
                            "justifyContent": "center",
                          },
                          {
                            "borderRadius": 20,
                          },
                        ],
                      ]
                    }
                    testID="accept-button"
                  >
                    <Text
                      accessibilityElementsHidden={true}
                      allowFontScaling={false}
                      importantForAccessibility="no-hide-descendants"
                      pointerEvents="none"
                      selectable={false}
                      style={
                        [
                          {
                            "color": "#40dd50",
                            "fontSize": 24,
                          },
                          [
                            {
                              "lineHeight": 24,
                              "transform": [
                                {
                                  "scaleX": 1,
                                },
                              ],
                            },
                            {
                              "backgroundColor": "transparent",
                            },
                          ],
                          {
                            "fontFamily": "Material Design Icons",
                            "fontStyle": "normal",
                            "fontWeight": "normal",
                          },
                          {},
                        ]
                      }
                    >
                      󰐕
                    </Text>
                  </View>
                </View>
              </View>
            </View>
            <View
              collapsable={false}
              style={
                {
                  "alignSelf": undefined,
                  "bottom": undefined,
                  "left": undefined,
                  "position": undefined,
                  "right": undefined,
                  "shadowColor": "#000",
                  "shadowOffset": {
                    "height": 0,
                    "width": 0,
                  },
                  "shadowOpacity": 0,
                  "shadowRadius": 0,
                  "top": undefined,
                }
              }
            >
              <View
                collapsable={false}
                style={
                  {
                    "shadowColor": "#000",
                    "shadowOffset": {
                      "height": 0,
                      "width": 0,
                    },
                    "shadowOpacity": 0,
                    "shadowRadius": 0,
                  }
                }
              >
                <View
                  collapsable={false}
                  style={
                    {
                      "alignItems": "center",
                      "backgroundColor": undefined,
                      "borderColor": "rgba(121, 116, 126, 1)",
                      "borderRadius": 20,
                      "borderWidth": 0,
                      "elevation": 0,
                      "height": 40,
                      "justifyContent": "center",
                      "margin": 6,
                      "overflow": "hidden",
                      "width": 40,
                    }
                  }
                >
                  <View
                    accessibilityComponentType="button"
                    accessibilityRole="button"
                    accessibilityState={
                      {
                        "disabled": false,
                      }
                    }
                    accessibilityTraits="button"
                    accessible={true}
                    centered={true}
                    collapsable={false}
                    focusable={true}
                    hitSlop={
                      {
                        "bottom": 6,
                        "left": 6,
                        "right": 6,
                        "top": 6,
                      }
                    }
                    onBlur={[Function]}
                    onClick={[Function]}
                    onFocus={[Function]}
                    onResponderGrant={[Function]}
                    onResponderMove={[Function]}
                    onResponderRelease={[Function]}
                    onResponderTerminate={[Function]}
                    onResponderTerminationRequest={[Function]}
                    onStartShouldSetResponder={[Function]}
                    style={
                      [
                        {
                          "overflow": "hidden",
                        },
                        false,
                        [
                          {
                            "alignItems": "center",
                            "flexGrow": 1,
                            "justifyContent": "center",
                          },
                          {
                            "borderRadius": 20,
                          },
                        ],
                      ]
                    }
                    testID="delete-button"
                  >
                    <Text
                      accessibilityElementsHidden={true}
                      allowFontScaling={false}
                      importantForAccessibility="no-hide-descendants"
                      pointerEvents="none"
                      selectable={false}
                      style={
                        [
                          {
                            "color": "#ff0000",
                            "fontSize": 24,
                          },
                          [
                            {
                              "lineHeight": 24,
                              "transform": [
                                {
                                  "scaleX": 1,
                                },
                              ],
                            },
                            {
                              "backgroundColor": "transparent",
                            },
                          ],
                          {
                            "fontFamily": "Material Design Icons",
                            "fontStyle": "normal",
                            "fontWeight": "normal",
                          },
                          {},
                        ]
                      }
                    >
                      󰅖
                    </Text>
                  </View>
                </View>
              </View>
            </View>
          </View>
        </View>
        <View
          style={
            {
              "width": "100%",
            }
          }
        >
          <View
            style={
              {
                "display": "flex",
                "flex": 1,
                "flexDirection": "row",
              }
            }
          >
            <Text
              style={
                {
                  "color": "#ffd600",
                  "flex": 1,
                  "fontSize": 61.64383561643835,
                  "fontWeight": "bold",
                  "marginBottom": 10,
                }
              }
            >
              Requests To Teams
            </Text>
            <View
              collapsable={false}
              style={
                {
                  "alignSelf": undefined,
                  "bottom": undefined,
                  "left": undefined,
                  "position": undefined,
                  "right": undefined,
                  "shadowColor": "#000",
                  "shadowOffset": {
                    "height": 0,
                    "width": 0,
                  },
                  "shadowOpacity": 0,
                  "shadowRadius": 0,
                  "top": undefined,
                }
              }
            >
              <View
                collapsable={false}
                style={
                  {
                    "shadowColor": "#000",
                    "shadowOffset": {
                      "height": 0,
                      "width": 0,
                    },
                    "shadowOpacity": 0,
                    "shadowRadius": 0,
                  }
                }
              >
                <View
                  collapsable={false}
                  style={
                    {
                      "backgroundColor": "#ffd600",
                      "borderColor": "rgba(121, 116, 126, 1)",
                      "borderRadius": 5,
                      "borderWidth": 0,
                      "display": "flex",
                      "elevation": 0,
                      "flexWrap": "nowrap",
                      "height": 40,
                      "margin": 6,
                      "overflow": "hidden",
                      "width": 40,
                    }
                  }
                >
                  <View
                    accessibilityComponentType="button"
                    accessibilityRole="button"
                    accessibilityState={
                      {
                        "disabled": false,
                      }
                    }
                    accessibilityTraits="button"
                    accessible={true}
                    centered={true}
                    collapsable={false}
                    focusable={true}
                    hitSlop={
                      {
                        "bottom": 6,
                        "left": 6,
                        "right": 6,
                        "top": 6,
                      }
                    }
                    onBlur={[Function]}
                    onClick={[Function]}
                    onFocus={[Function]}
                    onResponderGrant={[Function]}
                    onResponderMove={[Function]}
                    onResponderRelease={[Function]}
                    onResponderTerminate={[Function]}
                    onResponderTerminationRequest={[Function]}
                    onStartShouldSetResponder={[Function]}
                    style={
                      [
                        {
                          "overflow": "hidden",
                        },
                        false,
                        [
                          {
                            "alignItems": "center",
                            "flexGrow": 1,
                            "justifyContent": "center",
                          },
                          {
                            "borderRadius": 5,
                          },
                        ],
                      ]
                    }
                    testID="create-button"
                  >
                    <Text
                      accessibilityElementsHidden={true}
                      allowFontScaling={false}
                      importantForAccessibility="no-hide-descendants"
                      pointerEvents="none"
                      selectable={false}
                      style={
                        [
                          {
                            "color": "#303030",
                            "fontSize": 24,
                          },
                          [
                            {
                              "lineHeight": 24,
                              "transform": [
                                {
                                  "scaleX": 1,
                                },
                              ],
                            },
                            {
                              "backgroundColor": "transparent",
                            },
                          ],
                          {
                            "fontFamily": "Material Design Icons",
                            "fontStyle": "normal",
                            "fontWeight": "normal",
                          },
                          {},
                        ]
                      }
                    >
                      󰐕
                    </Text>
                  </View>
                </View>
              </View>
            </View>
          </View>
          <View
            style={
              {
                "display": "flex",
                "flexDirection": "row",
                "marginBottom": 5,
              }
            }
          >
            <View
              style={
                {
                  "alignSelf": "center",
                  "flex": 1,
                }
              }
            >
              <View
                accessible={true}
                collapsable={false}
                focusable={false}
                onClick={[Function]}
                onResponderGrant={[Function]}
                onResponderMove={[Function]}
                onResponderRelease={[Function]}
                onResponderTerminate={[Function]}
                onResponderTerminationRequest={[Function]}
                onStartShouldSetResponder={[Function]}
                style={
                  {
                    "opacity": 1,
                  }
                }
              >
                <Text
                  style={
                    {
                      "color": "#ababab",
                      "fontSize": 41.0958904109589,
                      "fontWeight": "bold",
                    }
                  }
                >
                  place6 name6
                </Text>
                <Text
                  style={
                    {
                      "color": "#ffd600",
                      "fontSize": 30.821917808219176,
                      "fontWeight": "bold",
                    }
                  }
                >
                  @
                  place6name6
                </Text>
                <Text
                  style={
                    {
                      "color": "#ffd600",
                      "fontSize": 20.54794520547945,
                      "fontWeight": "bold",
                    }
                  }
                >
                  2022
                </Text>
                <Text
                  style={
                    {
                      "color": "#ababab",
                      "fontSize": 20.54794520547945,
                      "fontWeight": "bold",
                    }
                  }
                >
                  Pending
                </Text>
              </View>
            </View>
            <View
              collapsable={false}
              style={
                {
                  "alignSelf": undefined,
                  "bottom": undefined,
                  "left": undefined,
                  "position": undefined,
                  "right": undefined,
                  "shadowColor": "#000",
                  "shadowOffset": {
                    "height": 0,
                    "width": 0,
                  },
                  "shadowOpacity": 0,
                  "shadowRadius": 0,
                  "top": undefined,
                }
              }
            >
              <View
                collapsable={false}
                style={
                  {
                    "shadowColor": "#000",
                    "shadowOffset": {
                      "height": 0,
                      "width": 0,
                    },
                    "shadowOpacity": 0,
                    "shadowRadius": 0,
                  }
                }
              >
                <View
                  collapsable={false}
                  style={
                    {
                      "alignItems": "center",
                      "backgroundColor": undefined,
                      "borderColor": "rgba(121, 116, 126, 1)",
                      "borderRadius": 20,
                      "borderWidth": 0,
                      "elevation": 0,
                      "height": 40,
                      "justifyContent": "center",
                      "margin": 6,
                      "overflow": "hidden",
                      "width": 40,
                    }
                  }
                >
                  <View
                    accessibilityComponentType="button"
                    accessibilityRole="button"
                    accessibilityState={
                      {
                        "disabled": false,
                      }
                    }
                    accessibilityTraits="button"
                    accessible={true}
                    centered={true}
                    collapsable={false}
                    focusable={true}
                    hitSlop={
                      {
                        "bottom": 6,
                        "left": 6,
                        "right": 6,
                        "top": 6,
                      }
                    }
                    onBlur={[Function]}
                    onClick={[Function]}
                    onFocus={[Function]}
                    onResponderGrant={[Function]}
                    onResponderMove={[Function]}
                    onResponderRelease={[Function]}
                    onResponderTerminate={[Function]}
                    onResponderTerminationRequest={[Function]}
                    onStartShouldSetResponder={[Function]}
                    style={
                      [
                        {
                          "overflow": "hidden",
                        },
                        false,
                        [
                          {
                            "alignItems": "center",
                            "flexGrow": 1,
                            "justifyContent": "center",
                          },
                          {
                            "borderRadius": 20,
                          },
                        ],
                      ]
                    }
                    testID="delete-button"
                  >
                    <Text
                      accessibilityElementsHidden={true}
                      allowFontScaling={false}
                      importantForAccessibility="no-hide-descendants"
                      pointerEvents="none"
                      selectable={false}
                      style={
                        [
                          {
                            "color": "#ff0000",
                            "fontSize": 24,
                          },
                          [
                            {
                              "lineHeight": 24,
                              "transform": [
                                {
                                  "scaleX": 1,
                                },
                              ],
                            },
                            {
                              "backgroundColor": "transparent",
                            },
                          ],
                          {
                            "fontFamily": "Material Design Icons",
                            "fontStyle": "normal",
                            "fontWeight": "normal",
                          },
                          {},
                        ]
                      }
                    >
                      󰅖
                    </Text>
                  </View>
                </View>
              </View>
            </View>
          </View>
        </View>
      </View>
    </View>
  </RCTScrollView>
</RCTSafeAreaView>
`;
