// Jest Snapshot v1, https://goo.gl/fbAQLP

exports[`should match snapshot 1`] = `
<Modal
  animationType="slide"
  hardwareAccelerated={false}
  onRequestClose={[Function]}
  testID="base-modal"
  transparent={true}
  visible={true}
>
  <View
    style={
      {
        "alignItems": "center",
        "backgroundColor": "#30303050",
        "display": "flex",
        "flex": 1,
        "flexDirection": "row",
        "justifyContent": "center",
      }
    }
  >
    <View
      style={
        {
          "alignItems": "center",
          "backgroundColor": "#1a1a1a",
          "borderColor": "#ffd600",
          "borderRadius": 10,
          "color": "#ffd600",
          "elevation": 5,
          "flex": 1,
          "margin": 20,
          "padding": 25,
          "shadowColor": "#ffd600",
        }
      }
    >
      <View
        style={
          {
            "display": "flex",
            "flexDirection": "row",
          }
        }
      >
        <Text
          style={
            {
              "color": "#ffd600",
              "flex": 1,
              "fontSize": 61.64383561643835,
              "fontWeight": "bold",
            }
          }
        >
          Filters
        </Text>
        <View
          collapsable={false}
          style={
            {
              "backgroundColor": "transparent",
              "borderRadius": 20,
              "shadowColor": "#000",
              "shadowOffset": {
                "height": 0,
                "width": 0,
              },
              "shadowOpacity": 0,
              "shadowRadius": 0,
            }
          }
          testID="button-container-outer-layer"
        >
          <View
            collapsable={false}
            style={
              {
                "backgroundColor": "transparent",
                "borderColor": "#ffd600",
                "borderRadius": 20,
                "borderStyle": "solid",
                "borderWidth": 1,
                "flex": undefined,
                "minWidth": 64,
                "shadowColor": "#000",
                "shadowOffset": {
                  "height": 0,
                  "width": 0,
                },
                "shadowOpacity": 0,
                "shadowRadius": 0,
              }
            }
            testID="button-container"
          >
            <View
              accessibilityRole="button"
              accessibilityState={
                {
                  "busy": undefined,
                  "checked": undefined,
                  "disabled": false,
                  "expanded": undefined,
                  "selected": undefined,
                }
              }
              accessibilityValue={
                {
                  "max": undefined,
                  "min": undefined,
                  "now": undefined,
                  "text": undefined,
                }
              }
              accessible={true}
              collapsable={false}
              focusable={true}
              onBlur={[Function]}
              onClick={[Function]}
              onFocus={[Function]}
              onResponderGrant={[Function]}
              onResponderMove={[Function]}
              onResponderRelease={[Function]}
              onResponderTerminate={[Function]}
              onResponderTerminationRequest={[Function]}
              onStartShouldSetResponder={[Function]}
              style={
                [
                  {
                    "overflow": "hidden",
                  },
                  {
                    "borderRadius": 20,
                  },
                ]
              }
              testID="button"
            >
              <View
                style={
                  [
                    {
                      "alignItems": "center",
                      "flexDirection": "row",
                      "justifyContent": "center",
                    },
                    undefined,
                  ]
                }
              >
                <Text
                  numberOfLines={1}
                  selectable={false}
                  style={
                    [
                      {
                        "textAlign": "left",
                      },
                      {
                        "color": "rgba(28, 27, 31, 1)",
                        "writingDirection": "ltr",
                      },
                      [
                        {
                          "fontFamily": "System",
                          "fontSize": 14,
                          "fontWeight": "500",
                          "letterSpacing": 0.1,
                          "lineHeight": 20,
                        },
                        [
                          {
                            "marginHorizontal": 16,
                            "marginVertical": 9,
                            "textAlign": "center",
                          },
                          false,
                          {
                            "marginHorizontal": 24,
                            "marginVertical": 10,
                          },
                          undefined,
                          {
                            "textTransform": "uppercase",
                          },
                          {
                            "color": "#ffd600",
                            "fontFamily": "System",
                            "fontSize": 14,
                            "fontWeight": "500",
                            "letterSpacing": 0.1,
                            "lineHeight": 20,
                          },
                          undefined,
                        ],
                      ],
                    ]
                  }
                  testID="button-text"
                >
                  clear
                </Text>
              </View>
            </View>
          </View>
        </View>
      </View>
      <View>
        <View
          style={
            {
              "display": "flex",
              "flexDirection": "row",
              "marginTop": 10,
            }
          }
        >
          <View
            accessibilityRole="radiogroup"
          >
            <View
              style={
                {
                  "display": "flex",
                  "flexDirection": "row",
                  "marginTop": 10,
                }
              }
            >
              <Text
                style={
                  {
                    "color": "#ffd600",
                    "fontSize": 41.0958904109589,
                    "fontWeight": "bold",
                    "width": 250,
                  }
                }
              >
                All Games
              </Text>
              <View
                accessibilityLiveRegion="polite"
                accessibilityRole="radio"
                accessibilityState={
                  {
                    "busy": undefined,
                    "checked": false,
                    "disabled": false,
                    "expanded": undefined,
                    "selected": undefined,
                  }
                }
                accessibilityValue={
                  {
                    "max": undefined,
                    "min": undefined,
                    "now": undefined,
                    "text": undefined,
                  }
                }
                accessible={true}
                collapsable={false}
                color="#ffd600"
                focusable={true}
                onBlur={[Function]}
                onClick={[Function]}
                onFocus={[Function]}
                onResponderGrant={[Function]}
                onResponderMove={[Function]}
                onResponderRelease={[Function]}
                onResponderTerminate={[Function]}
                onResponderTerminationRequest={[Function]}
                onStartShouldSetResponder={[Function]}
                style={
                  [
                    {
                      "overflow": "hidden",
                    },
                    {
                      "borderRadius": 18,
                      "padding": 6,
                    },
                  ]
                }
                uncheckedColor="#7AC6FF"
              >
                <View
                  style={
                    {
                      "opacity": 0,
                    }
                  }
                >
                  <Text
                    accessibilityElementsHidden={true}
                    allowFontScaling={false}
                    importantForAccessibility="no-hide-descendants"
                    pointerEvents="none"
                    selectable={false}
                    style={
                      [
                        {
                          "color": "#ffd600",
                          "fontSize": 24,
                        },
                        [
                          {
                            "lineHeight": 24,
                            "transform": [
                              {
                                "scaleX": 1,
                              },
                            ],
                          },
                          {
                            "backgroundColor": "transparent",
                          },
                        ],
                        {
                          "fontFamily": "Material Design Icons",
                          "fontStyle": "normal",
                          "fontWeight": "normal",
                        },
                        {},
                      ]
                    }
                  >
                    ó°„¬
                  </Text>
                </View>
              </View>
            </View>
            <View
              style={
                {
                  "display": "flex",
                  "flexDirection": "row",
                  "marginTop": 10,
                }
              }
            >
              <Text
                style={
                  {
                    "color": "#ffd600",
                    "fontSize": 41.0958904109589,
                    "fontWeight": "bold",
                    "width": 250,
                  }
                }
              >
                Live Games
              </Text>
              <View
                accessibilityLiveRegion="polite"
                accessibilityRole="radio"
                accessibilityState={
                  {
                    "busy": undefined,
                    "checked": true,
                    "disabled": false,
                    "expanded": undefined,
                    "selected": undefined,
                  }
                }
                accessibilityValue={
                  {
                    "max": undefined,
                    "min": undefined,
                    "now": undefined,
                    "text": undefined,
                  }
                }
                accessible={true}
                collapsable={false}
                color="#ffd600"
                focusable={true}
                onBlur={[Function]}
                onClick={[Function]}
                onFocus={[Function]}
                onResponderGrant={[Function]}
                onResponderMove={[Function]}
                onResponderRelease={[Function]}
                onResponderTerminate={[Function]}
                onResponderTerminationRequest={[Function]}
                onStartShouldSetResponder={[Function]}
                style={
                  [
                    {
                      "overflow": "hidden",
                    },
                    {
                      "borderRadius": 18,
                      "padding": 6,
                    },
                  ]
                }
                uncheckedColor="#7AC6FF"
              >
                <View
                  style={
                    {
                      "opacity": 1,
                    }
                  }
                >
                  <Text
                    accessibilityElementsHidden={true}
                    allowFontScaling={false}
                    importantForAccessibility="no-hide-descendants"
                    pointerEvents="none"
                    selectable={false}
                    style={
                      [
                        {
                          "color": "#ffd600",
                          "fontSize": 24,
                        },
                        [
                          {
                            "lineHeight": 24,
                            "transform": [
                              {
                                "scaleX": 1,
                              },
                            ],
                          },
                          {
                            "backgroundColor": "transparent",
                          },
                        ],
                        {
                          "fontFamily": "Material Design Icons",
                          "fontStyle": "normal",
                          "fontWeight": "normal",
                        },
                        {},
                      ]
                    }
                  >
                    ó°„¬
                  </Text>
                </View>
              </View>
            </View>
            <View
              style={
                {
                  "display": "flex",
                  "flexDirection": "row",
                  "marginTop": 10,
                }
              }
            >
              <Text
                style={
                  {
                    "color": "#ffd600",
                    "fontSize": 41.0958904109589,
                    "fontWeight": "bold",
                    "width": 250,
                  }
                }
              >
                Completed Games
              </Text>
              <View
                accessibilityLiveRegion="polite"
                accessibilityRole="radio"
                accessibilityState={
                  {
                    "busy": undefined,
                    "checked": false,
                    "disabled": false,
                    "expanded": undefined,
                    "selected": undefined,
                  }
                }
                accessibilityValue={
                  {
                    "max": undefined,
                    "min": undefined,
                    "now": undefined,
                    "text": undefined,
                  }
                }
                accessible={true}
                collapsable={false}
                color="#ffd600"
                focusable={true}
                onBlur={[Function]}
                onClick={[Function]}
                onFocus={[Function]}
                onResponderGrant={[Function]}
                onResponderMove={[Function]}
                onResponderRelease={[Function]}
                onResponderTerminate={[Function]}
                onResponderTerminationRequest={[Function]}
                onStartShouldSetResponder={[Function]}
                style={
                  [
                    {
                      "overflow": "hidden",
                    },
                    {
                      "borderRadius": 18,
                      "padding": 6,
                    },
                  ]
                }
                uncheckedColor="#7AC6FF"
              >
                <View
                  style={
                    {
                      "opacity": 0,
                    }
                  }
                >
                  <Text
                    accessibilityElementsHidden={true}
                    allowFontScaling={false}
                    importantForAccessibility="no-hide-descendants"
                    pointerEvents="none"
                    selectable={false}
                    style={
                      [
                        {
                          "color": "#ffd600",
                          "fontSize": 24,
                        },
                        [
                          {
                            "lineHeight": 24,
                            "transform": [
                              {
                                "scaleX": 1,
                              },
                            ],
                          },
                          {
                            "backgroundColor": "transparent",
                          },
                        ],
                        {
                          "fontFamily": "Material Design Icons",
                          "fontStyle": "normal",
                          "fontWeight": "normal",
                        },
                        {},
                      ]
                    }
                  >
                    ó°„¬
                  </Text>
                </View>
              </View>
            </View>
          </View>
        </View>
        <View
          style={
            {
              "display": "flex",
              "flexDirection": "row",
              "marginTop": 10,
            }
          }
        >
          <View>
            <View
              style={
                {
                  "display": "flex",
                  "flexDirection": "row",
                }
              }
            >
              <View
                style={
                  {
                    "color": "#ffd600",
                  }
                }
              >
                <View
                  pointerEvents="none"
                  style={
                    [
                      {
                        "bottom": 0,
                        "left": 0,
                        "position": "absolute",
                        "right": 0,
                        "top": 6,
                      },
                      {
                        "backgroundColor": "#1a1a1a",
                        "borderColor": "#7AC6FF",
                        "borderRadius": 4,
                        "borderWidth": 1,
                      },
                      undefined,
                    ]
                  }
                  testID="text-input-outline"
                />
                <View>
                  <View
                    style={
                      [
                        {
                          "paddingBottom": 0,
                        },
                        {
                          "minHeight": 56,
                          "paddingTop": 8,
                        },
                      ]
                    }
                  >
                    <TextInput
                      cursorColor="#ffd600"
                      editable={true}
                      focusable={false}
                      maxFontSizeMultiplier={1.5}
                      multiline={false}
                      onBlur={[Function]}
                      onChangeText={[Function]}
                      onFocus={[Function]}
                      onPressOut={[Function]}
                      placeholder="10/01/22"
                      placeholderTextColor="#ffd600"
                      selectionColor="#ffd600"
                      style={
                        [
                          {
                            "margin": 0,
                            "zIndex": 1,
                          },
                          {
                            "height": 48,
                          },
                          {
                            "paddingBottom": 0,
                            "paddingTop": 0,
                          },
                          {
                            "color": "rgba(28, 27, 31, 1)",
                            "fontFamily": "System",
                            "fontSize": 16,
                            "fontWeight": undefined,
                            "letterSpacing": 0.15,
                            "lineHeight": undefined,
                            "paddingHorizontal": 16,
                            "textAlign": "left",
                            "textAlignVertical": "center",
                          },
                          false,
                          [
                            {},
                          ],
                          undefined,
                        ]
                      }
                      testID="date-text-input"
                      underlineColorAndroid="transparent"
                    />
                  </View>
                </View>
              </View>
            </View>
          </View>
          <Text
            style={
              [
                {
                  "color": "#ffd600",
                  "fontSize": 41.0958904109589,
                  "fontWeight": "bold",
                },
                {
                  "margin": 20,
                },
              ]
            }
          >
            to
          </Text>
          <View>
            <View
              style={
                {
                  "display": "flex",
                  "flexDirection": "row",
                }
              }
            >
              <View
                style={
                  {
                    "color": "#ffd600",
                  }
                }
              >
                <View
                  pointerEvents="none"
                  style={
                    [
                      {
                        "bottom": 0,
                        "left": 0,
                        "position": "absolute",
                        "right": 0,
                        "top": 6,
                      },
                      {
                        "backgroundColor": "#1a1a1a",
                        "borderColor": "#7AC6FF",
                        "borderRadius": 4,
                        "borderWidth": 1,
                      },
                      undefined,
                    ]
                  }
                  testID="text-input-outline"
                />
                <View>
                  <View
                    style={
                      [
                        {
                          "paddingBottom": 0,
                        },
                        {
                          "minHeight": 56,
                          "paddingTop": 8,
                        },
                      ]
                    }
                  >
                    <TextInput
                      cursorColor="#ffd600"
                      editable={true}
                      focusable={false}
                      maxFontSizeMultiplier={1.5}
                      multiline={false}
                      onBlur={[Function]}
                      onChangeText={[Function]}
                      onFocus={[Function]}
                      onPressOut={[Function]}
                      placeholder="10/01/22"
                      placeholderTextColor="#ffd600"
                      selectionColor="#ffd600"
                      style={
                        [
                          {
                            "margin": 0,
                            "zIndex": 1,
                          },
                          {
                            "height": 48,
                          },
                          {
                            "paddingBottom": 0,
                            "paddingTop": 0,
                          },
                          {
                            "color": "rgba(28, 27, 31, 1)",
                            "fontFamily": "System",
                            "fontSize": 16,
                            "fontWeight": undefined,
                            "letterSpacing": 0.15,
                            "lineHeight": undefined,
                            "paddingHorizontal": 16,
                            "textAlign": "left",
                            "textAlignVertical": "center",
                          },
                          false,
                          [
                            {},
                          ],
                          undefined,
                        ]
                      }
                      testID="date-text-input"
                      underlineColorAndroid="transparent"
                    />
                  </View>
                </View>
              </View>
            </View>
          </View>
        </View>
      </View>
      <View
        collapsable={false}
        style={
          {
            "backgroundColor": "#ffd600",
            "borderRadius": 20,
            "shadowColor": "#000",
            "shadowOffset": {
              "height": 0,
              "width": 0,
            },
            "shadowOpacity": 0,
            "shadowRadius": 0,
          }
        }
        testID="button-container-outer-layer"
      >
        <View
          collapsable={false}
          style={
            {
              "backgroundColor": "#ffd600",
              "borderColor": "transparent",
              "borderRadius": 20,
              "borderStyle": "solid",
              "borderWidth": 0,
              "flex": undefined,
              "minWidth": "auto",
              "shadowColor": "#000",
              "shadowOffset": {
                "height": 0,
                "width": 0,
              },
              "shadowOpacity": 0,
              "shadowRadius": 0,
            }
          }
          testID="button-container"
        >
          <View
            accessibilityRole="button"
            accessibilityState={
              {
                "busy": undefined,
                "checked": undefined,
                "disabled": false,
                "expanded": undefined,
                "selected": undefined,
              }
            }
            accessibilityValue={
              {
                "max": undefined,
                "min": undefined,
                "now": undefined,
                "text": undefined,
              }
            }
            accessible={true}
            collapsable={false}
            focusable={true}
            onBlur={[Function]}
            onClick={[Function]}
            onFocus={[Function]}
            onResponderGrant={[Function]}
            onResponderMove={[Function]}
            onResponderRelease={[Function]}
            onResponderTerminate={[Function]}
            onResponderTerminationRequest={[Function]}
            onStartShouldSetResponder={[Function]}
            style={
              [
                {
                  "overflow": "hidden",
                },
                {
                  "borderRadius": 20,
                },
              ]
            }
            testID="button"
          >
            <View
              style={
                [
                  {
                    "alignItems": "center",
                    "flexDirection": "row",
                    "justifyContent": "center",
                  },
                  undefined,
                ]
              }
            >
              <Text
                numberOfLines={1}
                selectable={false}
                style={
                  [
                    {
                      "textAlign": "left",
                    },
                    {
                      "color": "rgba(28, 27, 31, 1)",
                      "writingDirection": "ltr",
                    },
                    [
                      {
                        "fontFamily": "System",
                        "fontSize": 14,
                        "fontWeight": "500",
                        "letterSpacing": 0.1,
                        "lineHeight": 20,
                      },
                      [
                        {
                          "marginHorizontal": 16,
                          "marginVertical": 9,
                          "textAlign": "center",
                        },
                        false,
                        {
                          "marginHorizontal": 24,
                          "marginVertical": 10,
                        },
                        {
                          "marginHorizontal": 8,
                        },
                        {
                          "textTransform": "uppercase",
                        },
                        {
                          "color": "#000000",
                          "fontFamily": "System",
                          "fontSize": 14,
                          "fontWeight": "500",
                          "letterSpacing": 0.1,
                          "lineHeight": 20,
                        },
                        undefined,
                      ],
                    ],
                  ]
                }
                testID="button-text"
              >
                done
              </Text>
            </View>
          </View>
        </View>
      </View>
    </View>
  </View>
</Modal>
`;
