// Jest Snapshot v1, https://goo.gl/fbAQLP

exports[`GuestPlayerModal should match snapshot 1`] = `
<Modal
  animationType="slide"
  hardwareAccelerated={false}
  onRequestClose={[MockFunction]}
  testID="base-modal"
  transparent={true}
  visible={true}
>
  <View
    style={
      {
        "alignItems": "center",
        "backgroundColor": "#30303050",
        "display": "flex",
        "flex": 1,
        "flexDirection": "row",
        "justifyContent": "center",
      }
    }
  >
    <View
      style={
        {
          "alignItems": "center",
          "backgroundColor": "#1a1a1a",
          "borderColor": "#ffd600",
          "borderRadius": 10,
          "color": "#ffd600",
          "elevation": 5,
          "flex": 1,
          "margin": 20,
          "padding": 25,
          "shadowColor": "#ffd600",
        }
      }
    >
      <Text
        style={
          {
            "color": "#7AC6FF",
            "fontSize": 41.0958904109589,
          }
        }
      >
        Add Guest Player
      </Text>
      <View
        style={
          {
            "display": "flex",
            "flexDirection": "row",
          }
        }
      >
        <View
          style={
            {
              "width": "90%",
            }
          }
        >
          <View
            pointerEvents="none"
            style={
              [
                {
                  "bottom": 0,
                  "left": 0,
                  "position": "absolute",
                  "right": 0,
                  "top": 6,
                },
                {
                  "backgroundColor": "#1a1a1a",
                  "borderColor": "#7AC6FF",
                  "borderRadius": 4,
                  "borderWidth": 1,
                },
                undefined,
              ]
            }
            testID="text-input-outline"
          />
          <View>
            <View
              style={
                [
                  {
                    "paddingBottom": 0,
                  },
                  {
                    "minHeight": 56,
                    "paddingTop": 8,
                  },
                ]
              }
            >
              <TextInput
                accessibilityLabel="First Name"
                autoCapitalize="none"
                cursorColor="#ffd600"
                editable={true}
                keyboardType="default"
                maxFontSizeMultiplier={1.5}
                multiline={false}
                onBlur={[Function]}
                onChangeText={[Function]}
                onFocus={[Function]}
                placeholder="First Name"
                placeholderTextColor="#ffffff"
                selectionColor="#ffd600"
                style={
                  [
                    {
                      "margin": 0,
                      "zIndex": 1,
                    },
                    {
                      "height": 48,
                    },
                    {
                      "paddingBottom": 0,
                      "paddingTop": 0,
                    },
                    {
                      "color": "#ffd600",
                      "fontFamily": "System",
                      "fontSize": 16,
                      "fontWeight": undefined,
                      "letterSpacing": 0.15,
                      "lineHeight": undefined,
                      "paddingHorizontal": 16,
                      "textAlign": "left",
                      "textAlignVertical": "center",
                    },
                    false,
                    [
                      {},
                    ],
                    undefined,
                  ]
                }
                testID="first-name-input"
                underlineColorAndroid="transparent"
                value=""
              />
            </View>
          </View>
        </View>
      </View>
      <View
        style={
          {
            "display": "flex",
            "flexDirection": "row",
          }
        }
      >
        <View
          style={
            {
              "width": "90%",
            }
          }
        >
          <View
            pointerEvents="none"
            style={
              [
                {
                  "bottom": 0,
                  "left": 0,
                  "position": "absolute",
                  "right": 0,
                  "top": 6,
                },
                {
                  "backgroundColor": "#1a1a1a",
                  "borderColor": "#7AC6FF",
                  "borderRadius": 4,
                  "borderWidth": 1,
                },
                undefined,
              ]
            }
            testID="text-input-outline"
          />
          <View>
            <View
              style={
                [
                  {
                    "paddingBottom": 0,
                  },
                  {
                    "minHeight": 56,
                    "paddingTop": 8,
                  },
                ]
              }
            >
              <TextInput
                accessibilityLabel="Last Name"
                autoCapitalize="none"
                cursorColor="#ffd600"
                editable={true}
                keyboardType="default"
                maxFontSizeMultiplier={1.5}
                multiline={false}
                onBlur={[Function]}
                onChangeText={[Function]}
                onFocus={[Function]}
                placeholder="Last Name"
                placeholderTextColor="#ffffff"
                selectionColor="#ffd600"
                style={
                  [
                    {
                      "margin": 0,
                      "zIndex": 1,
                    },
                    {
                      "height": 48,
                    },
                    {
                      "paddingBottom": 0,
                      "paddingTop": 0,
                    },
                    {
                      "color": "#ffd600",
                      "fontFamily": "System",
                      "fontSize": 16,
                      "fontWeight": undefined,
                      "letterSpacing": 0.15,
                      "lineHeight": undefined,
                      "paddingHorizontal": 16,
                      "textAlign": "left",
                      "textAlignVertical": "center",
                    },
                    false,
                    [
                      {},
                    ],
                    undefined,
                  ]
                }
                testID="last-name-input"
                underlineColorAndroid="transparent"
                value=""
              />
            </View>
          </View>
        </View>
      </View>
      <View
        style={
          {
            "flexDirection": "row",
          }
        }
      >
        <View
          collapsable={false}
          style={
            {
              "backgroundColor": "transparent",
              "borderRadius": 20,
              "marginLeft": 5,
              "marginRight": 5,
              "marginTop": 10,
              "shadowColor": "#000",
              "shadowOffset": {
                "height": 0,
                "width": 0,
              },
              "shadowOpacity": 0,
              "shadowRadius": 0,
            }
          }
          testID="button-container-outer-layer"
        >
          <View
            collapsable={false}
            style={
              {
                "backgroundColor": "transparent",
                "borderColor": "#ffd600",
                "borderRadius": 20,
                "borderStyle": "solid",
                "borderWidth": 1,
                "flex": undefined,
                "minWidth": 64,
                "shadowColor": "#000",
                "shadowOffset": {
                  "height": 0,
                  "width": 0,
                },
                "shadowOpacity": 0,
                "shadowRadius": 0,
              }
            }
            testID="button-container"
          >
            <View
              accessibilityRole="button"
              accessibilityState={
                {
                  "busy": undefined,
                  "checked": undefined,
                  "disabled": false,
                  "expanded": undefined,
                  "selected": undefined,
                }
              }
              accessibilityValue={
                {
                  "max": undefined,
                  "min": undefined,
                  "now": undefined,
                  "text": undefined,
                }
              }
              accessible={true}
              collapsable={false}
              focusable={true}
              onBlur={[Function]}
              onClick={[Function]}
              onFocus={[Function]}
              onResponderGrant={[Function]}
              onResponderMove={[Function]}
              onResponderRelease={[Function]}
              onResponderTerminate={[Function]}
              onResponderTerminationRequest={[Function]}
              onStartShouldSetResponder={[Function]}
              style={
                [
                  {
                    "overflow": "hidden",
                  },
                  {
                    "borderRadius": 20,
                  },
                ]
              }
              testID="button"
            >
              <View
                style={
                  [
                    {
                      "alignItems": "center",
                      "flexDirection": "row",
                      "justifyContent": "center",
                    },
                    undefined,
                  ]
                }
              >
                <Text
                  numberOfLines={1}
                  selectable={false}
                  style={
                    [
                      {
                        "textAlign": "left",
                      },
                      {
                        "color": "rgba(28, 27, 31, 1)",
                        "writingDirection": "ltr",
                      },
                      [
                        {
                          "fontFamily": "System",
                          "fontSize": 14,
                          "fontWeight": "500",
                          "letterSpacing": 0.1,
                          "lineHeight": 20,
                        },
                        [
                          {
                            "marginHorizontal": 16,
                            "marginVertical": 9,
                            "textAlign": "center",
                          },
                          false,
                          {
                            "marginHorizontal": 24,
                            "marginVertical": 10,
                          },
                          undefined,
                          {
                            "textTransform": "uppercase",
                          },
                          {
                            "color": "#ffd600",
                            "fontFamily": "System",
                            "fontSize": 14,
                            "fontWeight": "500",
                            "letterSpacing": 0.1,
                            "lineHeight": 20,
                          },
                          undefined,
                        ],
                      ],
                    ]
                  }
                  testID="button-text"
                >
                  cancel
                </Text>
              </View>
            </View>
          </View>
        </View>
        <View
          collapsable={false}
          style={
            {
              "backgroundColor": "#ffd600",
              "borderRadius": 20,
              "marginLeft": 5,
              "marginRight": 5,
              "marginTop": 10,
              "shadowColor": "#000",
              "shadowOffset": {
                "height": 0,
                "width": 0,
              },
              "shadowOpacity": 0,
              "shadowRadius": 0,
            }
          }
          testID="button-container-outer-layer"
        >
          <View
            collapsable={false}
            style={
              {
                "backgroundColor": "#ffd600",
                "borderColor": "transparent",
                "borderRadius": 20,
                "borderStyle": "solid",
                "borderWidth": 0,
                "flex": undefined,
                "minWidth": "auto",
                "shadowColor": "#000",
                "shadowOffset": {
                  "height": 0,
                  "width": 0,
                },
                "shadowOpacity": 0,
                "shadowRadius": 0,
              }
            }
            testID="button-container"
          >
            <View
              accessibilityRole="button"
              accessibilityState={
                {
                  "busy": undefined,
                  "checked": undefined,
                  "disabled": false,
                  "expanded": undefined,
                  "selected": undefined,
                }
              }
              accessibilityValue={
                {
                  "max": undefined,
                  "min": undefined,
                  "now": undefined,
                  "text": undefined,
                }
              }
              accessible={true}
              collapsable={false}
              focusable={true}
              onBlur={[Function]}
              onClick={[Function]}
              onFocus={[Function]}
              onResponderGrant={[Function]}
              onResponderMove={[Function]}
              onResponderRelease={[Function]}
              onResponderTerminate={[Function]}
              onResponderTerminationRequest={[Function]}
              onStartShouldSetResponder={[Function]}
              style={
                [
                  {
                    "overflow": "hidden",
                  },
                  {
                    "borderRadius": 20,
                  },
                ]
              }
              testID="button"
            >
              <View
                style={
                  [
                    {
                      "alignItems": "center",
                      "flexDirection": "row",
                      "justifyContent": "center",
                    },
                    undefined,
                  ]
                }
              >
                <Text
                  numberOfLines={1}
                  selectable={false}
                  style={
                    [
                      {
                        "textAlign": "left",
                      },
                      {
                        "color": "rgba(28, 27, 31, 1)",
                        "writingDirection": "ltr",
                      },
                      [
                        {
                          "fontFamily": "System",
                          "fontSize": 14,
                          "fontWeight": "500",
                          "letterSpacing": 0.1,
                          "lineHeight": 20,
                        },
                        [
                          {
                            "marginHorizontal": 16,
                            "marginVertical": 9,
                            "textAlign": "center",
                          },
                          false,
                          {
                            "marginHorizontal": 24,
                            "marginVertical": 10,
                          },
                          {
                            "marginHorizontal": 8,
                          },
                          {
                            "textTransform": "uppercase",
                          },
                          {
                            "color": "#000000",
                            "fontFamily": "System",
                            "fontSize": 14,
                            "fontWeight": "500",
                            "letterSpacing": 0.1,
                            "lineHeight": 20,
                          },
                          undefined,
                        ],
                      ],
                    ]
                  }
                  testID="button-text"
                >
                  add
                </Text>
              </View>
            </View>
          </View>
        </View>
      </View>
    </View>
  </View>
</Modal>
`;
