// Jest Snapshot v1, https://goo.gl/fbAQLP

exports[`matches snapshot 1`] = `
<View
  style={
    Object {
      "flex": 0,
      "flexShrink": 1,
      "width": "100%",
    }
  }
>
  <View
    style={
      Object {
        "display": "flex",
        "flex": 1,
        "flexDirection": "row",
      }
    }
  >
    <Text
      style={
        Object {
          "color": "#ffd600",
          "flex": 1,
          "fontSize": 61.64383561643835,
          "fontWeight": "bold",
          "marginBottom": 10,
        }
      }
    >
      title
    </Text>
    <View
      accessibilityRole="button"
      accessibilityState={
        Object {
          "disabled": true,
        }
      }
      accessible={true}
      focusable={true}
      hitSlop={
        Object {
          "bottom": 6,
          "left": 6,
          "right": 6,
          "top": 6,
        }
      }
      onClick={[Function]}
      onResponderGrant={[Function]}
      onResponderMove={[Function]}
      onResponderRelease={[Function]}
      onResponderTerminate={[Function]}
      onResponderTerminationRequest={[Function]}
      onStartShouldSetResponder={[Function]}
      style={
        Array [
          Object {
            "overflow": "hidden",
          },
          Array [
            Object {
              "alignItems": "center",
              "justifyContent": "center",
              "margin": 6,
              "overflow": "hidden",
            },
            Object {
              "borderRadius": 18,
              "height": 36,
              "width": 36,
            },
            Object {
              "opacity": 0.32,
            },
            Object {
              "backgroundColor": "#ffd600",
              "borderRadius": 5,
              "display": "none",
              "flexWrap": "nowrap",
            },
          ],
        ]
      }
      testID="create-button"
    >
      <View>
        <Text
          accessibilityElementsHidden={true}
          allowFontScaling={false}
          importantForAccessibility="no-hide-descendants"
          pointerEvents="none"
          selectable={false}
          style={
            Array [
              Object {
                "color": "#303030",
                "fontSize": 24,
              },
              Array [
                Object {
                  "lineHeight": 24,
                  "transform": Array [
                    Object {
                      "scaleX": 1,
                    },
                  ],
                },
                Object {
                  "backgroundColor": "transparent",
                },
              ],
              Object {
                "fontFamily": "Material Design Icons",
                "fontStyle": "normal",
                "fontWeight": "normal",
              },
              Object {},
            ]
          }
        >
          Û∞êï
        </Text>
      </View>
    </View>
  </View>
  <RCTScrollView
    data={Array []}
    getItem={[Function]}
    getItemCount={[Function]}
    keyExtractor={[Function]}
    listKey="title"
    onContentSizeChange={[Function]}
    onLayout={[Function]}
    onMomentumScrollBegin={[Function]}
    onMomentumScrollEnd={[Function]}
    onScroll={[Function]}
    onScrollBeginDrag={[Function]}
    onScrollEndDrag={[Function]}
    removeClippedSubviews={false}
    renderItem={[Function]}
    scrollEnabled={false}
    scrollEventThrottle={50}
    stickyHeaderIndices={Array []}
    viewabilityConfigCallbackPairs={Array []}
  >
    <View />
  </RCTScrollView>
  <View
    collapsable={false}
    style={
      Object {
        "alignSelf": "center",
        "backgroundColor": "transparent",
        "borderColor": "transparent",
        "borderRadius": 4,
        "borderStyle": "solid",
        "borderWidth": 0,
        "elevation": 0,
        "marginTop": 10,
        "minWidth": 64,
      }
    }
  >
    <View
      accessibilityRole="button"
      accessibilityState={
        Object {
          "disabled": false,
        }
      }
      accessible={true}
      focusable={true}
      onClick={[Function]}
      onResponderGrant={[Function]}
      onResponderMove={[Function]}
      onResponderRelease={[Function]}
      onResponderTerminate={[Function]}
      onResponderTerminationRequest={[Function]}
      onStartShouldSetResponder={[Function]}
      style={
        Array [
          Object {
            "overflow": "hidden",
          },
          Object {
            "borderRadius": 4,
          },
        ]
      }
    >
      <View
        style={
          Array [
            Object {
              "alignItems": "center",
              "flexDirection": "row",
              "justifyContent": "center",
            },
            undefined,
          ]
        }
      >
        <Text
          numberOfLines={1}
          selectable={false}
          style={
            Array [
              Object {
                "color": "#000000",
                "fontFamily": "System",
                "fontWeight": "400",
              },
              Object {
                "textAlign": "left",
              },
              Array [
                Object {
                  "letterSpacing": 1,
                  "marginHorizontal": 16,
                  "marginVertical": 9,
                  "textAlign": "center",
                },
                undefined,
                Object {
                  "textTransform": "uppercase",
                },
                Object {
                  "color": "#ffd600",
                  "fontFamily": "System",
                  "fontWeight": "500",
                },
                Object {
                  "fontFamily": "System",
                  "fontWeight": "500",
                },
                undefined,
              ],
            ]
          }
        >
          button
        </Text>
      </View>
    </View>
  </View>
</View>
`;
