// Jest Snapshot v1, https://goo.gl/fbAQLP

exports[`should match snapshot with data 1`] = `
<RCTSafeAreaView
  emulateUnlessSupported={true}
  style={
    Object {
      "backgroundColor": "#303030",
      "height": "100%",
    }
  }
>
  <View
    style={
      Object {
        "alignSelf": "center",
        "width": "80%",
      }
    }
  >
    <Text
      numberOfLines={1}
      style={
        Array [
          Object {
            "color": "#ffd600",
            "fontSize": 61.64383561643835,
            "fontWeight": "bold",
          },
          Object {
            "alignSelf": "center",
            "marginTop": 10,
          },
        ]
      }
    >
      First Point
    </Text>
    <View
      style={
        Object {
          "alignSelf": "center",
          "marginTop": 10,
          "textAlign": "center",
          "width": "60%",
        }
      }
    >
      <Text
        style={
          Object {
            "color": "#ababab",
            "fontSize": 41.0958904109589,
            "textAlign": "center",
          }
        }
      >
        Join Passcode:
      </Text>
      <Text
        style={
          Object {
            "color": "#ffd600",
            "fontSize": 61.64383561643835,
            "fontWeight": "900",
            "textAlign": "center",
          }
        }
      >
        111111
      </Text>
    </View>
    <View
      style={
        Object {
          "alignSelf": "center",
          "marginTop": 10,
          "textAlign": "center",
          "width": "60%",
        }
      }
    >
      <Text
        style={
          Object {
            "color": "#ababab",
            "fontSize": 41.0958904109589,
            "textAlign": "center",
          }
        }
      >
        My team is
      </Text>
      <View
        collapsable={false}
        style={
          Object {
            "backgroundColor": "#ffd600",
            "borderColor": "transparent",
            "borderRadius": 4,
            "borderStyle": "solid",
            "borderWidth": 0,
            "elevation": 2,
            "marginTop": 10,
            "minWidth": "auto",
            "shadowColor": "#000000",
            "shadowOffset": Object {
              "height": 0.75,
              "width": 0,
            },
            "shadowOpacity": 0.24,
            "shadowRadius": 1.5,
          }
        }
      >
        <View
          accessibilityRole="button"
          accessibilityState={
            Object {
              "disabled": false,
            }
          }
          accessible={true}
          focusable={true}
          onClick={[Function]}
          onResponderGrant={[Function]}
          onResponderMove={[Function]}
          onResponderRelease={[Function]}
          onResponderTerminate={[Function]}
          onResponderTerminationRequest={[Function]}
          onStartShouldSetResponder={[Function]}
          style={
            Array [
              Object {
                "overflow": "hidden",
              },
              Object {
                "borderRadius": 4,
              },
            ]
          }
        >
          <View
            style={
              Array [
                Object {
                  "alignItems": "center",
                  "flexDirection": "row",
                  "justifyContent": "center",
                },
                undefined,
              ]
            }
          >
            <Text
              numberOfLines={1}
              selectable={false}
              style={
                Array [
                  Object {
                    "color": "#000000",
                    "fontFamily": "System",
                    "fontWeight": "400",
                  },
                  Object {
                    "textAlign": "left",
                  },
                  Array [
                    Object {
                      "letterSpacing": 1,
                      "marginHorizontal": 16,
                      "marginVertical": 9,
                      "textAlign": "center",
                    },
                    Object {
                      "marginHorizontal": 8,
                    },
                    Object {
                      "textTransform": "uppercase",
                    },
                    Object {
                      "color": "#000000",
                      "fontFamily": "System",
                      "fontWeight": "500",
                    },
                    Object {
                      "fontFamily": "System",
                      "fontWeight": "500",
                    },
                    undefined,
                  ],
                ]
              }
            >
              pulling
            </Text>
          </View>
        </View>
      </View>
      <View
        collapsable={false}
        style={
          Object {
            "backgroundColor": "#ffd600",
            "borderColor": "transparent",
            "borderRadius": 4,
            "borderStyle": "solid",
            "borderWidth": 0,
            "elevation": 2,
            "marginTop": 10,
            "minWidth": "auto",
            "shadowColor": "#000000",
            "shadowOffset": Object {
              "height": 0.75,
              "width": 0,
            },
            "shadowOpacity": 0.24,
            "shadowRadius": 1.5,
          }
        }
      >
        <View
          accessibilityRole="button"
          accessibilityState={
            Object {
              "disabled": false,
            }
          }
          accessible={true}
          focusable={true}
          onClick={[Function]}
          onResponderGrant={[Function]}
          onResponderMove={[Function]}
          onResponderRelease={[Function]}
          onResponderTerminate={[Function]}
          onResponderTerminationRequest={[Function]}
          onStartShouldSetResponder={[Function]}
          style={
            Array [
              Object {
                "overflow": "hidden",
              },
              Object {
                "borderRadius": 4,
              },
            ]
          }
        >
          <View
            style={
              Array [
                Object {
                  "alignItems": "center",
                  "flexDirection": "row",
                  "justifyContent": "center",
                },
                undefined,
              ]
            }
          >
            <Text
              numberOfLines={1}
              selectable={false}
              style={
                Array [
                  Object {
                    "color": "#000000",
                    "fontFamily": "System",
                    "fontWeight": "400",
                  },
                  Object {
                    "textAlign": "left",
                  },
                  Array [
                    Object {
                      "letterSpacing": 1,
                      "marginHorizontal": 16,
                      "marginVertical": 9,
                      "textAlign": "center",
                    },
                    Object {
                      "marginHorizontal": 8,
                    },
                    Object {
                      "textTransform": "uppercase",
                    },
                    Object {
                      "color": "#000000",
                      "fontFamily": "System",
                      "fontWeight": "500",
                    },
                    Object {
                      "fontFamily": "System",
                      "fontWeight": "500",
                    },
                    undefined,
                  ],
                ]
              }
            >
              receiving
            </Text>
          </View>
        </View>
      </View>
    </View>
  </View>
</RCTSafeAreaView>
`;
