// Jest Snapshot v1, https://goo.gl/fbAQLP

exports[`JoinGameScreen should match snapshot 1`] = `
<RCTSafeAreaView
  style={
    {
      "backgroundColor": "#303030",
      "height": "100%",
    }
  }
>
  <View
    style={
      {
        "alignSelf": "center",
        "width": "80%",
      }
    }
  >
    <View>
      <View
        style={
          {
            "alignSelf": "center",
            "display": "flex",
            "flexDirection": "row",
            "width": "100%",
          }
        }
      >
        <View
          style={
            [
              {
                "backgroundColor": "rgba(231, 224, 236, 1)",
                "borderTopLeftRadius": 4,
                "borderTopRightRadius": 4,
              },
              {
                "backgroundColor": "#303030",
                "color": "#ffd600",
                "flex": 1,
                "marginBottom": 5,
              },
            ]
          }
        >
          <View
            collapsable={false}
            style={
              {
                "backgroundColor": "#ffd600",
                "bottom": 0,
                "height": 1,
                "left": 0,
                "position": "absolute",
                "right": 0,
                "transform": [
                  {
                    "scaleY": 0.5,
                  },
                ],
                "zIndex": 1,
              }
            }
            testID="text-input-underline"
          />
          <View
            style={
              [
                {
                  "paddingBottom": 0,
                  "paddingTop": 0,
                },
                {
                  "minHeight": 56,
                },
              ]
            }
          >
            <TextInput
              cursorColor="#ffd600"
              editable={true}
              focusable={true}
              maxFontSizeMultiplier={1.5}
              multiline={false}
              onBlur={[Function]}
              onChangeText={[Function]}
              onFocus={[Function]}
              onPressOut={[Function]}
              placeholder="Search Games..."
              placeholderTextColor="#CEC6B4"
              selectionColor="#ffd600"
              style={
                [
                  {
                    "margin": 0,
                  },
                  {
                    "height": 56,
                  },
                  {
                    "paddingBottom": 0,
                    "paddingTop": 0,
                  },
                  {
                    "color": "#ffd600",
                    "fontFamily": "System",
                    "fontSize": 41.0958904109589,
                    "fontWeight": undefined,
                    "letterSpacing": 0.15,
                    "lineHeight": undefined,
                    "paddingLeft": 16,
                    "paddingRight": 16,
                    "textAlign": "left",
                    "textAlignVertical": "center",
                  },
                  false,
                  [
                    {},
                  ],
                  undefined,
                ]
              }
              testID="search-input"
              underlineColorAndroid="transparent"
              value=""
            />
          </View>
        </View>
      </View>
      <RCTScrollView
        data={[]}
        getItem={[Function]}
        getItemCount={[Function]}
        keyExtractor={[Function]}
        onContentSizeChange={[Function]}
        onLayout={[Function]}
        onMomentumScrollBegin={[Function]}
        onMomentumScrollEnd={[Function]}
        onScroll={[Function]}
        onScrollBeginDrag={[Function]}
        onScrollEndDrag={[Function]}
        removeClippedSubviews={false}
        renderItem={[Function]}
        scrollEventThrottle={50}
        stickyHeaderIndices={[]}
        viewabilityConfigCallbackPairs={[]}
      >
        <View />
      </RCTScrollView>
    </View>
    <Modal
      animationType="slide"
      hardwareAccelerated={false}
      onRequestClose={[Function]}
      testID="base-modal"
      transparent={true}
      visible={false}
    />
  </View>
</RCTSafeAreaView>
`;
