// Jest Snapshot v1, https://goo.gl/fbAQLP

exports[`OfflineGameOptionsScreen renders 1`] = `
<RCTSafeAreaView
  style={
    {
      "backgroundColor": "#303030",
      "height": "100%",
    }
  }
>
  <View
    style={
      {
        "alignSelf": "center",
        "width": "80%",
      }
    }
  >
    <View>
      <View
        style={
          {
            "display": "flex",
            "flexDirection": "column",
          }
        }
      >
        <View
          style={
            {
              "display": "flex",
              "flexDirection": "row",
            }
          }
        >
          <View>
            <Text
              style={
                {
                  "color": "#ffd600",
                  "fontSize": 41.0958904109589,
                  "fontWeight": "900",
                  "textAlign": "center",
                }
              }
            >
              Temper
            </Text>
            <Text
              style={
                {
                  "color": "#ffd600",
                  "fontSize": 30.821917808219176,
                  "textAlign": "center",
                }
              }
            >
              @pghtemper
            </Text>
            <Text
              style={
                {
                  "color": "#ffd600",
                  "fontSize": 41.0958904109589,
                  "fontWeight": "900",
                  "textAlign": "center",
                }
              }
            >
              3
            </Text>
          </View>
          <Text
            style={
              {
                "color": "#ababab",
                "flex": 1,
                "fontSize": 30.821917808219176,
                "fontWeight": "900",
                "marginTop": 20,
                "textAlign": "center",
              }
            }
          >
            Game to 15
          </Text>
          <View>
            <Text
              style={
                {
                  "color": "#ffd600",
                  "fontSize": 41.0958904109589,
                  "fontWeight": "900",
                  "textAlign": "center",
                }
              }
            >
              Sockeye
            </Text>
            <Text
              style={
                {
                  "color": "#ffd600",
                  "fontSize": 30.821917808219176,
                  "textAlign": "center",
                }
              }
            />
            <Text
              style={
                {
                  "color": "#ffd600",
                  "fontSize": 41.0958904109589,
                  "fontWeight": "900",
                  "textAlign": "center",
                }
              }
            >
              0
            </Text>
          </View>
        </View>
        <View
          collapsable={false}
          style={
            {
              "alignSelf": "center",
              "bottom": undefined,
              "end": undefined,
              "left": undefined,
              "position": undefined,
              "right": undefined,
              "shadowColor": "#000",
              "shadowOffset": {
                "height": 0,
                "width": 0,
              },
              "shadowOpacity": 0,
              "shadowRadius": 0,
              "start": undefined,
              "top": undefined,
            }
          }
        >
          <View
            collapsable={false}
            style={
              {
                "shadowColor": "#000",
                "shadowOffset": {
                  "height": 0,
                  "width": 0,
                },
                "shadowOpacity": 0,
                "shadowRadius": 0,
              }
            }
          >
            <View
              collapsable={false}
              style={
                {
                  "backgroundColor": "transparent",
                  "borderColor": "transparent",
                  "borderRadius": 20,
                  "borderStyle": "solid",
                  "borderWidth": 0,
                  "minWidth": 64,
                }
              }
            >
              <View
                accessibilityRole="button"
                accessibilityState={
                  {
                    "disabled": false,
                  }
                }
                accessible={true}
                collapsable={false}
                focusable={true}
                onBlur={[Function]}
                onClick={[Function]}
                onFocus={[Function]}
                onResponderGrant={[Function]}
                onResponderMove={[Function]}
                onResponderRelease={[Function]}
                onResponderTerminate={[Function]}
                onResponderTerminationRequest={[Function]}
                onStartShouldSetResponder={[Function]}
                style={
                  [
                    {
                      "overflow": "hidden",
                    },
                    false,
                    {
                      "borderRadius": 20,
                    },
                  ]
                }
                testID="button"
              >
                <View
                  style={
                    [
                      {
                        "alignItems": "center",
                        "flexDirection": "row",
                        "justifyContent": "center",
                      },
                      undefined,
                    ]
                  }
                >
                  <Text
                    numberOfLines={1}
                    selectable={false}
                    style={
                      [
                        {
                          "color": "rgba(28, 27, 31, 1)",
                          "fontFamily": "System",
                          "fontSize": 14,
                          "fontWeight": "500",
                          "letterSpacing": 0.1,
                          "lineHeight": 20,
                        },
                        {
                          "textAlign": "left",
                        },
                        {
                          "writingDirection": "ltr",
                        },
                        [
                          {
                            "marginHorizontal": 16,
                            "marginVertical": 9,
                            "textAlign": "center",
                          },
                          false,
                          {
                            "marginHorizontal": 12,
                          },
                          undefined,
                          {
                            "textTransform": "uppercase",
                          },
                          {
                            "color": "#ffd600",
                            "fontFamily": "System",
                            "fontSize": 14,
                            "fontWeight": "500",
                            "letterSpacing": 0.1,
                            "lineHeight": 20,
                          },
                          undefined,
                        ],
                      ]
                    }
                  >
                    show info
                  </Text>
                </View>
              </View>
            </View>
          </View>
        </View>
      </View>
      <View
        collapsable={false}
        style={
          {
            "alignSelf": undefined,
            "bottom": undefined,
            "end": undefined,
            "left": undefined,
            "position": undefined,
            "right": undefined,
            "shadowColor": "#000",
            "shadowOffset": {
              "height": 0,
              "width": 0,
            },
            "shadowOpacity": 0,
            "shadowRadius": 0,
            "start": undefined,
            "top": undefined,
          }
        }
      >
        <View
          collapsable={false}
          style={
            {
              "shadowColor": "#000",
              "shadowOffset": {
                "height": 0,
                "width": 0,
              },
              "shadowOpacity": 0,
              "shadowRadius": 0,
            }
          }
        >
          <View
            collapsable={false}
            style={
              {
                "backgroundColor": "#ffd600",
                "borderColor": "transparent",
                "borderRadius": 20,
                "borderStyle": "solid",
                "borderWidth": 0,
                "marginTop": 10,
                "minWidth": "auto",
              }
            }
          >
            <View
              accessibilityRole="button"
              accessibilityState={
                {
                  "disabled": false,
                }
              }
              accessible={true}
              collapsable={false}
              focusable={true}
              onBlur={[Function]}
              onClick={[Function]}
              onFocus={[Function]}
              onResponderGrant={[Function]}
              onResponderMove={[Function]}
              onResponderRelease={[Function]}
              onResponderTerminate={[Function]}
              onResponderTerminationRequest={[Function]}
              onStartShouldSetResponder={[Function]}
              style={
                [
                  {
                    "overflow": "hidden",
                  },
                  false,
                  {
                    "borderRadius": 20,
                  },
                ]
              }
              testID="button"
            >
              <View
                style={
                  [
                    {
                      "alignItems": "center",
                      "flexDirection": "row",
                      "justifyContent": "center",
                    },
                    undefined,
                  ]
                }
              >
                <Text
                  numberOfLines={1}
                  selectable={false}
                  style={
                    [
                      {
                        "color": "rgba(28, 27, 31, 1)",
                        "fontFamily": "System",
                        "fontSize": 14,
                        "fontWeight": "500",
                        "letterSpacing": 0.1,
                        "lineHeight": 20,
                      },
                      {
                        "textAlign": "left",
                      },
                      {
                        "writingDirection": "ltr",
                      },
                      [
                        {
                          "marginHorizontal": 16,
                          "marginVertical": 9,
                          "textAlign": "center",
                        },
                        false,
                        {
                          "marginHorizontal": 24,
                          "marginVertical": 10,
                        },
                        {
                          "marginHorizontal": 8,
                        },
                        {
                          "textTransform": "uppercase",
                        },
                        {
                          "color": "#000000",
                          "fontFamily": "System",
                          "fontSize": 14,
                          "fontWeight": "500",
                          "letterSpacing": 0.1,
                          "lineHeight": 20,
                        },
                        undefined,
                      ],
                    ]
                  }
                >
                  push to cloud
                </Text>
              </View>
            </View>
          </View>
        </View>
      </View>
      <View
        collapsable={false}
        style={
          {
            "alignSelf": undefined,
            "bottom": undefined,
            "end": undefined,
            "left": undefined,
            "position": undefined,
            "right": undefined,
            "shadowColor": "#000",
            "shadowOffset": {
              "height": 0,
              "width": 0,
            },
            "shadowOpacity": 0,
            "shadowRadius": 0,
            "start": undefined,
            "top": undefined,
          }
        }
      >
        <View
          collapsable={false}
          style={
            {
              "shadowColor": "#000",
              "shadowOffset": {
                "height": 0,
                "width": 0,
              },
              "shadowOpacity": 0,
              "shadowRadius": 0,
            }
          }
        >
          <View
            collapsable={false}
            style={
              {
                "backgroundColor": "transparent",
                "borderColor": "#ffd600",
                "borderRadius": 20,
                "borderStyle": "solid",
                "borderWidth": 1,
                "marginTop": 10,
                "minWidth": 64,
              }
            }
          >
            <View
              accessibilityRole="button"
              accessibilityState={
                {
                  "disabled": false,
                }
              }
              accessible={true}
              collapsable={false}
              focusable={true}
              onBlur={[Function]}
              onClick={[Function]}
              onFocus={[Function]}
              onResponderGrant={[Function]}
              onResponderMove={[Function]}
              onResponderRelease={[Function]}
              onResponderTerminate={[Function]}
              onResponderTerminationRequest={[Function]}
              onStartShouldSetResponder={[Function]}
              style={
                [
                  {
                    "overflow": "hidden",
                  },
                  false,
                  {
                    "borderRadius": 20,
                  },
                ]
              }
              testID="button"
            >
              <View
                style={
                  [
                    {
                      "alignItems": "center",
                      "flexDirection": "row",
                      "justifyContent": "center",
                    },
                    undefined,
                  ]
                }
              >
                <Text
                  numberOfLines={1}
                  selectable={false}
                  style={
                    [
                      {
                        "color": "rgba(28, 27, 31, 1)",
                        "fontFamily": "System",
                        "fontSize": 14,
                        "fontWeight": "500",
                        "letterSpacing": 0.1,
                        "lineHeight": 20,
                      },
                      {
                        "textAlign": "left",
                      },
                      {
                        "writingDirection": "ltr",
                      },
                      [
                        {
                          "marginHorizontal": 16,
                          "marginVertical": 9,
                          "textAlign": "center",
                        },
                        false,
                        {
                          "marginHorizontal": 24,
                          "marginVertical": 10,
                        },
                        undefined,
                        {
                          "textTransform": "uppercase",
                        },
                        {
                          "color": "#ffd600",
                          "fontFamily": "System",
                          "fontSize": 14,
                          "fontWeight": "500",
                          "letterSpacing": 0.1,
                          "lineHeight": 20,
                        },
                        undefined,
                      ],
                    ]
                  }
                >
                  reactivate
                </Text>
              </View>
            </View>
          </View>
        </View>
      </View>
    </View>
  </View>
</RCTSafeAreaView>
`;
