// Jest Snapshot v1, https://goo.gl/fbAQLP

exports[`should match snapshot with manager teams 1`] = `
<RCTSafeAreaView
  emulateUnlessSupported={true}
  style={
    Object {
      "backgroundColor": "#303030",
      "height": "100%",
    }
  }
>
  <View
    style={
      Object {
        "alignSelf": "center",
        "width": "80%",
      }
    }
  >
    <Text
      numberOfLines={1}
      style={
        Array [
          Object {
            "color": "#ffd600",
            "fontSize": 61.64383561643835,
            "fontWeight": "bold",
          },
          Object {
            "marginTop": 10,
          },
        ]
      }
    >
      Select My Team
    </Text>
    <RCTScrollView
      data={
        Array [
          Object {
            "_id": "team1",
            "name": "Name",
            "place": "Place",
            "seasonEnd": "2022",
            "seasonStart": "2022",
            "teamname": "place1name1",
          },
        ]
      }
      getItem={[Function]}
      getItemCount={[Function]}
      keyExtractor={[Function]}
      onContentSizeChange={[Function]}
      onLayout={[Function]}
      onMomentumScrollBegin={[Function]}
      onMomentumScrollEnd={[Function]}
      onScroll={[Function]}
      onScrollBeginDrag={[Function]}
      onScrollEndDrag={[Function]}
      removeClippedSubviews={false}
      renderItem={[Function]}
      scrollEventThrottle={50}
      stickyHeaderIndices={Array []}
      style={
        Object {
          "marginTop": 20,
        }
      }
      viewabilityConfigCallbackPairs={Array []}
    >
      <View>
        <View
          onLayout={[Function]}
          style={null}
        >
          <View
            style={
              Object {
                "display": "flex",
                "flexDirection": "row",
                "marginBottom": 5,
              }
            }
          >
            <View
              style={
                Object {
                  "alignSelf": "center",
                  "flex": 1,
                }
              }
            >
              <View
                accessible={true}
                collapsable={false}
                focusable={true}
                onClick={[Function]}
                onResponderGrant={[Function]}
                onResponderMove={[Function]}
                onResponderRelease={[Function]}
                onResponderTerminate={[Function]}
                onResponderTerminationRequest={[Function]}
                onStartShouldSetResponder={[Function]}
                style={
                  Object {
                    "opacity": 1,
                  }
                }
              >
                <Text
                  style={
                    Object {
                      "color": "#ababab",
                      "fontSize": 41.0958904109589,
                      "fontWeight": "bold",
                    }
                  }
                >
                  Place Name
                </Text>
                <Text
                  style={
                    Object {
                      "color": "#ffd600",
                      "fontSize": 30.821917808219176,
                      "fontWeight": "bold",
                    }
                  }
                >
                  @
                  place1name1
                </Text>
                <Text
                  style={
                    Object {
                      "color": "#ffd600",
                      "fontSize": 20.54794520547945,
                      "fontWeight": "bold",
                    }
                  }
                >
                  2022
                </Text>
              </View>
            </View>
            <View
              accessibilityRole="button"
              accessibilityState={
                Object {
                  "disabled": false,
                }
              }
              accessible={true}
              focusable={true}
              hitSlop={
                Object {
                  "bottom": 6,
                  "left": 6,
                  "right": 6,
                  "top": 6,
                }
              }
              onClick={[Function]}
              onResponderGrant={[Function]}
              onResponderMove={[Function]}
              onResponderRelease={[Function]}
              onResponderTerminate={[Function]}
              onResponderTerminationRequest={[Function]}
              onStartShouldSetResponder={[Function]}
              style={
                Array [
                  Object {
                    "overflow": "hidden",
                  },
                  Array [
                    Object {
                      "alignItems": "center",
                      "justifyContent": "center",
                      "margin": 6,
                      "overflow": "hidden",
                    },
                    Object {
                      "borderRadius": 18,
                      "height": 36,
                      "width": 36,
                    },
                    undefined,
                    Object {
                      "alignItems": "center",
                      "justifyContent": "center",
                    },
                  ],
                ]
              }
              testID="go-button"
            >
              <View>
                <Text
                  accessibilityElementsHidden={true}
                  allowFontScaling={false}
                  importantForAccessibility="no-hide-descendants"
                  pointerEvents="none"
                  selectable={false}
                  style={
                    Array [
                      Object {
                        "color": "#ffd600",
                        "fontSize": 24,
                      },
                      Array [
                        Object {
                          "lineHeight": 24,
                          "transform": Array [
                            Object {
                              "scaleX": 1,
                            },
                          ],
                        },
                        Object {
                          "backgroundColor": "transparent",
                        },
                      ],
                      Object {
                        "fontFamily": "Material Design Icons",
                        "fontStyle": "normal",
                        "fontWeight": "normal",
                      },
                      Object {},
                    ]
                  }
                >
                  ó°…‚
                </Text>
              </View>
            </View>
          </View>
        </View>
      </View>
    </RCTScrollView>
  </View>
</RCTSafeAreaView>
`;

exports[`should match snapshot with unauthenticated user 1`] = `
<RCTSafeAreaView
  emulateUnlessSupported={true}
  style={
    Object {
      "backgroundColor": "#303030",
      "height": "100%",
    }
  }
>
  <View
    style={
      Object {
        "alignSelf": "center",
        "width": "80%",
      }
    }
  >
    <Text
      numberOfLines={1}
      style={
        Array [
          Object {
            "color": "#ffd600",
            "fontSize": 61.64383561643835,
            "fontWeight": "bold",
          },
          Object {
            "marginTop": 10,
          },
        ]
      }
    >
      Select My Team
    </Text>
    <View>
      <Text
        style={
          Object {
            "color": "#ababab",
            "fontSize": 61.64383561643835,
          }
        }
      >
        Log in to create a game.
      </Text>
      <View
        collapsable={false}
        style={
          Object {
            "backgroundColor": "#ffd600",
            "borderColor": "transparent",
            "borderRadius": 4,
            "borderStyle": "solid",
            "borderWidth": 0,
            "elevation": 2,
            "minWidth": "auto",
            "shadowColor": "#000000",
            "shadowOffset": Object {
              "height": 0.75,
              "width": 0,
            },
            "shadowOpacity": 0.24,
            "shadowRadius": 1.5,
          }
        }
      >
        <View
          accessibilityRole="button"
          accessibilityState={
            Object {
              "disabled": false,
            }
          }
          accessible={true}
          focusable={true}
          onClick={[Function]}
          onResponderGrant={[Function]}
          onResponderMove={[Function]}
          onResponderRelease={[Function]}
          onResponderTerminate={[Function]}
          onResponderTerminationRequest={[Function]}
          onStartShouldSetResponder={[Function]}
          style={
            Array [
              Object {
                "overflow": "hidden",
              },
              Object {
                "borderRadius": 4,
              },
            ]
          }
        >
          <View
            style={
              Array [
                Object {
                  "alignItems": "center",
                  "flexDirection": "row",
                  "justifyContent": "center",
                },
                undefined,
              ]
            }
          >
            <Text
              numberOfLines={1}
              selectable={false}
              style={
                Array [
                  Object {
                    "color": "#000000",
                    "fontFamily": "System",
                    "fontWeight": "400",
                  },
                  Object {
                    "textAlign": "left",
                  },
                  Array [
                    Object {
                      "letterSpacing": 1,
                      "marginHorizontal": 16,
                      "marginVertical": 9,
                      "textAlign": "center",
                    },
                    Object {
                      "marginHorizontal": 8,
                    },
                    Object {
                      "textTransform": "uppercase",
                    },
                    Object {
                      "color": "#000000",
                      "fontFamily": "System",
                      "fontWeight": "500",
                    },
                    Object {
                      "fontFamily": "System",
                      "fontWeight": "500",
                    },
                    undefined,
                  ],
                ]
              }
            >
              log in
            </Text>
          </View>
        </View>
      </View>
    </View>
  </View>
</RCTSafeAreaView>
`;

exports[`should match snapshot without manager teams 1`] = `
<RCTSafeAreaView
  emulateUnlessSupported={true}
  style={
    Object {
      "backgroundColor": "#303030",
      "height": "100%",
    }
  }
>
  <View
    style={
      Object {
        "alignSelf": "center",
        "width": "80%",
      }
    }
  >
    <Text
      numberOfLines={1}
      style={
        Array [
          Object {
            "color": "#ffd600",
            "fontSize": 61.64383561643835,
            "fontWeight": "bold",
          },
          Object {
            "marginTop": 10,
          },
        ]
      }
    >
      Select My Team
    </Text>
    <View>
      <Text
        style={
          Object {
            "color": "#ababab",
            "fontSize": 61.64383561643835,
          }
        }
      >
        Manage a team to create a game.
      </Text>
      <View
        collapsable={false}
        style={
          Object {
            "backgroundColor": "#ffd600",
            "borderColor": "transparent",
            "borderRadius": 4,
            "borderStyle": "solid",
            "borderWidth": 0,
            "elevation": 2,
            "minWidth": "auto",
            "shadowColor": "#000000",
            "shadowOffset": Object {
              "height": 0.75,
              "width": 0,
            },
            "shadowOpacity": 0.24,
            "shadowRadius": 1.5,
          }
        }
      >
        <View
          accessibilityRole="button"
          accessibilityState={
            Object {
              "disabled": false,
            }
          }
          accessible={true}
          focusable={true}
          onClick={[Function]}
          onResponderGrant={[Function]}
          onResponderMove={[Function]}
          onResponderRelease={[Function]}
          onResponderTerminate={[Function]}
          onResponderTerminationRequest={[Function]}
          onStartShouldSetResponder={[Function]}
          style={
            Array [
              Object {
                "overflow": "hidden",
              },
              Object {
                "borderRadius": 4,
              },
            ]
          }
        >
          <View
            style={
              Array [
                Object {
                  "alignItems": "center",
                  "flexDirection": "row",
                  "justifyContent": "center",
                },
                undefined,
              ]
            }
          >
            <Text
              numberOfLines={1}
              selectable={false}
              style={
                Array [
                  Object {
                    "color": "#000000",
                    "fontFamily": "System",
                    "fontWeight": "400",
                  },
                  Object {
                    "textAlign": "left",
                  },
                  Array [
                    Object {
                      "letterSpacing": 1,
                      "marginHorizontal": 16,
                      "marginVertical": 9,
                      "textAlign": "center",
                    },
                    Object {
                      "marginHorizontal": 8,
                    },
                    Object {
                      "textTransform": "uppercase",
                    },
                    Object {
                      "color": "#000000",
                      "fontFamily": "System",
                      "fontWeight": "500",
                    },
                    Object {
                      "fontFamily": "System",
                      "fontWeight": "500",
                    },
                    undefined,
                  ],
                ]
              }
            >
              create team
            </Text>
          </View>
        </View>
      </View>
    </View>
  </View>
</RCTSafeAreaView>
`;
