// Jest Snapshot v1, https://goo.gl/fbAQLP

exports[`should match snapshot with minimal children 1`] = `
<Modal
  animationType="slide"
  hardwareAccelerated={false}
  onRequestClose={[MockFunction]}
  testID="base-modal"
  transparent={true}
  visible={true}
>
  <View
    accessibilityState={
      {
        "busy": undefined,
        "checked": undefined,
        "disabled": undefined,
        "expanded": undefined,
        "selected": undefined,
      }
    }
    accessibilityValue={
      {
        "max": undefined,
        "min": undefined,
        "now": undefined,
        "text": undefined,
      }
    }
    accessible={true}
    collapsable={false}
    focusable={false}
    onClick={[Function]}
    onResponderGrant={[Function]}
    onResponderMove={[Function]}
    onResponderRelease={[Function]}
    onResponderTerminate={[Function]}
    onResponderTerminationRequest={[Function]}
    onStartShouldSetResponder={[Function]}
    style={
      {
        "alignItems": "center",
        "backgroundColor": "#30303050",
        "display": "flex",
        "flex": 1,
        "flexDirection": "row",
        "justifyContent": "center",
        "opacity": 1,
      }
    }
  >
    <View
      accessibilityState={
        {
          "busy": undefined,
          "checked": undefined,
          "disabled": undefined,
          "expanded": undefined,
          "selected": undefined,
        }
      }
      accessible={true}
      focusable={true}
      onClick={[Function]}
      onResponderGrant={[Function]}
      onResponderMove={[Function]}
      onResponderRelease={[Function]}
      onResponderTerminate={[Function]}
      onResponderTerminationRequest={[Function]}
      onStartShouldSetResponder={[Function]}
      style={
        {
          "alignItems": "center",
          "backgroundColor": "#1a1a1a",
          "borderColor": "#ffd600",
          "borderRadius": 10,
          "color": "#ffd600",
          "elevation": 5,
          "flex": 1,
          "margin": 20,
          "padding": 25,
          "shadowColor": "#ffd600",
        }
      }
    >
      <View />
    </View>
  </View>
</Modal>
`;
