// Jest Snapshot v1, https://goo.gl/fbAQLP

exports[`should match snapshot 1`] = `
<RCTSafeAreaView
  emulateUnlessSupported={true}
  style={
    Object {
      "backgroundColor": "#303030",
      "height": "100%",
    }
  }
>
  <View
    style={
      Object {
        "alignSelf": "center",
        "width": "80%",
      }
    }
  >
    <View />
  </View>
</RCTSafeAreaView>
`;
