// Jest Snapshot v1, https://goo.gl/fbAQLP

exports[`CommentItem should match snapshot 1`] = `
<View
  style={
    {
      "backgroundColor": "#1a1a1a",
      "display": "flex",
      "flexDirection": "row",
      "padding": 20,
    }
  }
>
  <View
    accessible={true}
    collapsable={false}
    focusable={true}
    onBlur={[Function]}
    onClick={[Function]}
    onFocus={[Function]}
    onResponderGrant={[Function]}
    onResponderMove={[Function]}
    onResponderRelease={[Function]}
    onResponderTerminate={[Function]}
    onResponderTerminationRequest={[Function]}
    onStartShouldSetResponder={[Function]}
    style={
      {
        "alignItems": "flex-start",
        "flex": 1,
      }
    }
  >
    <Text
      style={
        {
          "color": "#ababab",
          "fontSize": 30.821917808219176,
          "textDecorationLine": "underline",
        }
      }
    >
      First1
       
      Last1
    </Text>
    <Text
      style={
        {
          "color": "#ffd600",
          "fontSize": 30.821917808219176,
        }
      }
    >
      Test comment
    </Text>
  </View>
</View>
`;
