// Jest Snapshot v1, https://goo.gl/fbAQLP

exports[`GameListItem test matches snapshot 1`] = `
<View
  style={
    {
      "display": "flex",
      "flexDirection": "row",
      "marginBottom": 5,
    }
  }
>
  <View
    style={
      {
        "alignSelf": "center",
        "flex": 1,
      }
    }
  >
    <View
      accessible={true}
      collapsable={false}
      focusable={false}
      onClick={[Function]}
      onResponderGrant={[Function]}
      onResponderMove={[Function]}
      onResponderRelease={[Function]}
      onResponderTerminate={[Function]}
      onResponderTerminationRequest={[Function]}
      onStartShouldSetResponder={[Function]}
      style={
        {
          "opacity": 1,
        }
      }
    >
      <Text
        style={
          {
            "color": "#ababab",
            "fontSize": 41.0958904109589,
            "fontWeight": "bold",
          }
        }
      >
        vs. Sockeye
      </Text>
      <Text
        style={
          {
            "color": "#ffd600",
            "fontSize": 20.54794520547945,
            "fontWeight": "bold",
          }
        }
      >
        3 - 0
      </Text>
    </View>
  </View>
</View>
`;
