// Jest Snapshot v1, https://goo.gl/fbAQLP

exports[`should match snapshot 1`] = `
<View
  style={
    {
      "backgroundColor": "#303030",
      "borderColor": "#ffd600",
      "borderRadius": 8,
      "borderWidth": 1,
      "color": "#ffd600",
      "elevation": 10,
      "marginLeft": 5,
      "marginRight": 5,
      "marginTop": 10,
      "shadowColor": "#ffd600",
    }
  }
>
  <View
    accessibilityState={
      {
        "busy": undefined,
        "checked": undefined,
        "disabled": undefined,
        "expanded": undefined,
        "selected": undefined,
      }
    }
    accessibilityValue={
      {
        "max": undefined,
        "min": undefined,
        "now": undefined,
        "text": undefined,
      }
    }
    accessible={true}
    collapsable={false}
    focusable={true}
    onBlur={[Function]}
    onClick={[Function]}
    onFocus={[Function]}
    onResponderGrant={[Function]}
    onResponderMove={[Function]}
    onResponderRelease={[Function]}
    onResponderTerminate={[Function]}
    onResponderTerminationRequest={[Function]}
    onStartShouldSetResponder={[Function]}
    testID="game-card-pressable"
  >
    <View
      collapsable={false}
      style={
        {
          "alignSelf": "flex-end",
          "backgroundColor": "red",
          "borderRadius": 5,
          "height": 10,
          "marginRight": 5,
          "marginTop": 5,
          "opacity": 0,
          "width": 10,
        }
      }
    />
    <View
      style={
        {
          "color": "#ffd600",
          "display": "flex",
          "flexDirection": "row",
          "paddingLeft": 5,
          "paddingRight": 5,
          "paddingTop": 5,
        }
      }
    >
      <View
        style={
          {
            "flex": 1,
          }
        }
      >
        <Text
          style={
            {
              "color": "#7AC6FF",
              "fontSize": 20,
              "fontWeight": "bold",
            }
          }
        >
          Name 1
        </Text>
        <Text
          style={
            {
              "color": "#ffd600",
            }
          }
        >
          @
          placename1
        </Text>
      </View>
      <Text
        style={
          {
            "color": "#7AC6FF",
            "fontSize": 20,
            "fontWeight": "bold",
          }
        }
      >
        10
      </Text>
    </View>
    <View
      style={
        {
          "color": "#ffd600",
          "display": "flex",
          "flexDirection": "row",
          "paddingLeft": 5,
          "paddingRight": 5,
          "paddingTop": 5,
        }
      }
    >
      <View
        style={
          {
            "flex": 1,
          }
        }
      >
        <Text
          style={
            {
              "color": "#7AC6FF",
              "fontSize": 20,
              "fontWeight": "bold",
            }
          }
        >
          Name 2
        </Text>
        <Text
          style={
            {
              "color": "#ffd600",
            }
          }
        >
          @
          placename2
        </Text>
      </View>
      <Text
        style={
          {
            "color": "#7AC6FF",
            "fontSize": 20,
            "fontWeight": "bold",
          }
        }
      >
        7
      </Text>
    </View>
    <View
      style={
        {
          "alignSelf": "flex-end",
          "display": "flex",
          "flexDirection": "row",
        }
      }
    >
      <Text
        style={
          {
            "alignSelf": "center",
            "color": "#ffd600",
            "fontSize": 16,
            "fontWeight": "600",
          }
        }
      >
        Game to 
        15
      </Text>
      <View
        collapsable={false}
        style={
          {
            "backgroundColor": "transparent",
            "borderRadius": 20,
            "height": 40,
            "margin": 6,
            "shadowColor": "#000",
            "shadowOffset": {
              "height": 0,
              "width": 0,
            },
            "shadowOpacity": 0,
            "shadowRadius": 0,
            "width": 40,
          }
        }
        testID="go-button-container-outer-layer"
      >
        <View
          collapsable={false}
          style={
            {
              "backgroundColor": "transparent",
              "borderColor": "rgba(121, 116, 126, 1)",
              "borderRadius": 20,
              "borderWidth": 0,
              "elevation": 0,
              "flex": 1,
              "overflow": "hidden",
              "shadowColor": "#000",
              "shadowOffset": {
                "height": 0,
                "width": 0,
              },
              "shadowOpacity": 0,
              "shadowRadius": 0,
            }
          }
          testID="go-button-container"
        >
          <View
            accessibilityComponentType="button"
            accessibilityRole="button"
            accessibilityState={
              {
                "busy": undefined,
                "checked": undefined,
                "disabled": true,
                "expanded": undefined,
                "selected": undefined,
              }
            }
            accessibilityTraits="button"
            accessibilityValue={
              {
                "max": undefined,
                "min": undefined,
                "now": undefined,
                "text": undefined,
              }
            }
            accessible={true}
            centered={true}
            collapsable={false}
            focusable={true}
            hitSlop={
              {
                "bottom": 6,
                "left": 6,
                "right": 6,
                "top": 6,
              }
            }
            onBlur={[Function]}
            onClick={[Function]}
            onFocus={[Function]}
            onResponderGrant={[Function]}
            onResponderMove={[Function]}
            onResponderRelease={[Function]}
            onResponderTerminate={[Function]}
            onResponderTerminationRequest={[Function]}
            onStartShouldSetResponder={[Function]}
            style={
              [
                {
                  "overflow": "hidden",
                },
                [
                  {
                    "alignItems": "center",
                    "flexGrow": 1,
                    "justifyContent": "center",
                  },
                  {
                    "borderRadius": 20,
                  },
                ],
              ]
            }
            testID="go-button"
          >
            <Text
              accessibilityElementsHidden={true}
              allowFontScaling={false}
              importantForAccessibility="no-hide-descendants"
              pointerEvents="none"
              selectable={false}
              style={
                [
                  {
                    "color": "#ffd600",
                    "fontSize": 24,
                  },
                  [
                    {
                      "lineHeight": 24,
                      "transform": [
                        {
                          "scaleX": 1,
                        },
                      ],
                    },
                    {
                      "backgroundColor": "transparent",
                    },
                  ],
                  {
                    "fontFamily": "Material Design Icons",
                    "fontStyle": "normal",
                    "fontWeight": "normal",
                  },
                  {},
                ]
              }
            >
              ó°…‚
            </Text>
          </View>
        </View>
      </View>
    </View>
  </View>
</View>
`;
