// Jest Snapshot v1, https://goo.gl/fbAQLP

exports[`should match snapshot 1`] = `
<View
  accessible={true}
  collapsable={false}
  focusable={true}
  onClick={[Function]}
  onResponderGrant={[Function]}
  onResponderMove={[Function]}
  onResponderRelease={[Function]}
  onResponderTerminate={[Function]}
  onResponderTerminationRequest={[Function]}
  onStartShouldSetResponder={[Function]}
  style={
    {
      "flexDirection": "column",
      "opacity": 1,
    }
  }
>
  <Text
    allowFontScaling={false}
    selectable={false}
    style={
      [
        {
          "color": "#ffd600",
          "fontSize": 25,
        },
        {
          "alignSelf": "center",
          "margin": 0,
          "padding": 0,
        },
        {
          "fontFamily": "Material Design Icons",
          "fontStyle": "normal",
          "fontWeight": "normal",
        },
        {},
      ]
    }
    testID="icon-button"
  >
    ó°‡°
  </Text>
  <Text
    style={
      {
        "color": "#ffd600",
        "margin": 0,
        "padding": 0,
      }
    }
  >
    text
  </Text>
</View>
`;
