// Jest Snapshot v1, https://goo.gl/fbAQLP

exports[`NetInfoIndicator with reachable internet 1`] = `
<View
  style={
    {
      "display": "flex",
      "flexDirection": "row",
    }
  }
>
  <View
    collapsable={false}
    style={
      {
        "backgroundColor": "transparent",
        "borderRadius": 18,
        "height": 36,
        "margin": 0,
        "shadowColor": "#000",
        "shadowOffset": {
          "height": 0,
          "width": 0,
        },
        "shadowOpacity": 0,
        "shadowRadius": 0,
        "width": 36,
      }
    }
    testID="icon-button-container-outer-layer"
  >
    <View
      collapsable={false}
      style={
        {
          "backgroundColor": "transparent",
          "borderColor": "rgba(121, 116, 126, 1)",
          "borderRadius": 18,
          "borderWidth": 0,
          "elevation": 0,
          "flex": 1,
          "overflow": "hidden",
          "shadowColor": "#000",
          "shadowOffset": {
            "height": 0,
            "width": 0,
          },
          "shadowOpacity": 0,
          "shadowRadius": 0,
        }
      }
      testID="icon-button-container"
    >
      <View
        accessibilityComponentType="button"
        accessibilityRole="button"
        accessibilityState={
          {
            "busy": undefined,
            "checked": undefined,
            "disabled": true,
            "expanded": undefined,
            "selected": undefined,
          }
        }
        accessibilityTraits="button"
        accessibilityValue={
          {
            "max": undefined,
            "min": undefined,
            "now": undefined,
            "text": undefined,
          }
        }
        accessible={true}
        centered={true}
        collapsable={false}
        focusable={true}
        hitSlop={
          {
            "bottom": 6,
            "left": 6,
            "right": 6,
            "top": 6,
          }
        }
        onBlur={[Function]}
        onClick={[Function]}
        onFocus={[Function]}
        onResponderGrant={[Function]}
        onResponderMove={[Function]}
        onResponderRelease={[Function]}
        onResponderTerminate={[Function]}
        onResponderTerminationRequest={[Function]}
        onStartShouldSetResponder={[Function]}
        style={
          [
            {
              "overflow": "hidden",
            },
            [
              {
                "alignItems": "center",
                "flexGrow": 1,
                "justifyContent": "center",
              },
              {
                "borderRadius": 18,
              },
            ],
          ]
        }
        testID="icon-button"
      >
        <Text
          accessibilityElementsHidden={true}
          allowFontScaling={false}
          importantForAccessibility="no-hide-descendants"
          pointerEvents="none"
          selectable={false}
          style={
            [
              {
                "color": "#40dd50",
                "fontSize": 20,
              },
              [
                {
                  "lineHeight": 20,
                  "transform": [
                    {
                      "scaleX": 1,
                    },
                  ],
                },
                {
                  "backgroundColor": "transparent",
                },
              ],
              {
                "fontFamily": "Material Design Icons",
                "fontStyle": "normal",
                "fontWeight": "normal",
              },
              {},
            ]
          }
        >
          ó°£¸
        </Text>
      </View>
    </View>
  </View>
  <div>
    Network status indicator
  </div>
</View>
`;
