// Jest Snapshot v1, https://goo.gl/fbAQLP

exports[`matches snapshot 1`] = `
<Text
  style={
    Array [
      Object {
        "color": "#3183ff",
        "fontSize": 82.1917808219178,
        "fontWeight": "bold",
      },
      undefined,
    ]
  }
>
  Login
</Text>
`;
