// Jest Snapshot v1, https://goo.gl/fbAQLP

exports[`test match snapshot 1`] = `
<View
  collapsable={false}
  style={
    {
      "alignSelf": undefined,
      "bottom": undefined,
      "end": undefined,
      "left": undefined,
      "position": undefined,
      "right": undefined,
      "shadowColor": "#000",
      "shadowOffset": {
        "height": 0,
        "width": 0,
      },
      "shadowOpacity": 0,
      "shadowRadius": 0,
      "start": undefined,
      "top": undefined,
    }
  }
>
  <View
    collapsable={false}
    style={
      {
        "shadowColor": "#000",
        "shadowOffset": {
          "height": 0,
          "width": 0,
        },
        "shadowOpacity": 0,
        "shadowRadius": 0,
      }
    }
  >
    <View
      collapsable={false}
      style={
        {
          "backgroundColor": "transparent",
          "borderColor": "#ffd600",
          "borderRadius": 20,
          "borderStyle": "solid",
          "borderWidth": 1,
          "minWidth": 64,
        }
      }
    >
      <View
        accessibilityRole="button"
        accessibilityState={
          {
            "disabled": false,
          }
        }
        accessible={true}
        collapsable={false}
        focusable={true}
        onBlur={[Function]}
        onClick={[Function]}
        onFocus={[Function]}
        onResponderGrant={[Function]}
        onResponderMove={[Function]}
        onResponderRelease={[Function]}
        onResponderTerminate={[Function]}
        onResponderTerminationRequest={[Function]}
        onStartShouldSetResponder={[Function]}
        style={
          [
            {
              "overflow": "hidden",
            },
            false,
            {
              "borderRadius": 20,
            },
          ]
        }
        testID="button"
      >
        <View
          style={
            [
              {
                "alignItems": "center",
                "flexDirection": "row",
                "justifyContent": "center",
              },
              undefined,
            ]
          }
        >
          <Text
            numberOfLines={1}
            selectable={false}
            style={
              [
                {
                  "color": "rgba(28, 27, 31, 1)",
                  "fontFamily": "System",
                  "fontSize": 14,
                  "fontWeight": "500",
                  "letterSpacing": 0.1,
                  "lineHeight": 20,
                },
                {
                  "textAlign": "left",
                },
                {
                  "writingDirection": "ltr",
                },
                [
                  {
                    "marginHorizontal": 16,
                    "marginVertical": 9,
                    "textAlign": "center",
                  },
                  false,
                  {
                    "marginHorizontal": 24,
                    "marginVertical": 10,
                  },
                  undefined,
                  {
                    "textTransform": "uppercase",
                  },
                  {
                    "color": "#ffd600",
                    "fontFamily": "System",
                    "fontSize": 14,
                    "fontWeight": "500",
                    "letterSpacing": 0.1,
                    "lineHeight": 20,
                  },
                  undefined,
                ],
              ]
            }
          >
            Text
          </Text>
        </View>
      </View>
    </View>
  </View>
</View>
`;
