// Jest Snapshot v1, https://goo.gl/fbAQLP

exports[`matches snapshot 1`] = `
<View
  style={
    Object {
      "display": "flex",
      "flexDirection": "row",
      "marginBottom": 5,
    }
  }
>
  <View
    style={
      Object {
        "alignSelf": "center",
        "flex": 1,
      }
    }
  >
    <View
      accessible={true}
      collapsable={false}
      focusable={false}
      nativeID="animatedComponent"
      onClick={[Function]}
      onResponderGrant={[Function]}
      onResponderMove={[Function]}
      onResponderRelease={[Function]}
      onResponderTerminate={[Function]}
      onResponderTerminationRequest={[Function]}
      onStartShouldSetResponder={[Function]}
      style={
        Object {
          "opacity": 1,
        }
      }
    >
      <Text
        style={
          Object {
            "color": "#707070",
            "fontSize": 41.0958904109589,
            "fontWeight": "bold",
          }
        }
      >
        Place1 Name1
      </Text>
      <Text
        style={
          Object {
            "color": "#3183ff",
            "fontSize": 41.0958904109589,
            "fontWeight": "bold",
          }
        }
      >
        @
        teamname1
      </Text>
      <Text
        style={
          Object {
            "color": "#3183ff",
            "fontSize": 20.54794520547945,
            "fontWeight": "bold",
          }
        }
      >
        2019
      </Text>
    </View>
  </View>
</View>
`;
