// Jest Snapshot v1, https://goo.gl/fbAQLP

exports[`test matches snapshot 1`] = `
<View>
  <View
    accessibilityState={
      {
        "busy": undefined,
        "checked": undefined,
        "disabled": false,
        "expanded": undefined,
        "selected": undefined,
      }
    }
    accessibilityValue={
      {
        "max": undefined,
        "min": undefined,
        "now": undefined,
        "text": undefined,
      }
    }
    accessible={true}
    collapsable={false}
    focusable={true}
    onClick={[Function]}
    onResponderGrant={[Function]}
    onResponderMove={[Function]}
    onResponderRelease={[Function]}
    onResponderTerminate={[Function]}
    onResponderTerminationRequest={[Function]}
    onStartShouldSetResponder={[Function]}
    style={
      {
        "display": "flex",
        "flexDirection": "row",
        "opacity": 1,
      }
    }
  >
    <View
      style={
        {
          "alignSelf": "center",
          "flex": 1,
        }
      }
    >
      <Text
        style={
          {
            "color": "#CEC6B4",
            "fontSize": 41.0958904109589,
            "fontWeight": "900",
          }
        }
      >
        first last
      </Text>
      <Text
        style={
          {
            "color": "#ffd600",
            "fontSize": 30.821917808219176,
            "fontWeight": "900",
          }
        }
      >
        firstlast
      </Text>
    </View>
    <View
      collapsable={false}
      style={
        {
          "backgroundColor": "transparent",
          "borderRadius": 20,
          "height": 40,
          "margin": 6,
          "shadowColor": "#000",
          "shadowOffset": {
            "height": 0,
            "width": 0,
          },
          "shadowOpacity": 0,
          "shadowRadius": 0,
          "width": 40,
        }
      }
      testID="icon-button-container-outer-layer"
    >
      <View
        collapsable={false}
        style={
          {
            "alignItems": "center",
            "backgroundColor": "transparent",
            "borderColor": "rgba(121, 116, 126, 1)",
            "borderRadius": 20,
            "borderWidth": 0,
            "elevation": 0,
            "flex": 1,
            "justifyContent": "center",
            "overflow": "hidden",
            "shadowColor": "#000",
            "shadowOffset": {
              "height": 0,
              "width": 0,
            },
            "shadowOpacity": 0,
            "shadowRadius": 0,
          }
        }
        testID="icon-button-container"
      >
        <View
          accessibilityComponentType="button"
          accessibilityRole="button"
          accessibilityState={
            {
              "busy": undefined,
              "checked": undefined,
              "disabled": false,
              "expanded": undefined,
              "selected": undefined,
            }
          }
          accessibilityTraits="button"
          accessibilityValue={
            {
              "max": undefined,
              "min": undefined,
              "now": undefined,
              "text": undefined,
            }
          }
          accessible={true}
          centered={true}
          collapsable={false}
          focusable={true}
          hitSlop={
            {
              "bottom": 6,
              "left": 6,
              "right": 6,
              "top": 6,
            }
          }
          onBlur={[Function]}
          onClick={[Function]}
          onFocus={[Function]}
          onResponderGrant={[Function]}
          onResponderMove={[Function]}
          onResponderRelease={[Function]}
          onResponderTerminate={[Function]}
          onResponderTerminationRequest={[Function]}
          onStartShouldSetResponder={[Function]}
          style={
            [
              {
                "overflow": "hidden",
              },
              [
                {
                  "alignItems": "center",
                  "flexGrow": 1,
                  "justifyContent": "center",
                },
                {
                  "borderRadius": 20,
                },
              ],
            ]
          }
          testID="icon-button"
        >
          <Text
            accessibilityElementsHidden={true}
            allowFontScaling={false}
            importantForAccessibility="no-hide-descendants"
            pointerEvents="none"
            selectable={false}
            style={
              [
                {
                  "color": "#40dd50",
                  "fontSize": 24,
                },
                [
                  {
                    "lineHeight": 24,
                    "transform": [
                      {
                        "scaleX": 1,
                      },
                    ],
                  },
                  {
                    "backgroundColor": "transparent",
                  },
                ],
                {
                  "fontFamily": "Material Design Icons",
                  "fontStyle": "normal",
                  "fontWeight": "normal",
                },
                {},
              ]
            }
          >
            Û∞êï
          </Text>
        </View>
      </View>
    </View>
  </View>
</View>
`;

exports[`test matches snapshot while loading displays 1`] = `
<View>
  <View
    accessibilityState={
      {
        "busy": undefined,
        "checked": undefined,
        "disabled": true,
        "expanded": undefined,
        "selected": undefined,
      }
    }
    accessibilityValue={
      {
        "max": undefined,
        "min": undefined,
        "now": undefined,
        "text": undefined,
      }
    }
    accessible={true}
    collapsable={false}
    focusable={false}
    onClick={[Function]}
    onResponderGrant={[Function]}
    onResponderMove={[Function]}
    onResponderRelease={[Function]}
    onResponderTerminate={[Function]}
    onResponderTerminationRequest={[Function]}
    onStartShouldSetResponder={[Function]}
    style={
      {
        "display": "flex",
        "flexDirection": "row",
        "opacity": 1,
      }
    }
  >
    <View
      style={
        {
          "alignSelf": "center",
          "flex": 1,
        }
      }
    >
      <Text
        style={
          {
            "color": "#CEC6B4",
            "fontSize": 41.0958904109589,
            "fontWeight": "900",
          }
        }
      >
        first last
      </Text>
      <Text
        style={
          {
            "color": "#ffd600",
            "fontSize": 30.821917808219176,
            "fontWeight": "900",
          }
        }
      >
        firstlast
      </Text>
    </View>
    <ActivityIndicator
      animating={true}
      color="#CEC6B4"
      size="small"
      testID="loading-spinner"
    />
  </View>
</View>
`;
